******************************************************************************
                  TI ARM Linker PC v20.2.7                     
******************************************************************************
>> Linked Fri May 30 14:52:18 2025

OUTPUT FILE NAME:   <HEMAbattery.out>
ENTRY POINT SYMBOL: "_c_int00"  address: 0003f830


MEMORY CONFIGURATION

         name            origin    length      used     unused   attr    fill
----------------------  --------  ---------  --------  --------  ----  --------
  VECTORS               0000c000   00000020  00000020  00000000     X
  KERNEL                0000c020   00004000  00002e7c  00001184  R  X
  FLASH0                00010020   0004ffe0  0003c3a0  00013c40  R  X
  STACKS                08000000   00000400  00000000  00000400  RW  
  KRAM                  08000400   00000200  00000104  000000fc  RW  
  HRAM                  08000600   00002200  00002000  00000200  RW  
  RAM                   08002800   00005800  00004012  000017ee  RW  


SEGMENT ALLOCATION MAP

run origin  load origin   length   init length attrs members
----------  ----------- ---------- ----------- ----- -------
0000c000    0000c000    00002ea0   00002ea0    r-x
  0000c000    0000c000    00000020   00000020    r-x .intvecs
  0000c020    0000c020    00002d5c   00002d5c    r-x .kernelTEXT
  0000ed80    0000ed80    00000120   00000120    r-- .cinit
00010020    00010020    0003c3a0   0003c3a0    r-x
  00010020    00010020    0003b8f8   0003b8f8    r-x .text
  0004b918    0004b918    00000aa8   00000aa8    r-- .const
08000400    08000400    00000104   00000000    rw-
  08000400    08000400    00000104   00000000    rw- .kernelBSS
08000600    08000600    00002000   00000000    rw-
  08000600    08000600    00002000   00000000    rw- .kernelHEAP
08002800    08002800    00004014   00000000    rw-
  08002800    08002800    00003db6   00000000    rw- .bss
  080065b8    080065b8    0000025c   00000000    rw- .data


SECTION ALLOCATION MAP

 output                                  attributes/
section   page    origin      length       input sections
--------  ----  ----------  ----------   ----------------
.intvecs   0    0000c000    00000020     
                  0000c000    00000020     sys_intvecs.obj (.intvecs)

.kernelTEXT 
*          0    0000c020    00002d5c     
                  0000c020    000003b0     os_portasm.obj (.kernelTEXT)
                  0000c3d0    00000314     os_queue.obj (.kernelTEXT:xQueueGenericReceive)
                  0000c6e4    000002c0     os_queue.obj (.kernelTEXT:xQueueGenericSend)
                  0000c9a4    00000274     os_port.obj (.kernelTEXT:vPortStoreTaskMPUSettings)
                  0000cc18    00000268     os_heap.obj (.kernelTEXT:pvPortMalloc)
                  0000ce80    00000254     os_tasks.obj (.kernelTEXT:xTaskIncrementTick)
                  0000d0d4    00000244     os_tasks.obj (.kernelTEXT:prvInitialiseNewTask)
                  0000d318    000001d4     os_tasks.obj (.kernelTEXT:xTaskResumeAll)
                  0000d4ec    00000174     os_queue.obj (.kernelTEXT:prvCopyDataToQueue)
                  0000d660    00000174     os_tasks.obj (.kernelTEXT:vTaskDelayUntil)
                  0000d7d4    00000170     os_tasks.obj (.kernelTEXT:xTaskPriorityDisinherit)
                  0000d944    00000168     os_tasks.obj (.kernelTEXT:vTaskPriorityInherit)
                  0000daac    00000144     os_tasks.obj (.kernelTEXT:xTaskCheckForTimeOut)
                  0000dbf0    00000140     os_tasks.obj (.kernelTEXT:prvAddCurrentTaskToDelayedList)
                  0000dd30    0000013c     os_tasks.obj (.kernelTEXT:prvAddNewTaskToReadyList)
                  0000de6c    00000128     os_queue.obj (.kernelTEXT:xQueueGenericReset)
                  0000df94    0000010c     os_queue.obj (.kernelTEXT:prvUnlockQueue)
                  0000e0a0    00000108     os_tasks.obj (.kernelTEXT:xTaskRemoveFromEventList)
                  0000e1a8    00000100     os_heap.obj (.kernelTEXT:vPortFree)
                  0000e2a8    000000f4     os_tasks.obj (.kernelTEXT:vTaskSwitchContext)
                  0000e39c    000000f0     os_port.obj (.kernelTEXT:pxPortInitialiseStack)
                  0000e48c    000000e4     os_tasks.obj (.kernelTEXT:xTaskCreate)
                  0000e570    000000b8     os_tasks.obj (.kernelTEXT:prvGetExpectedIdleTime)
                  0000e628    000000b4     os_tasks.obj (.kernelTEXT:prvCheckTasksWaitingTermination)
                  0000e6dc    000000b4     os_tasks.obj (.kernelTEXT:vTaskStartScheduler)
                  0000e790    000000b0     os_queue.obj (.kernelTEXT:xQueueGenericCreate)
                  0000e840    000000ac     os_tasks.obj (.kernelTEXT:prvInitialiseTaskLists)
                  0000e8ec    00000088     os_tasks.obj (.kernelTEXT:vTaskDelay)
                  0000e974    00000078     os_queue.obj (.kernelTEXT:prvCopyDataFromQueue)
                  0000e9ec    00000078     os_tasks.obj (.kernelTEXT:prvDeleteTCB)
                  0000ea64    0000006c     os_queue.obj (.kernelTEXT:prvInitialiseNewQueue)
                  0000ead0    00000058     os_tasks.obj (.kernelTEXT:xTaskGetSchedulerState)
                  0000eb28    00000054     os_queue.obj (.kernelTEXT:prvInitialiseMutex)
                  0000eb7c    00000048     os_tasks.obj (.kernelTEXT:vTaskPlaceOnEventList)
                  0000ebc4    00000048     os_tasks.obj (.kernelTEXT:vTaskSetTimeOutState)
                  0000ec0c    00000044     os_queue.obj (.kernelTEXT:prvIsQueueFull)
                  0000ec50    00000044     os_queue.obj (.kernelTEXT:xQueueCreateMutex)
                  0000ec94    0000003c     os_queue.obj (.kernelTEXT:prvIsQueueEmpty)
                  0000ecd0    00000038     os_tasks.obj (.kernelTEXT:pvTaskIncrementMutexHeldCount)
                  0000ed08    00000028     os_port.obj (.kernelTEXT:xPortStartScheduler)
                  0000ed30    00000020     os_tasks.obj (.kernelTEXT:xTaskGetTickCount)
                  0000ed50    00000018     os_tasks.obj (.kernelTEXT:vTaskSuspendAll)
                  0000ed68    00000014     os_tasks.obj (.kernelTEXT:vTaskMissedYield)

.cinit     0    0000ed80    00000120     
                  0000ed80    000000d5     (.cinit..data.load) [load image, compression = lzss]
                  0000ee55    00000003     --HOLE-- [fill = 0]
                  0000ee58    0000000c     (__TI_handler_table)
                  0000ee64    00000009     (.cinit..kernelBSS.load) [load image, compression = lzss]
                  0000ee6d    00000003     --HOLE-- [fill = 0]
                  0000ee70    00000008     (.cinit..bss.load) [load image, compression = zero_init]
                  0000ee78    00000008     (.cinit..kernelHEAP.load) [load image, compression = zero_init]
                  0000ee80    00000020     (__TI_cinit_table)

.text      0    00010020    0003b8f8     
                  00010020    00012434     LC3PT_HEMABATTERY.obj (.text:LC_PT_Init_HEMABATTERY)
                  00022454    00008360     lcpu___hemabattery.obj (.text:lcpu___HEMABATTERY)
                  0002a7b4    00001c68     lcfu___bcu_fault_codes.obj (.text:lcfu___BCU_FAULT_CODES)
                  0002c41c    000016ec     lcfu___cms_ivt.obj (.text:lcfu___CMS_IVT)
                  0002db08    000011f8     rtsv7R4_A_be_eabi.lib : _scanfi.c.obj (.text:__TI_scanfi)
                  0002ed00    00000e8c                           : e_pow.c.obj (.text:pow)
                  0002fb8c    00000d40     lcfu___essstate1.obj (.text:lcfu___ESSSTATE1)
                  000308cc    00000a88     bq76pl455.obj (.text:PLchain_init)
                  00031354    000009a0     lcfu___bcu_state_message.obj (.text:lcfu___BCU_STATE_MESSAGE)
                  00031cf4    00000980     battStack.obj (.text:BATTSTACK)
                  00032674    000007d0     main.obj (.text:init_LOGICAD)
                  00032e44    0000076c     bq76pl455.obj (.text:PLfaults)
                  000335b0    00000694     lcfu___chargestate.obj (.text:lcfu___CHARGESTATE)
                  00033c44    00000688     lcfu___gui.obj (.text:lcfu___GUI)
                  000342cc    00000680     ConfigRead.obj (.text:ConfigRead)
                  0003494c    00000664     rtsv7R4_A_be_eabi.lib : strtod.c.obj (.text:strtod)
                  00034fb0    00000658     lcfu___battstackinfo.obj (.text:lcfu___BATTSTACKINFO)
                  00035608    00000608     lcfu___prechargecan.obj (.text:lcfu___PRECHARGECAN)
                  00035c10    00000600     adc_tms.obj (.text:adcGroupGetData)
                  00036210    000005e8     lcfu___max_min_voltage_status.obj (.text:lcfu___MAX_MIN_VOLTAGE_STATUS)
                  000367f8    000005e4     lcfu___bamtx.obj (.text:lcfu___BAMTX)
                  00036ddc    000005a8     lcfu___bcu_status2.obj (.text:lcfu___BCU_STATUS2)
                  00037384    0000058c     lcfu___canrecv.obj (.text:lcfu___CANRECV)
                  00037910    0000058c     rtsv7R4_A_be_eabi.lib : e_log.c.obj (.text:log)
                  00037e9c    00000528     lcfu___socstate.obj (.text:lcfu___SOCSTATE)
                  000383c4    00000514     lcfu___battstack.obj (.text:lcfu___BATTSTACK)
                  000388d8    00000510     bq76pl455.obj (.text:PL455_writeReg)
                  00038de8    00000508     lcfu___bcu_cell_status.obj (.text:lcfu___BCU_CELL_STATUS)
                  000392f0    00000504     lcfu___balance_isz.obj (.text:lcfu___BALANCE_ISZ)
                  000397f4    000004e8     lcfu___cansend.obj (.text:lcfu___CANSEND)
                  00039cdc    000004a8     lcfu___bcu_id.obj (.text:lcfu___BCU_ID)
                  0003a184    00000468     lcfu___bcu_battery_status.obj (.text:lcfu___BCU_BATTERY_STATUS)
                  0003a5ec    00000464     spi.obj (.text:spiInit)
                  0003aa50    000003c8     lcfu___hvcu_control_state.obj (.text:lcfu___HVCU_CONTROL_STATE)
                  0003ae18    000003bc     lcfu___wflt.obj (.text:lcfu___WFLT)
                  0003b1d4    000003ac     lcfu___can_test.obj (.text:lcfu___CAN_TEST)
                  0003b580    000003a8     sys_selftest.obj (.text:errata_PBIST_4)
                  0003b928    0000039c     lcfu___fmemw_real.obj (.text:lcfu___FMEMW_REAL)
                  0003bcc4    00000398     lcfu___ampmulttempdis.obj (.text:lcfu___AMPMULTTEMPDIS)
                  0003c05c    0000038c     rtsv7R4_A_be_eabi.lib : e_logf.c.obj (.text:logf)
                  0003c3e8    00000344     lcfu___dgtin.obj (.text:lcfu___DGTIN)
                  0003c72c    00000330     lcfu___safety_power.obj (.text:lcfu___SAFETY_POWER)
                  0003ca5c    00000328     lcfu___hvcu_config.obj (.text:lcfu___HVCU_CONFIG)
                  0003cd84    00000324     rtsv7R4_A_be_eabi.lib : e_fmod.c.obj (.text:fmod)
                  0003d0a8    00000320     lcfu___ampmulttemp.obj (.text:lcfu___AMPMULTTEMP)
                  0003d3c8    000002f8     isabelcfg.obj (.text:isabelConfig)
                  0003d6c0    000002ec     lcfu___ampmultvoltchar.obj (.text:lcfu___AMPMULTVOLTCHAR)
                  0003d9ac    000002e8     lcfu___ampmultvoltdisc.obj (.text:lcfu___AMPMULTVOLTDISC)
                  0003dc94    000002d0     sys_core.obj (.text)
                  0003df64    000002c8     rtsv7R4_A_be_eabi.lib : strtoll.c.obj (.text:strtoll)
                  0003e22c    000002c0     lcfu___wbit.obj (.text:lcfu___WBIT)
                  0003e4ec    000002b4     rtsv7R4_A_be_eabi.lib : ull_div32.asm.obj (.text)
                  0003e7a0    00000298     sys_selftest.obj (.text:checkRAMECC)
                  0003ea38    00000288     spi.obj (.text:spi3HighInterruptLevel)
                  0003ecc0    00000274     isabellaCan.obj (.text:ISABELLA_init)
                  0003ef34    00000268     sys_vim.obj (.text:vimParityErrorHandler)
                  0003f19c    00000240     rtsv7R4_A_be_eabi.lib : strtoull.c.obj (.text:strtoull)
                  0003f3dc    00000238     sys_selftest.obj (.text:pbistSelfCheck)
                  0003f614    0000021c     bq76pl455.obj (.text:PLnode_getChannels)
                  0003f830    00000214     sys_startup.obj (.text:_c_int00)
                  0003fa44    00000214     rtsv7R4_A_be_eabi.lib : fd_add32.asm.obj (.text)
                  0003fc58    000001f4                           : strtol.c.obj (.text:strtol)
                  0003fe4c    000001ec     flash_task.obj (.text:Flash_Task_Handler)
                  00040038    000001ec     rtsv7R4_A_be_eabi.lib : e_sqrt.c.obj (.text:sqrt)
                  00040224    000001e4     IS25.obj (.text:IS25_progMem_reduced)
                  00040408    000001e4     bq76pl455.obj (.text:PL455_writeFrame)
                  000405ec    000001c4     canbus.obj (.text:canbusTx)
                  000407b0    000001c0     uart_ext.obj (.text:UARTx_sendData)
                  00040970    000001c0     adc.obj (.text:adcInit)
                  00040b30    000001b8     plStack.obj (.text:PLstack_init)
                  00040ce8    000001b8     lcfu___rbit.obj (.text:lcfu___RBIT)
                  00040ea0    000001b8     rtsv7R4_A_be_eabi.lib : strtoul.c.obj (.text:strtoul)
                  00041058    000001a4     IS25.obj (.text:IS25_writeMem)
                  000411fc    00000194     rtsv7R4_A_be_eabi.lib : e_fmodf.c.obj (.text:fmodf)
                  00041390    00000194     lcfu___arr2val.obj (.text:lcfu___ARR2VAL)
                  00041524    00000194     lcfu___updowncnttim.obj (.text:lcfu___UPDOWNCNTTIM)
                  000416b8    00000190     adc.obj (.text:adcGetData)
                  00041848    00000190     rtsv7R4_A_be_eabi.lib : fd_div32.asm.obj (.text)
                  000419d8    00000188     errata_SSWF021_45.obj (.text:_errata_SSWF021_45_pll1)
                  00041b60    00000180     rtsv7R4_A_be_eabi.lib : memcpy32.asm.obj (.text)
                  00041ce0    0000017c     plStack.obj (.text:PLstack_getFault)
                  00041e5c    0000017c     canbus.obj (.text:canbusReceive)
                  00041fd8    00000168     bq76pl455.obj (.text:PL455_frmFsmDecode)
                  00042140    00000160     lcfu___ntc.obj (.text:lcfu___NTC)
                  000422a0    00000158     esm.obj (.text:esmInit)
                  000423f8    00000158     rtsv7R4_A_be_eabi.lib : s_floor.c.obj (.text:floor)
                  00042550    0000014c     bq76pl455.obj (.text:PL455_readReg)
                  0004269c    00000148     bq76pl455.obj (.text:PLchain_minAuxSense)
                  000427e4    00000140     canbus.obj (.text:canbusInit)
                  00042924    00000140     os_heap.obj (.text:prvHeapInit)
                  00042a64    00000140     os_heap.obj (.text:prvInsertBlockIntoFreeList)
                  00042ba4    0000013c     spiRxTx.obj (.text:SPI_txBuffer)
                  00042ce0    0000013c     canbus.obj (.text:canbusSetBoxRx)
                  00042e1c    0000013c     lcfu___socisz.obj (.text:lcfu___SOCISZ)
                  00042f58    0000013b     bq76pl455.obj (.text:PLchain_displayChannelVoltages)
                  00043093    00000001     --HOLE-- [fill = 0]
                  00043094    00000138     lcfu___flash.obj (.text:lcfu___FLASH)
                  000431cc    00000134     lcfu_iec61131__TP.obj (.text:lcfu_iec61131__TP)
                  00043300    00000134     rtsv7R4_A_be_eabi.lib : fs_add32.asm.obj (.text)
                  00043434    00000134     sci.obj (.text:sciInit)
                  00043568    00000134     spi.obj (.text:spiSendAndGetData)
                  0004369c    00000130     bq76pl455.obj (.text:PLchain_maxAuxSense)
                  000437cc    00000130     canbus.obj (.text:canbusSend)
                  000438fc    00000128     bq76pl455.obj (.text:PLchain_sampleAndReadNodeChannels)
                  00043a24    00000128     spiRxTx.obj (.text:SPI_rxBuffer)
                  00043b4c    00000128     rtsv7R4_A_be_eabi.lib : fd_mul32.asm.obj (.text)
                  00043c74    00000120     bq76pl455.obj (.text:PLchain_minCellSense)
                  00043d94    00000120     rtsv7R4_A_be_eabi.lib : s_scalbn.c.obj (.text:scalbn)
                  00043eb4    00000110     lcfu___numofcells.obj (.text:lcfu___NUMOFCELLS)
                  00043fc4    00000110     sys_vim.obj (.text:vimInit)
                  000440d4    0000010c     main.obj (.text:main)
                  000441e0    0000010c     sys_selftest.obj (.text:mibspi1ParityCheck)
                  000442ec    00000108     bq76pl455.obj (.text:PLchain_maxCellSense)
                  000443f4    00000108     lcfu___rmem_real.obj (.text:lcfu___RMEM_REAL)
                  000444fc    00000104     het.obj (.text:hetInit)
                  00044600    00000104     sci.obj (.text:linHighLevelInterrupt)
                  00044704    00000100     lcfu_iec61131__TOF.obj (.text:lcfu_iec61131__TOF)
                  00044804    00000100     lcfu_iec61131__TON.obj (.text:lcfu_iec61131__TON)
                  00044904    000000fc     lcfu_iec61131__CONVERT.obj (.text:LCfu_iec61131__CONVERT_roundhalfeven_impl)
                  00044a00    000000f8     qrb_ex.obj (.text:qrbx_find_char)
                  00044af8    000000f4     plStack.obj (.text:PLstack_aux2CellTab)
                  00044bec    000000f4     canbus.obj (.text:canbusGetBox)
                  00044ce0    000000f0     uart_ext.obj (.text:UARTx_initHW)
                  00044dd0    000000f0     battStack.obj (.text:initializeStack)
                  00044ec0    000000f0     lcfu_iec61131__CTU.obj (.text:lcfu_iec61131__CTU)
                  00044fb0    000000ec     lcfu_iec61131__ENDIAN.obj (.text:LCfu_iec61131__ENDIAN_Swap8)
                  0004509c    000000ec     can64_bit_opr.obj (.text:canBytesToCan64)
                  00045188    000000ec     canbus.obj (.text:canbusSetBoxTx)
                  00045274    000000ec     esm.obj (.text:esmHighInterrupt)
                  00045360    000000e8     dabort.obj (.text)
                  00045448    000000e8     system.obj (.text:mapClocks)
                  00045530    000000e8     rtsv7R4_A_be_eabi.lib : s_modf.c.obj (.text:modf)
                  00045618    000000e8     sys_selftest.obj (.text:pbistRun)
                  00045700    000000e8     uart_ext.obj (.text:sciNotification)
                  000457e8    000000e4     battStack.obj (.text:battStackTask)
                  000458cc    000000e0     lcfu_iec61131__CONVERT.obj (.text:LCfu_iec61131__CONVERT_roundhalfevenF_impl)
                  000459ac    000000e0     bq76pl455.obj (.text:PLchain_avCellSense)
                  00045a8c    000000e0     plStack.obj (.text:PLstack_maxTempAux)
                  00045b6c    000000e0     plStack.obj (.text:PLstack_minTempAux)
                  00045c4c    000000e0     rtsv7R4_A_be_eabi.lib : fd_cmp32.asm.obj (.text:__aeabi_cdcmple)
                  00045d2c    000000e0                           : fd_cmp32.asm.obj (.text:__aeabi_cdrcmple)
                  00045e0c    000000e0     chUart_qrbCom.obj (.text:initCellCom_qrb)
                  00045eec    000000e0     sys_pmu.obj (.text)
                  00045fcc    000000dc     sys_selftest.obj (.text:can1ParityCheck)
                  000460a8    000000dc     sys_selftest.obj (.text:can2ParityCheck)
                  00046184    000000d8     main.obj (.text:LC_task)
                  0004625c    000000d8     isabellaCan.obj (.text:isaGetCfgResultData)
                  00046334    000000d4     rtsv7R4_A_be_eabi.lib : fs_div32.asm.obj (.text)
                  00046408    000000d0     errata_SSWF021_45.obj (.text:disable_plls)
                  000464d8    000000d0     os_port.obj (.text:prvSetupTimerInterrupt)
                  000465a8    000000d0     sci.obj (.text:sciSetBaudrate)
                  00046678    000000cc     isabellaCan.obj (.text:ISA_storeConfigItems)
                  00046744    000000cc     plStack.obj (.text:NTCtemp)
                  00046810    000000cc     plStack.obj (.text:PLstack_channelV)
                  000468dc    000000cc     rtsv7R4_A_be_eabi.lib : sscanf.c.obj (.text:_chkmbc)
                  000469a8    000000cc     ConfigRead.obj (.text:getLine)
                  00046a74    000000cc     can_box_deliver.obj (.text:initSystemCanBoxStorage)
                  00046b40    000000cc     system.obj (.text:systemInit)
                  00046c0c    000000c4     isabellaCan.obj (.text:ISA_getDeviceID)
                  00046cd0    000000c4     plStack.obj (.text:PLstack_tempAux)
                  00046d94    000000c4     gio.obj (.text:gioInit)
                  00046e58    000000c4     lcfu___iowr.obj (.text:lcfu___IOWR)
                  00046f1c    000000c4     pinmux.obj (.text:muxInit)
                  00046fe0    000000c4     os_list.obj (.text:vListInsert)
                  000470a4    000000c0     bq76pl455.obj (.text:PLnode_setCellBalThres)
                  00047164    000000c0     sys_selftest.obj (.text:efcStuckZeroTest)
                  00047224    000000c0     sys_selftest.obj (.text:htu1ParityCheck)
                  000472e4    000000c0     sys_selftest.obj (.text:vimParityCheck)
                  000473a4    000000bc     plStack.obj (.text:NTC_tempSteinhartK)
                  00047460    000000b8     sys_selftest.obj (.text:adc1ParityCheck)
                  00047518    000000b4     lcfu___isabelinit.obj (.text:lcfu___ISABELINIT)
                  000475cc    000000b0     sys_selftest.obj (.text:het1ParityCheck)
                  0004767c    000000b0     LC3AppInfo.obj (.text:lc_get_application_info)
                  0004772c    000000b0     rtsv7R4_A_be_eabi.lib : memset32.asm.obj (.text)
                  000477dc    000000b0     tmsOsPeripheral.obj (.text:tmsMutex_getModule)
                  0004788c    000000ac     isabellaCan.obj (.text:ISA_getSerialNumber)
                  00047938    000000ac     isabellaCan.obj (.text:ISA_setMode)
                  000479e4    000000ac     isabellaCan.obj (.text:ISA_setconfigResult)
                  00047a90    000000ac     bq76pl455.obj (.text:PLchain_shutDown)
                  00047b3c    000000ac     bq76pl455.obj (.text:PLchain_totalCellSense)
                  00047be8    000000ac     errata_SSWF021_45.obj (.text:check_frequency)
                  00047c94    000000ac     sys_selftest.obj (.text:checkefcSelfTest)
                  00047d40    000000a8     isabellaCan.obj (.text:emptyIsabelRxCan)
                  00047de8    000000a8     lcfu___tbuffer.obj (.text:lcfu___TBUFFER)
                  00047e90    000000a8     rtsv7R4_A_be_eabi.lib : fs_mul32.asm.obj (.text)
                  00047f38    000000a4     isabellaCan.obj (.text:isaSetCfgResultData)
                  00047fdc    000000a0     lcfu___buffer.obj (.text:lcfu___BUFFER)
                  0004807c    000000a0     lcfu___guicfg_int.obj (.text:lcfu___GUICFG_INT)
                  0004811c    000000a0     lcfu___guicfg_real.obj (.text:lcfu___GUICFG_REAL)
                  000481bc    0000009c     rtsv7R4_A_be_eabi.lib : fd_tos32.asm.obj (.text)
                  00048258    00000098     uart_ext.obj (.text:UARTx_writeChar)
                  000482f0    00000098     rtsv7R4_A_be_eabi.lib : ll_div32.asm.obj (.text)
                  00048388    00000094     bq76pl455.obj (.text:CRC16)
                  0004841c    00000090     rtsv7R4_A_be_eabi.lib : copy_decompress_lzss.c.obj (.text:decompress:lzss:__TI_decompress_lzss)
                  000484ac    0000008c     sys_selftest.obj (.text:efcCheck)
                  00048538    0000008c     rtsv7R4_A_be_eabi.lib : s_modff.c.obj (.text:modff)
                  000485c4    0000008c                           : fd_toll32.asm.obj (.text)
                  00048650    0000008c     os_list.obj (.text:uxListRemove)
                  000486dc    00000088     bq76pl455.obj (.text:PLnode_setCellBalancing)
                  00048764    00000088     rtsv7R4_A_be_eabi.lib : fs_cmp32.asm.obj (.text:__aeabi_cfcmple)
                  000487ec    00000088                           : fs_cmp32.asm.obj (.text:__aeabi_cfrcmple)
                  00048874    00000088     het.obj (.text:het1HighLevelInterrupt)
                  000488fc    00000084     isabellaCan.obj (.text:ISA_getConfigResult)
                  00048980    00000084     rtsv7R4_A_be_eabi.lib : atoi.c.obj (.text:atoi)
                  00048a04    00000084     os_tasks.obj (.text:prvIdleTask)
                  00048a88    00000084     can_box_deliver.obj (.text:pushBoxToCh)
                  00048b0c    00000084     rtsv7R4_A_be_eabi.lib : fs_toll32.asm.obj (.text)
                  00048b90    00000080     isabellaCan.obj (.text:ISA_rxCanWithTmt)
                  00048c10    00000080     bq76pl455.obj (.text:PL455_rxFrame)
                  00048c90    00000080     bq76pl455.obj (.text:PLchain_getBalReg)
                  00048d10    00000080     battStackOsPort.obj (.text:battStackPort_readMail)
                  00048d90    00000080     qrb_ex.obj (.text:qrbx_enqueue)
                  00048e10    0000007c     bq76pl455.obj (.text:PLchain_setCellBalThres)
                  00048e8c    0000007c     plStack.obj (.text:PLstack_cellV)
                  00048f08    0000007c     canbus.obj (.text:canbusWaitForBox)
                  00048f84    0000007c     tps65381.obj (.text:tps65381_readWrite)
                  00049000    00000078     battStackOsPort.obj (.text:battStackPort_sendMail)
                  00049078    00000078     can_box_deliver.obj (.text:getNodeChannel)
                  000490f0    00000078     os_port.obj (.text:prvSetupDefaultMPU)
                  00049168    00000078     system.obj (.text:trimLPO)
                  000491e0    00000074     flash_task.obj (.text:Flash_Que_Init)
                  00049254    00000074     IS25.obj (.text:IS25_init)
                  000492c8    00000074     sys_selftest.obj (.text:pbistFail)
                  0004933c    00000074     qrb_ex.obj (.text:qrbx_dequeue)
                  000493b0    00000074     os_list.obj (.text:vListInsertEnd)
                  00049424    00000070     bq76pl455.obj (.text:PL455_rxFrameWithTimeout)
                  00049494    00000070     bq76pl455.obj (.text:PLchain_clrCellBal)
                  00049504    00000070     flash_box_deliver.obj (.text:initSystemFlashBoxStorage)
                  00049574    00000070     battStack.obj (.text:init_BATTSTACK)
                  000495e4    00000070     main.obj (.text:isTimeout)
                  00049654    00000070     lcfu___iord.obj (.text:lcfu___IORD)
                  000496c4    00000070     can_box_deliver.obj (.text:pullBoxFromCh)
                  00049734    0000006c     IS25.obj (.text:IS25_readMem)
                  000497a0    0000006c     bq76pl455.obj (.text:PLchain_handleFault)
                  0004980c    0000006c     plStack.obj (.text:PLstack_cell2AuxTab)
                  00049878    0000006c     plStack.obj (.text:PLstack_countNodes)
                  000498e4    0000006c     plStack.obj (.text:PLstack_totalCellNum)
                  00049950    0000006c     os_tasks.obj (.text:prvResetNextTaskUnblockTime)
                  000499bc    0000006c     qrb_ex.obj (.text:qrbx_full)
                  00049a28    00000068     spi.obj (.text:SpiRxStatus)
                  00049a90    00000068     spi.obj (.text:SpiTxStatus)
                  00049af8    00000068     rtsv7R4_A_be_eabi.lib : autoinit.c.obj (.text:__TI_auto_init_nobinit_nopinit:__TI_auto_init_nobinit_nopinit)
                  00049b60    00000068     os_port.obj (.text:prvGetMPURegionSizeSetting)
                  00049bc8    00000068     tmsOsPeripheral.obj (.text:tmsMutex_init)
                  00049c30    00000068     tmsOsPeripheral.obj (.text:tmsMutex_take)
                  00049c98    00000064     os_mpu_wrappers.obj (.text:MPU_xTaskCreate)
                  00049cfc    00000064     sys_selftest.obj (.text:disableParity)
                  00049d60    00000064     sys_selftest.obj (.text:enableParity)
                  00049dc4    00000064     system.obj (.text:periphInit)
                  00049e28    00000060     can64_bit_opr.obj (.text:can64toCanBytes)
                  00049e88    0000005c     lcfu___anlg.obj (.text:lcfu___ANLG)
                  00049ee4    0000005c     sys_selftest.obj (.text:pbistPortTestStatus)
                  00049f40    0000005c     rtsv7R4_A_be_eabi.lib : fd_toi32.asm.obj (.text)
                  00049f9c    0000005c                           : fs_tod32.asm.obj (.text)
                  00049ff8    00000058     gio.obj (.text:gioToggleBit)
                  0004a050    00000058     rtsv7R4_A_be_eabi.lib : fd_tou32.asm.obj (.text)
                  0004a0a8    00000058     system.obj (.text:setupPLL)
                  0004a100    00000058     os_list.obj (.text:vListInitialise)
                  0004a158    00000054     os_mpu_wrappers.obj (.text:MPU_xQueueGenericReceive)
                  0004a1ac    00000054     os_mpu_wrappers.obj (.text:MPU_xQueueGenericSend)
                  0004a200    00000054     memOpr.obj (.text:memRd_F32)
                  0004a254    00000054     rtsv7R4_A_be_eabi.lib : i_div32.asm.obj (.text)
                  0004a2a8    00000054     system.obj (.text:setupFlash)
                  0004a2fc    00000054     rtsv7R4_A_be_eabi.lib : sscanf.c.obj (.text:sscanf)
                  0004a350    00000050     flash_task.obj (.text:Flash_Task_Init)
                  0004a3a0    00000050     IS25.obj (.text:IS25_sectorErase)
                  0004a3f0    00000050     LCAPI_GenCode.obj (.text:LC_GC_EP_callInitCold)
                  0004a440    00000050     gio.obj (.text:gioSetBit)
                  0004a490    00000050     rtsv7R4_A_be_eabi.lib : u_div32.asm.obj (.text)
                  0004a4e0    0000004c     LCAPI_GenCode.obj (.text:LC_GC_EP_callEntry)
                  0004a52c    0000004c     LCAPI_GenCode.obj (.text:LC_GC_Task_getInterval)
                  0004a578    0000004c     LCAPI_GenCode.obj (.text:LC_GC_queryEP)
                  0004a5c4    0000004c     LCAPI_GenCode.obj (.text:LC_GC_queryTask)
                  0004a610    0000004c     os_mpu_wrappers.obj (.text:MPU_xQueueGenericCreate)
                  0004a65c    0000004c     rtsv7R4_A_be_eabi.lib : fs_toi32.asm.obj (.text)
                  0004a6a8    0000004c                           : i_tofs32.asm.obj (.text)
                  0004a6f4    0000004c     tmsOsPeripheral.obj (.text:tmsMutex_give)
                  0004a740    00000048     LCAPI_GenCode.obj (.text:LC_GC_EP_getName)
                  0004a788    00000048     LCAPI_GenCode.obj (.text:LC_GC_EP_getTask)
                  0004a7d0    00000048     LCAPI_GenCode.obj (.text:LC_GC_Task_getName)
                  0004a818    00000048     LCAPI_GenCode.obj (.text:LC_GC_Task_getPriority)
                  0004a860    00000048     lcfu_iec61131__CONVERT.obj (.text:LCfu_iec61131__CONVERT_roundhalfevenF)
                  0004a8a8    00000048     plStack.obj (.text:PLstack_boardBalReg)
                  0004a8f0    00000048     plStack.obj (.text:PLstack_boardCellNum)
                  0004a938    00000048     plStack.obj (.text:PLstack_boardFault)
                  0004a980    00000048     can_box_deliver.obj (.text:pullBoxFromNode)
                  0004a9c8    00000048     can_box_deliver.obj (.text:pushBoxToNode)
                  0004aa10    00000048     qrb_ex.obj (.text:qrbx_init)
                  0004aa58    00000044     isabellaCan.obj (.text:ISA_rxCan)
                  0004aa9c    00000044     lcfu_iec61131__CONVERT.obj (.text:LCfu_iec61131__CONVERT_roundhalfeven_unsigned)
                  0004aae0    00000044     bq76pl455.obj (.text:PLnode_getCellBalancing)
                  0004ab24    00000044     battStackOsPort.obj (.text:battStackPort_init)
                  0004ab68    00000044     sys_selftest.obj (.text:memoryInit)
                  0004abac    00000040     IS25.obj (.text:IS25_rxBuffer)
                  0004abec    00000040     IS25.obj (.text:IS25_txBuffer)
                  0004ac2c    00000040     LCAPI_GenCode.obj (.text:LC_GC_getFingerprint)
                  0004ac6c    00000040     lcfu_iec61131__ENDIAN.obj (.text:LCfu_iec61131__ENDIAN_Swap4)
                  0004acac    00000040     memOpr.obj (.text:isLegalAddr)
                  0004acec    00000040     rtsv7R4_A_be_eabi.lib : ull_tofd32.asm.obj (.text)
                  0004ad2c    00000040     sci.obj (.text:sciEnableNotification)
                  0004ad6c    0000003c     IS25.obj (.text:IS25_transmit)
                  0004ada8    0000003c     LCAPI_GenCode.obj (.text:LC_GC_getCodeImageInfo)
                  0004ade4    0000003c     LCAPI_GenCode.obj (.text:LC_GC_getResourceName)
                  0004ae20    0000003c     LC3PT_HEMABATTERY.obj (.text:LC_PT_Exec_HEMABATTERY)
                  0004ae5c    0000003c     rtsv7R4_A_be_eabi.lib : i_tofd32.asm.obj (.text)
                  0004ae98    00000038     LCAPI_GenCode.obj (.text:LC_GC_getTimerFreq)
                  0004aed0    00000038     sys_selftest.obj (.text:efcSelfTest)
                  0004af08    00000038     sys_selftest.obj (.text:pbistIsTestPassed)
                  0004af40    00000038     rtsv7R4_A_be_eabi.lib : u_tofs32.asm.obj (.text)
                  0004af78    00000034     IS25.obj (.text:IS25_receive)
                  0004afac    00000034     isabellaCan.obj (.text:ISA_txCan)
                  0004afe0    00000034     lcfu_iec61131__CONVERT.obj (.text:LCfu_iec61131__CONVERT_roundhalfevenF_unsigned)
                  0004b014    00000034     LC3_EPDB.obj (.text:LCocc_queryEP)
                  0004b048    00000034     LC3Task.obj (.text:LCocc_queryTASK)
                  0004b07c    00000034     os_mpu_wrappers.obj (.text:MPU_vTaskDelayUntil)
                  0004b0b0    00000034     os_mpu_wrappers.obj (.text:MPU_xQueueCreateMutex)
                  0004b0e4    00000034     main.obj (.text:edgeNotification)
                  0004b118    00000034     rtsv7R4_A_be_eabi.lib : memcmp.c.obj (.text:memcmp)
                  0004b14c    00000034     sys_selftest.obj (.text:pbistStop)
                  0004b180    00000034     qrb_ex.obj (.text:qrbx_empty)
                  0004b1b4    00000034     rtsv7R4_A_be_eabi.lib : u_tofd32.asm.obj (.text)
                  0004b1e8    00000034                           : strncmp.c.obj (.text:strncmp)
                  0004b21c    00000030     LCAPI_GenCode.obj (.text:LC_GC_getNumEPs)
                  0004b24c    00000030     LCAPI_GenCode.obj (.text:LC_GC_getNumTasks)
                  0004b27c    00000030     bq76pl455.obj (.text:PL_channel2V)
                  0004b2ac    00000030     bq76pl455.obj (.text:PL_channel2mv)
                  0004b2dc    00000030     plStack.obj (.text:PLstack_measurement)
                  0004b30c    00000030     adc.obj (.text:adcIsConversionComplete)
                  0004b33c    00000030     flashMutex.obj (.text:init_flashMutex)
                  0004b36c    00000030     flash_box_deliver.obj (.text:pullBoxFromFlash)
                  0004b39c    0000002c     IS25.obj (.text:IS25_waitWIP)
                  0004b3c8    0000002c     os_mpu_wrappers.obj (.text:MPU_vTaskDelay)
                  0004b3f4    0000002c     os_mpu_wrappers.obj (.text:MPU_xTaskGetTickCount)
                  0004b420    0000002c     os_mpu_wrappers.obj (.text:MPU_xTaskResumeAll)
                  0004b44c    0000002c     sys_selftest.obj (.text:pbistIsTestCompleted)
                  0004b478    0000002c     rtsv7R4_A_be_eabi.lib : strrchr.c.obj (.text:strrchr)
                  0004b4a4    00000028     plStack.obj (.text:PLstack_maxCellV)
                  0004b4cc    00000028     plStack.obj (.text:PLstack_minCellV)
                  0004b4f4    00000028     gio.obj (.text:gioGetBit)
                  0004b51c    00000028     rtsv7R4_A_be_eabi.lib : strchr.c.obj (.text:strchr)
                  0004b544    00000024     LC3GV.obj (.text:LC_GV_Init)
                  0004b568    00000024     lcfu_iec61131__ENDIAN.obj (.text:LCfu_iec61131__ENDIAN_Swap2)
                  0004b58c    00000024     os_mpu_wrappers.obj (.text:MPU_vTaskSuspendAll)
                  0004b5b0    00000024     plStack.obj (.text:PLstack_fault)
                  0004b5d4    00000024     rtsv7R4_A_be_eabi.lib : ll_lsl32.asm.obj (.text)
                  0004b5f8    00000024                           : ll_lsr32.asm.obj (.text)
                  0004b61c    00000020     main.obj (.text:LEDs_init)
                  0004b63c    00000020     gio.obj (.text:gioSetDirection)
                  0004b65c    00000020     sci.obj (.text:sciSetFunctional)
                  0004b67c    00000020     rtsv7R4_A_be_eabi.lib : strlen.c.obj (.text:strlen)
                  0004b69c    0000001c     MBRTMain.obj (.text:LC3_qw_get_current_time_ep)
                  0004b6b8    0000001c     main.obj (.text:LED1_off)
                  0004b6d4    0000001c     plStack.obj (.text:PLstack_setBalThres)
                  0004b6f0    0000001c     rtsv7R4_A_be_eabi.lib : sscanf.c.obj (.text:_inpchar)
                  0004b70c    0000001c     notification.obj (.text:memoryPort0TestFailNotification)
                  0004b728    0000001c     sci.obj (.text:sciIsTxReady)
                  0004b744    0000001c     os_list.obj (.text:vListInitialiseItem)
                  0004b760    00000018     plStack.obj (.text:PLstack_avCellV)
                  0004b778    00000018     plStack.obj (.text:PLstack_totalCellV)
                  0004b790    00000018     notification.obj (.text:pwmNotification)
                  0004b7a8    00000018     rtsv7R4_A_be_eabi.lib : strcpy.c.obj (.text:strcpy)
                  0004b7c0    00000014     plStack.obj (.text:PL455_intSet)
                  0004b7d4    00000014     plStack.obj (.text:PLstack_clrBalThres)
                  0004b7e8    00000014     plStack.obj (.text:PLstack_getBalReg)
                  0004b7fc    00000014     system.obj (.text:customTrimLPO)
                  0004b810    00000014     rtsv7R4_A_be_eabi.lib : copy_decompress_none.c.obj (.text:decompress:none:__TI_decompress_none)
                  0004b824    00000014     notification.obj (.text:spiNotification)
                  0004b838    00000010     chUart_qrbCom.obj (.text:Dprintf)
                  0004b848    00000010     plStack.obj (.text:PLstack_commTimeoutMsShutdown)
                  0004b858    00000010     plStack.obj (.text:PLstack_numofBoards)
                  0004b868    00000010     rtsv7R4_A_be_eabi.lib : sscanf.c.obj (.text:_uninpchar)
                  0004b878    00000010                           : copy_zero_init.c.obj (.text:decompress:ZI:__TI_zero_init)
                  0004b888    00000010     notification.obj (.text:esmGroup1Notification)
                  0004b898    00000010     notification.obj (.text:esmGroup2Notification)
                  0004b8a8    00000010     sys_selftest.obj (.text:selftestFailNotification)
                  0004b8b8    00000010     notification.obj (.text:spiEndNotification)
                  0004b8c8    0000000c     plStack.obj (.text:PLstack_shutdown)
                  0004b8d4    0000000c     rtsv7R4_A_be_eabi.lib : errno.c.obj (.text:__aeabi_errno_addr)
                  0004b8e0    0000000c                           : s_copysign.c.obj (.text:copysign)
                  0004b8ec    00000008     LC3_EPDB.obj (.text:LCocc_queryEPCount)
                  0004b8f4    00000008     LC3Task.obj (.text:LCocc_queryTASKCount)
                  0004b8fc    00000008     rtsv7R4_A_be_eabi.lib : exit.c.obj (.text:abort:abort)
                  0004b904    00000004     main.obj (.text:LED2_off)
                  0004b908    00000004     sys_selftest.obj (.text:custom_dabort)
                  0004b90c    00000004     sys_startup.obj (.text:handlePLLLockFail)
                  0004b910    00000004     sys_phantom.obj (.text:phantomInterrupt)
                  0004b914    00000004     rtsv7R4_A_be_eabi.lib : div0.asm.obj (.text)

.const     0    0004b918    00000aa8     
                  0004b918    000003a0     het.obj (.const:het1PROGRAM)
                  0004bcb8    00000200     bq76pl455.obj (.const:crc16_table)
                  0004beb8    00000180     sys_vim.obj (.const:s_vim_init)
                  0004c038    00000101     rtsv7R4_A_be_eabi.lib : ctype.c.obj (.const:.string:_ctypes_)
                  0004c139    00000007                           : _scanfi.c.obj (.const:.string:flit$1)
                  0004c140    00000080                           : strtod.c.obj (.const:digits)
                  0004c1c0    0000004c     LC3AppInfo.obj (.const:.string)
                  0004c20c    00000002     lcfu___fmemw_real.obj (.const:$P$T1$2)
                  0004c20e    00000002     lcfu___fmemw_real.obj (.const:$P$T2$3)
                  0004c210    00000048     rtsv7R4_A_be_eabi.lib : strtod.c.obj (.const:powerof10)
                  0004c258    00000040     lcfu___safety_power.obj (.const:tokenAnswers)
                  0004c298    00000038     bq76pl455.obj (.const:commTimeoutShutdown)
                  0004c2d0    00000020     canbus.obj (.const:canByteOrder)
                  0004c2f0    00000018     lcfu___fmemw_real.obj (.const:$P$T0$1)
                  0004c308    00000018     LC3AppInfo.obj (.const)
                  0004c320    00000010     rtsv7R4_A_be_eabi.lib : e_fmod.c.obj (.const:Zero)
                  0004c330    00000010                           : e_pow.c.obj (.const:bp)
                  0004c340    00000010                           : e_pow.c.obj (.const:dp_h)
                  0004c350    00000010                           : e_pow.c.obj (.const:dp_l)
                  0004c360    0000000f     LC3GV_EPDB.obj (.const:.string)
                  0004c36f    00000001     --HOLE-- [fill = 0]
                  0004c370    0000000c     LC3PI_EPDB_PROGRAM1.obj (.const:.string)
                  0004c37c    0000000c     LC3Task_DEFAULTTASK.obj (.const:.string)
                  0004c388    0000000c     adc.obj (.const:s_adcFiFoSize)
                  0004c394    00000008     isabellaCan.obj (.const:.string:$P$T0$1)
                  0004c39c    00000008     isabellaCan.obj (.const:.string:$P$T1$2)
                  0004c3a4    00000008     isabellaCan.obj (.const:.string:$P$T4$5)
                  0004c3ac    00000008     rtsv7R4_A_be_eabi.lib : e_fmodf.c.obj (.const:Zero)
                  0004c3b4    00000006     isabellaCan.obj (.const:$P$T2$3)
                  0004c3ba    00000006     rtsv7R4_A_be_eabi.lib : _scanfi.c.obj (.const:.string:barr$2)

.kernelBSS 
*          0    08000400    00000104     UNINITIALIZED
                  08000400    000000d0     os_tasks.obj (.kernelBSS:uninit)
                  080004d0    00000034     os_tasks.obj (.kernelBSS:init)

.kernelHEAP 
*          0    08000600    00002000     UNINITIALIZED
                  08000600    00002000     os_heap.obj (.kernelHEAP)

.bss       0    08002800    00003db6     UNINITIALIZED
                  08002800    00003498     (.common:LC_ProgramInstanceData_PROGRAM1)
                  08005c98    00000200     IS25.obj (.bss:flashRAM$2)
                  08005e98    00000138     (.common:plStack)
                  08005fd0    000000ac     (.common:battStack)
                  0800607c    00000090     (.common:isabelcfg)
                  0800610c    00000080     (.common:adcData)
                  0800618c    00000080     (.common:rs_inBuf)
                  0800620c    00000080     (.common:rs_outBuf)
                  0800628c    00000074     (.common:toBattStack)
                  08006300    00000060     (.common:anlgData)
                  08006360    00000048     spi.obj (.bss:g_spiPacket_t)
                  080063a8    00000040     (.common:LC_TASK_StringStackBuffer_DEFAULTTASK)
                  080063e8    00000030     (.common:boxQue)
                  08006418    0000002c     (.common:rsCom)
                  08006444    00000004     (.common:LC_minPriority)
                  08006448    00000028     (.common:logiTask)
                  08006470    00000028     (.common:tmsPrpMutex)
                  08006498    00000024     (.common:boxBuf1)
                  080064bc    00000018     flash_task.obj (.bss:flashRxMessage$1)
                  080064d4    00000018     (.common:rs_in)
                  080064ec    00000018     (.common:rs_out)
                  08006504    00000014     sci.obj (.bss:g_sciTransfer_t)
                  08006518    00000014     (.common:boxBuf2)
                  0800652c    0000000c     (.common:fromBattStack)
                  08006538    00000008     os_heap.obj (.bss:xStart)
                  08006540    00000008     (.common:ticksPerSec)
                  08006548    00000004     (.common:battMailbox)
                  0800654c    00000004     (.common:battStackMutex)
                  08006550    00000004     (.common:bcuMailbox)
                  08006554    00000004     (.common:codeImageInfo)
                  08006558    00000004     (.common:ep)
                  0800655c    00000004     (.common:epIdx)
                  08006560    00000004     (.common:epTask)
                  08006564    00000004     (.common:fingerprint)
                  08006568    00000004     (.common:flashMutex)
                  0800656c    00000004     (.common:flashTaskQueueMailBox)
                  08006570    00000004     (.common:flashTaskResponse)
                  08006574    00000004     (.common:flashboxes)
                  08006578    00000004     (.common:j)
                  0800657c    00000004     (.common:lastMeasurement)
                  08006580    00000004     (.common:lastMeasurement1)
                  08006584    00000004     (.common:lastMeasurement11)
                  08006588    00000004     (.common:lastMeasurement12)
                  0800658c    00000004     (.common:resourceName)
                  08006590    00000004     (.common:safetyTick)
                  08006594    00000004     (.common:task)
                  08006598    00000004     (.common:taskIdx)
                  0800659c    00000004     (.common:testTick)
                  080065a0    00000004     (.common:usart1in)
                  080065a4    00000004     (.common:usart1out)
                  080065a8    00000004     (.common:usart2in)
                  080065ac    00000004     (.common:usart2out)
                  080065b0    00000002     flash_task.obj (.bss:fResponseTxMessage$2)
                  080065b2    00000001     (.common:currentTokenValue)
                  080065b3    00000001     (.common:flashTaskState)
                  080065b4    00000001     (.common:g_LC3_GVInstanceData)
                  080065b5    00000001     (.common:tpsstate)

.data      0    080065b8    0000025c     UNINITIALIZED
                  080065b8    00000088     LC3GV_EPDB.obj (.data:LC_vg_GV_EPDB)
                  08006640    00000088     LC3PI_EPDB_PROGRAM1.obj (.data:LC_vg_PI_EPDB_PROGRAM1)
                  080066c8    00000050     isabellaCan.obj (.data:isaRx)
                  08006718    00000048     LC3Task_DEFAULTTASK.obj (.data:LC_vg_Task_DEFAULTTASK)
                  08006760    00000030     can_box_deliver.obj (.data:canDeliverLines)
                  08006790    00000010     isabellaCan.obj (.data:isaTx)
                  080067a0    00000010     main.obj (.data)
                  080067b0    00000010     os_heap.obj (.data)
                  080067c0    0000000c     LC3Task_DEFAULTTASK.obj (.data:LC_vg_StringStack_DEFAULTTASK)
                  080067cc    00000008     LC3GV_EPDB.obj (.data:LC_GV_CCED)
                  080067d4    00000008     LC3PI_CCED_PROGRAM1.obj (.data:LC_vg_CCED_PROGRAM1)
                  080067dc    00000008     LC3_EPDB.obj (.data:LC_vg_EPDBTable)
                  080067e4    00000008     battStack.obj (.data)
                  080067ec    00000008     os_port.obj (.data)
                  080067f4    00000006     plStack.obj (.data)
                  080067fa    00000001     lcfu___safety_power.obj (.data)
                  080067fb    00000001     --HOLE--
                  080067fc    00000004     LC3Task.obj (.data:LC_vg_TaskTable)
                  08006800    00000004     can_box_deliver.obj (.data)
                  08006804    00000004     IS25.obj (.data:conf_IS25_spi)
                  08006808    00000004     tps65381.obj (.data:conf_tps_spi)
                  0800680c    00000004     isabellaCan.obj (.data)
                  08006810    00000004     rtsv7R4_A_be_eabi.lib : errno.c.obj (.data)

__llvm_prf_cnts 
*          0    08002800    00000000     UNINITIALIZED

MODULE SUMMARY

       Module                              code     ro data   rw data
       ------                              ----     -------   -------
    .\
       sci.obj                             900      0         20     
       sys_intvecs.obj                     32       0         0      
    +--+-----------------------------------+--------+---------+---------+
       Total:                              932      0         20     
                                                                     
    .\ADC_TMS\
       adc_tms.obj                         1536     0         240    
    +--+-----------------------------------+--------+---------+---------+
       Total:                              1536     0         240    
                                                                     
    .\BATTERY1\PL455\
       bq76pl455.obj                       11323    568       0      
       plStack.obj                         3312     0         318    
    +--+-----------------------------------+--------+---------+---------+
       Total:                              14635    568       318    
                                                                     
    .\BATTERY1\batt_OS\
       battStack.obj                       3012     0         184    
       battStackOsPort.obj                 316      0         8      
    +--+-----------------------------------+--------+---------+---------+
       Total:                              3328     0         192    
                                                                     
    .\CAN\src\
       canbus.obj                          2376     32        0      
       can_box_deliver.obj                 712      0         156    
       can64_bit_opr.obj                   332      0         0      
    +--+-----------------------------------+--------+---------+---------+
       Total:                              3420     32        156    
                                                                     
    .\FLASH\FLASH_IS25\
       IS25.obj                            1492     0         516    
    +--+-----------------------------------+--------+---------+---------+
       Total:                              1492     0         516    
                                                                     
    .\FLASH\MEM_OPR\
       memOpr.obj                          148      0         0      
    +--+-----------------------------------+--------+---------+---------+
       Total:                              148      0         0      
                                                                     
    .\FLASH\flashTask\
       flash_task.obj                      688      0         35     
       flash_box_deliver.obj               160      0         4      
    +--+-----------------------------------+--------+---------+---------+
       Total:                              848      0         39     
                                                                     
    .\FLASH\flashmutex\
       flashMutex.obj                      48       0         4      
    +--+-----------------------------------+--------+---------+---------+
       Total:                              48       0         4      
                                                                     
    .\ISABEL\
       isabellaCan.obj                     2472     30        100    
       isabelcfg.obj                       760      0         144    
    +--+-----------------------------------+--------+---------+---------+
       Total:                              3232     30        244    
                                                                     
    .\LOGICAD\LOGI.CALS\nRTS\
       LCAPI_GenCode.obj                   1008     0         0      
    +--+-----------------------------------+--------+---------+---------+
       Total:                              1008     0         0      
                                                                     
    .\LOGICAD\LOGI.CALS\uRTS3\
       MBRTMain.obj                        28       0         0      
    +--+-----------------------------------+--------+---------+---------+
       Total:                              28       0         0      
                                                                     
    .\LOGICAD\com.logicals.lc3.library.standard__3.2.2\SOURCES\
       lcfu_iec61131__CONVERT.obj          668      0         0      
       lcfu_iec61131__ENDIAN.obj           336      0         0      
       lcfu_iec61131__TP.obj               308      0         0      
       lcfu_iec61131__TOF.obj              256      0         0      
       lcfu_iec61131__TON.obj              256      0         0      
       lcfu_iec61131__CTU.obj              240      0         0      
    +--+-----------------------------------+--------+---------+---------+
       Total:                              2064     0         0      
                                                                     
    .\LS0432_rtos_bmsmu\source\
       os_heap.obj                         1512     0         8216   
       os_tasks.obj                        6016     0         260    
       sys_selftest.obj                    5060     0         0      
       os_queue.obj                        3112     0         0      
       spi.obj                             2288     0         72     
       os_port.obj                         1340     0         8      
       het.obj                             396      928       0      
       sys_vim.obj                         888      384       0      
       os_portasm.obj                      944      0         0      
       adc.obj                             896      12        0      
       system.obj                          848      0         0      
       errata_SSWF021_45.obj               772      0         0      
       sys_core.obj                        720      0         0      
       os_mpu_wrappers.obj                 616      0         0      
       esm.obj                             580      0         0      
       os_list.obj                         568      0         0      
       sys_startup.obj                     536      0         0      
       gio.obj                             436      0         0      
       dabort.obj                          232      0         0      
       sys_pmu.obj                         224      0         0      
       pinmux.obj                          196      0         0      
       notification.obj                    120      0         0      
       sys_phantom.obj                     4        0         0      
    +--+-----------------------------------+--------+---------+---------+
       Total:                              28304    1324      8556   
                                                                     
    .\TPS\
       tps65381.obj                        124      0         4      
    +--+-----------------------------------+--------+---------+---------+
       Total:                              124      0         4      
                                                                     
    .\UART1\
       chUart_qrbCom.obj                   240      0         348    
    +--+-----------------------------------+--------+---------+---------+
       Total:                              240      0         348    
                                                                     
    .\UART1\uart_ex\
       uart_ext.obj                        1072     0         16     
       qrb_ex.obj                          724      0         0      
    +--+-----------------------------------+--------+---------+---------+
       Total:                              1796     0         16     
                                                                     
    .\logi\src-gen\
       lcpu___hemabattery.obj              33632    0         0      
       lcfu___bcu_fault_codes.obj          7272     0         0      
       lcfu___cms_ivt.obj                  5868     0         0      
       lcfu___essstate1.obj                3392     0         0      
       lcfu___bcu_state_message.obj        2464     0         0      
       lcfu___chargestate.obj              1684     0         0      
       lcfu___gui.obj                      1672     0         0      
       lcfu___prechargecan.obj             1544     0         0      
       lcfu___max_min_voltage_status.obj   1512     0         0      
       lcfu___bcu_status2.obj              1448     0         0      
       lcfu___socstate.obj                 1320     0         0      
       lcfu___bcu_cell_status.obj          1288     0         0      
       lcfu___balance_isz.obj              1284     0         0      
       lcfu___bcu_id.obj                   1192     0         0      
       lcfu___bcu_battery_status.obj       1128     0         0      
       lcfu___hvcu_control_state.obj       968      0         0      
       lcfu___wflt.obj                     956      0         0      
       lcfu___can_test.obj                 940      0         0      
       lcfu___ampmulttempdis.obj           920      0         0      
       lcfu___dgtin.obj                    836      0         0      
       lcfu___hvcu_config.obj              808      0         0      
       lcfu___ampmulttemp.obj              800      0         0      
       lcfu___ampmultvoltchar.obj          748      0         0      
       lcfu___ampmultvoltdisc.obj          744      0         0      
       lcfu___wbit.obj                     704      0         0      
       lcfu___rbit.obj                     440      0         0      
       lcfu___arr2val.obj                  404      0         0      
       lcfu___socisz.obj                   316      0         0      
       lcfu___flash.obj                    312      0         0      
       lcfu___numofcells.obj               272      0         0      
       lcfu___tbuffer.obj                  168      0         0      
       lcfu___buffer.obj                   160      0         0      
    +--+-----------------------------------+--------+---------+---------+
       Total:                              77196    0         0      
                                                                     
    .\logi\src-gen\localconfiguration\local.builtinplc\
       LC3AppInfo.obj                      176      100       0      
       LC3GV_EPDB.obj                      0        15        144    
       LC3_EPDB.obj                        60       0         8      
       LC3Task.obj                         60       0         4      
       LC3GV.obj                           36       0         1      
    +--+-----------------------------------+--------+---------+---------+
       Total:                              332      115       157    
                                                                     
    .\logi\src-gen\localconfiguration\local.builtinplc\instances\
       LC3PI_INSTANCE_DATA_PROGRAM1.obj    0        0         13464  
       LC3PI_EPDB_PROGRAM1.obj             0        12        136    
       LC3PI_CCED_PROGRAM1.obj             0        0         8      
    +--+-----------------------------------+--------+---------+---------+
       Total:                              0        12        13608  
                                                                     
    .\logi\src-gen\localconfiguration\local.builtinplc\tasks\
       LC3Task_DEFAULTTASK.obj             0        12        148    
    +--+-----------------------------------+--------+---------+---------+
       Total:                              0        12        148    
                                                                     
    .\logi\src-gen\localconfiguration\local.builtinplc\types\
       LC3PT_HEMABATTERY.obj               74864    0         0      
    +--+-----------------------------------+--------+---------+---------+
       Total:                              74864    0         0      
                                                                     
    .\logi\src\srcBCU\
       lcfu___battstackinfo.obj            1624     0         0      
       lcfu___battstack.obj                1300     0         128    
       lcfu___safety_power.obj             816      64        11     
       lcfu___updowncnttim.obj             404      0         0      
    +--+-----------------------------------+--------+---------+---------+
       Total:                              4144     64        139    
                                                                     
    .\logi\src\srcCommon\
       lcfu___bamtx.obj                    1508     0         0      
       lcfu___canrecv.obj                  1420     0         0      
       lcfu___cansend.obj                  1256     0         0      
       lcfu___ntc.obj                      352      0         0      
       lcfu___iowr.obj                     196      0         0      
       lcfu___isabelinit.obj               180      0         0      
       lcfu___iord.obj                     112      0         0      
       lcfu___anlg.obj                     92       0         0      
    +--+-----------------------------------+--------+---------+---------+
       Total:                              5116     0         0      
                                                                     
    .\logi\src\srcCommon\GUIcfg\
       lcfu___guicfg_int.obj               160      0         0      
       lcfu___guicfg_real.obj              160      0         0      
    +--+-----------------------------------+--------+---------+---------+
       Total:                              320      0         0      
                                                                     
    .\logi\src\srcCommon\MEM\
       lcfu___rmem_real.obj                264      0         0      
    +--+-----------------------------------+--------+---------+---------+
       Total:                              264      0         0      
                                                                     
    .\logi\src\srcCommon\flashMem_v2\
       lcfu___fmemw_real.obj               924      28        0      
    +--+-----------------------------------+--------+---------+---------+
       Total:                              924      28        0      
                                                                     
    .\spicustom\
       spiRxTx.obj                         612      0         0      
    +--+-----------------------------------+--------+---------+---------+
       Total:                              612      0         0      
                                                                     
    .\src\
       main.obj                            2712     0         104    
       ConfigRead.obj                      1868     0         0      
    +--+-----------------------------------+--------+---------+---------+
       Total:                              4580     0         104    
                                                                     
    .\tmsOS\
       tmsOsPeripheral.obj                 460      0         40     
    +--+-----------------------------------+--------+---------+---------+
       Total:                              460      0         40     
                                                                     
    C:\ti\ccs1281\ccs\tools\compiler\ti-cgt-arm_20.2.7.LTS\lib\rtsv7R4_A_be_eabi.lib
       _scanfi.c.obj                       4600     13        0      
       e_pow.c.obj                         3724     48        0      
       strtod.c.obj                        1636     200       0      
       e_log.c.obj                         1420     0         0      
       e_logf.c.obj                        908      0         0      
       e_fmod.c.obj                        804      16        0      
       strtoll.c.obj                       712      0         0      
       ull_div32.asm.obj                   692      0         0      
       strtoull.c.obj                      576      0         0      
       fd_add32.asm.obj                    532      0         0      
       strtol.c.obj                        500      0         0      
       e_sqrt.c.obj                        492      0         0      
       fd_cmp32.asm.obj                    448      0         0      
       strtoul.c.obj                       440      0         0      
       e_fmodf.c.obj                       404      8         0      
       fd_div32.asm.obj                    400      0         0      
       memcpy32.asm.obj                    384      0         0      
       s_floor.c.obj                       344      0         0      
       sscanf.c.obj                        332      0         0      
       fs_add32.asm.obj                    308      0         0      
       fd_mul32.asm.obj                    296      0         0      
       s_scalbn.c.obj                      288      0         0      
       fs_cmp32.asm.obj                    272      0         0      
       ctype.c.obj                         0        257       0      
       s_modf.c.obj                        232      0         0      
       fs_div32.asm.obj                    212      0         0      
       memset32.asm.obj                    176      0         0      
       fs_mul32.asm.obj                    168      0         0      
       fd_tos32.asm.obj                    156      0         0      
       ll_div32.asm.obj                    152      0         0      
       copy_decompress_lzss.c.obj          144      0         0      
       fd_toll32.asm.obj                   140      0         0      
       s_modff.c.obj                       140      0         0      
       atoi.c.obj                          132      0         0      
       fs_toll32.asm.obj                   132      0         0      
       autoinit.c.obj                      104      0         0      
       fd_toi32.asm.obj                    92       0         0      
       fs_tod32.asm.obj                    92       0         0      
       fd_tou32.asm.obj                    88       0         0      
       i_div32.asm.obj                     84       0         0      
       u_div32.asm.obj                     80       0         0      
       fs_toi32.asm.obj                    76       0         0      
       i_tofs32.asm.obj                    76       0         0      
       ull_tofd32.asm.obj                  64       0         0      
       i_tofd32.asm.obj                    60       0         0      
       u_tofs32.asm.obj                    56       0         0      
       memcmp.c.obj                        52       0         0      
       strncmp.c.obj                       52       0         0      
       u_tofd32.asm.obj                    52       0         0      
       strrchr.c.obj                       44       0         0      
       strchr.c.obj                        40       0         0      
       ll_lsl32.asm.obj                    36       0         0      
       ll_lsr32.asm.obj                    36       0         0      
       strlen.c.obj                        32       0         0      
       strcpy.c.obj                        24       0         0      
       copy_decompress_none.c.obj          20       0         0      
       copy_zero_init.c.obj                16       0         0      
       errno.c.obj                         12       0         4      
       s_copysign.c.obj                    12       0         0      
       exit.c.obj                          8        0         0      
       div0.asm.obj                        4        0         0      
    +--+-----------------------------------+--------+---------+---------+
       Total:                              23608    542       4      
                                                                     
       Linker Generated:                   0        282       0      
    +--+-----------------------------------+--------+---------+---------+
       Grand Total:                        255603   3009      24853  


LINKER GENERATED COPY TABLES

__TI_cinit_table @ 0000ee80 records: 4, size/record: 8, table size: 32
	.data: load addr=0000ed80, load size=000000d5 bytes, run addr=080065b8, run size=0000025c bytes, compression=lzss
	.kernelBSS: load addr=0000ee64, load size=00000009 bytes, run addr=08000400, run size=00000104 bytes, compression=lzss
	.bss: load addr=0000ee70, load size=00000008 bytes, run addr=08002800, run size=00003db6 bytes, compression=zero_init
	.kernelHEAP: load addr=0000ee78, load size=00000008 bytes, run addr=08000600, run size=00002000 bytes, compression=zero_init


LINKER GENERATED HANDLER TABLE

__TI_handler_table @ 0000ee58 records: 3, size/record: 4, table size: 12
	index: 0, handler: __TI_decompress_lzss
	index: 1, handler: __TI_decompress_none
	index: 2, handler: __TI_zero_init


GLOBAL SYMBOLS: SORTED ALPHABETICALLY BY Name 

address   name                                          
-------   ----                                          
00031cf4  BATTSTACK                                     
0004b8fc  C$$EXIT                                       
00048388  CRC16                                         
00034304  ConfigRead                                    
0004b838  Dprintf                                       
000491e0  Flash_Que_Init                                
0003fe4c  Flash_Task_Handler                            
0004a350  Flash_Task_Init                               
00049254  IS25_init                                     
00040224  IS25_progMem_reduced                          
00049734  IS25_readMem                                  
0004af78  IS25_receive                                  
0004abac  IS25_rxBuffer                                 
0004a3a0  IS25_sectorErase                              
0004ad6c  IS25_transmit                                 
0004abec  IS25_txBuffer                                 
0004b39c  IS25_waitWIP                                  
00041058  IS25_writeMem                                 
0800680c  ISABELCAN                                     
0003ecc0  ISABELLA_init                                 
000488fc  ISA_getConfigResult                           
00046c0c  ISA_getDeviceID                               
0004788c  ISA_getSerialNumber                           
0004aa58  ISA_rxCan                                     
00048b90  ISA_rxCanWithTmt                              
00047938  ISA_setMode                                   
000479e4  ISA_setconfigResult                           
00046678  ISA_storeConfigItems                          
0004afac  ISA_txCan                                     
0004b69c  LC3_qw_get_current_time_ep                    
0004a4e0  LC_GC_EP_callEntry                            
0004a3f0  LC_GC_EP_callInitCold                         
0004a740  LC_GC_EP_getName                              
0004a788  LC_GC_EP_getTask                              
0004a52c  LC_GC_Task_getInterval                        
0004a7d0  LC_GC_Task_getName                            
0004a818  LC_GC_Task_getPriority                        
0004ada8  LC_GC_getCodeImageInfo                        
0004ac2c  LC_GC_getFingerprint                          
0004b21c  LC_GC_getNumEPs                               
0004b24c  LC_GC_getNumTasks                             
0004ade4  LC_GC_getResourceName                         
0004ae98  LC_GC_getTimerFreq                            
0004a578  LC_GC_queryEP                                 
0004a5c4  LC_GC_queryTask                               
080067cc  LC_GV_CCED                                    
0004b544  LC_GV_Init                                    
0004ae20  LC_PT_Exec_HEMABATTERY                        
00010024  LC_PT_Init_HEMABATTERY                        
08002800  LC_ProgramInstanceData_PROGRAM1               
080063a8  LC_TASK_StringStackBuffer_DEFAULTTASK         
08006444  LC_minPriority                                
00046184  LC_task                                       
080067d4  LC_vg_CCED_PROGRAM1                           
080067dc  LC_vg_EPDBTable                               
080065b8  LC_vg_GV_EPDB                                 
08006640  LC_vg_PI_EPDB_PROGRAM1                        
080067c0  LC_vg_StringStack_DEFAULTTASK                 
080067fc  LC_vg_TaskTable                               
08006718  LC_vg_Task_DEFAULTTASK                        
0004a860  LCfu_iec61131__CONVERT_roundhalfevenF         
0004afe0  LCfu_iec61131__CONVERT_roundhalfevenF_unsigned
0004aa9c  LCfu_iec61131__CONVERT_roundhalfeven_unsigned 
0004b568  LCfu_iec61131__ENDIAN_Swap2                   
0004ac6c  LCfu_iec61131__ENDIAN_Swap4                   
00044fb0  LCfu_iec61131__ENDIAN_Swap8                   
0004b014  LCocc_queryEP                                 
0004b8ec  LCocc_queryEPCount                            
0004b048  LCocc_queryTASK                               
0004b8f4  LCocc_queryTASKCount                          
0004b6b8  LED1_off                                      
0004b904  LED2_off                                      
0004b61c  LEDs_init                                     
0004b3c8  MPU_vTaskDelay                                
0004b07c  MPU_vTaskDelayUntil                           
0004b58c  MPU_vTaskSuspendAll                           
0004b0b0  MPU_xQueueCreateMutex                         
0004a610  MPU_xQueueGenericCreate                       
0004a158  MPU_xQueueGenericReceive                      
0004a1ac  MPU_xQueueGenericSend                         
00049c98  MPU_xTaskCreate                               
0004b3f4  MPU_xTaskGetTickCount                         
0004b420  MPU_xTaskResumeAll                            
000473a4  NTC_tempSteinhartK                            
00046744  NTCtemp                                       
00041fd8  PL455_frmFsmDecode                            
0004b7c0  PL455_intSet                                  
00042550  PL455_readReg                                 
00048c10  PL455_rxFrame                                 
00049424  PL455_rxFrameWithTimeout                      
00040408  PL455_writeFrame                              
000388d8  PL455_writeReg                                
0004b27c  PL_channel2V                                  
0004b2ac  PL_channel2mv                                 
000459ac  PLchain_avCellSense                           
00049494  PLchain_clrCellBal                            
00042f58  PLchain_displayChannelVoltages                
00048c90  PLchain_getBalReg                             
000497a0  PLchain_handleFault                           
000308dc  PLchain_init                                  
0004369c  PLchain_maxAuxSense                           
000442ec  PLchain_maxCellSense                          
0004269c  PLchain_minAuxSense                           
00043c74  PLchain_minCellSense                          
000438fc  PLchain_sampleAndReadNodeChannels             
00048e10  PLchain_setCellBalThres                       
00047a90  PLchain_shutDown                              
00047b3c  PLchain_totalCellSense                        
00032e80  PLfaults                                      
0004aae0  PLnode_getCellBalancing                       
0003f614  PLnode_getChannels                            
000470a4  PLnode_setCellBalThres                        
000486dc  PLnode_setCellBalancing                       
00044af8  PLstack_aux2CellTab                           
0004b760  PLstack_avCellV                               
0004a8a8  PLstack_boardBalReg                           
0004a8f0  PLstack_boardCellNum                          
0004a938  PLstack_boardFault                            
0004980c  PLstack_cell2AuxTab                           
00048e8c  PLstack_cellV                                 
00046810  PLstack_channelV                              
0004b7d4  PLstack_clrBalThres                           
0004b848  PLstack_commTimeoutMsShutdown                 
00049878  PLstack_countNodes                            
0004b5b0  PLstack_fault                                 
0004b7e8  PLstack_getBalReg                             
00041ce0  PLstack_getFault                              
00040b30  PLstack_init                                  
0004b4a4  PLstack_maxCellV                              
00045a8c  PLstack_maxTempAux                            
0004b2dc  PLstack_measurement                           
0004b4cc  PLstack_minCellV                              
00045b6c  PLstack_minTempAux                            
0004b858  PLstack_numofBoards                           
0004b6d4  PLstack_setBalThres                           
0004b8c8  PLstack_shutdown                              
00046cd0  PLstack_tempAux                               
000498e4  PLstack_totalCellNum                          
0004b778  PLstack_totalCellV                            
UNDEFED   SHT$$INIT_ARRAY$$Base                         
UNDEFED   SHT$$INIT_ARRAY$$Limit                        
00043a24  SPI_rxBuffer                                  
00042ba4  SPI_txBuffer                                  
00049a28  SpiRxStatus                                   
00049a90  SpiTxStatus                                   
00044ce0  UARTx_initHW                                  
000407b0  UARTx_sendData                                
00048258  UARTx_writeChar                               
0000ee80  __TI_CINIT_Base                               
0000eea0  __TI_CINIT_Limit                              
0000ee58  __TI_Handler_Table_Base                       
0000ee64  __TI_Handler_Table_Limit                      
0003df5c  __TI_PINIT_Base                               
0003df60  __TI_PINIT_Limit                              
00049af8  __TI_auto_init_nobinit_nopinit                
0004841c  __TI_decompress_lzss                          
0004b810  __TI_decompress_none                          
ffffffff  __TI_pprof_out_hndl                           
ffffffff  __TI_prof_data_size                           
ffffffff  __TI_prof_data_start                          
0002db08  __TI_scanfi                                   
0000ed80  __TI_static_base__                            
0004b878  __TI_zero_init                                
00045c4c  __aeabi_cdcmpeq                               
00045c4c  __aeabi_cdcmple                               
00045d2c  __aeabi_cdrcmple                              
00048764  __aeabi_cfcmpeq                               
00048764  __aeabi_cfcmple                               
000487ec  __aeabi_cfrcmple                              
000481bc  __aeabi_d2f                                   
00049f40  __aeabi_d2iz                                  
000485c4  __aeabi_d2lz                                  
0004a050  __aeabi_d2uiz                                 
0003fa50  __aeabi_dadd                                  
00041848  __aeabi_ddiv                                  
00043b4c  __aeabi_dmul                                  
[...]
00045f38  _pmuEnableCountersGlobal_                     
00045f48  _pmuDisableCountersGlobal_                    
00045f58  _pmuResetCycleCounter_                        
00045f68  _pmuResetEventCounters_                       
00045f78  _pmuResetCounters_                            
00045f88  _pmuStartCounters_                            
00045f90  _pmuStopCounters_                             
00045f98  _pmuSetCountEvent_                            
00045fa4  _pmuGetCycleCount_                            
00045fac  _pmuGetEventCount_                            
00045fb8  _pmuGetOverflow_                              
00045fcc  can1ParityCheck                               
000460a8  can2ParityCheck                               
00046184  LC_task                                       
0004625c  isaGetCfgResultData                           
00046334  __aeabi_fdiv                                  
000465a8  sciSetBaudrate                                
00046678  ISA_storeConfigItems                          
00046744  NTCtemp                                       
00046810  PLstack_channelV                              
000469a8  getLine                                       
00046a74  initSystemCanBoxStorage                       
00046b40  systemInit                                    
00046c0c  ISA_getDeviceID                               
00046cd0  PLstack_tempAux                               
00046d94  gioInit                                       
00046e58  lcfu___IOWR                                   
00046f1c  muxInit                                       
00046fe0  vListInsert                                   
000470a4  PLnode_setCellBalThres                        
00047164  efcStuckZeroTest                              
00047224  htu1ParityCheck                               
000472e4  vimParityCheck                                
000473a4  NTC_tempSteinhartK                            
00047460  adc1ParityCheck                               
00047518  lcfu___ISABELINIT                             
000475cc  het1ParityCheck                               
0004767c  lc_get_application_info                       
0004772c  __aeabi_memclr                                
0004772c  __aeabi_memclr4                               
0004772c  __aeabi_memclr8                               
00047730  __aeabi_memset                                
00047730  __aeabi_memset4                               
00047730  __aeabi_memset8                               
0004773c  memset                                        
000477dc  tmsMutex_getModule                            
0004788c  ISA_getSerialNumber                           
00047938  ISA_setMode                                   
000479e4  ISA_setconfigResult                           
00047a90  PLchain_shutDown                              
00047b3c  PLchain_totalCellSense                        
00047c94  checkefcSelfTest                              
00047d40  emptyIsabelRxCan                              
00047de8  lcfu___TBUFFER                                
00047e90  __aeabi_fmul                                  
00047f38  isaSetCfgResultData                           
00047fdc  lcfu___BUFFER                                 
0004807c  lcfu___GUICFG_INT                             
0004811c  lcfu___GUICFG_REAL                            
000481bc  __aeabi_d2f                                   
00048258  UARTx_writeChar                               
000482f0  __aeabi_ldivmod                               
00048388  CRC16                                         
0004841c  __TI_decompress_lzss                          
000484ac  efcCheck                                      
00048538  modff                                         
000485c4  __aeabi_d2lz                                  
00048650  uxListRemove                                  
000486dc  PLnode_setCellBalancing                       
00048764  __aeabi_cfcmpeq                               
00048764  __aeabi_cfcmple                               
000487ec  __aeabi_cfrcmple                              
00048874  het1HighLevelInterrupt                        
000488fc  ISA_getConfigResult                           
00048980  atoi                                          
00048a88  pushBoxToCh                                   
00048b0c  __aeabi_f2lz                                  
00048b90  ISA_rxCanWithTmt                              
00048c10  PL455_rxFrame                                 
00048c90  PLchain_getBalReg                             
00048d10  battStackPort_readMail                        
00048d90  qrbx_enqueue                                  
00048e10  PLchain_setCellBalThres                       
00048e8c  PLstack_cellV                                 
00048f08  canbusWaitForBox                              
00048f84  tps65381_readWrite                            
00049000  battStackPort_sendMail                        
00049078  getNodeChannel                                
00049168  trimLPO                                       
000491e0  Flash_Que_Init                                
00049254  IS25_init                                     
000492c8  pbistFail                                     
0004933c  qrbx_dequeue                                  
000493b0  vListInsertEnd                                
00049424  PL455_rxFrameWithTimeout                      
00049494  PLchain_clrCellBal                            
00049504  initSystemFlashBoxStorage                     
00049574  init_BATTSTACK                                
000495e4  isTimeout                                     
00049654  lcfu___IORD                                   
000496c4  pullBoxFromCh                                 
00049734  IS25_readMem                                  
000497a0  PLchain_handleFault                           
0004980c  PLstack_cell2AuxTab                           
00049878  PLstack_countNodes                            
000498e4  PLstack_totalCellNum                          
000499bc  qrbx_full                                     
00049a28  SpiRxStatus                                   
00049a90  SpiTxStatus                                   
00049af8  __TI_auto_init_nobinit_nopinit                
00049bc8  tmsMutex_init                                 
00049c30  tmsMutex_take                                 
00049c98  MPU_xTaskCreate                               
00049cfc  disableParity                                 
00049d60  enableParity                                  
00049dc4  periphInit                                    
00049e28  can64toCanBytes                               
00049e88  lcfu___ANLG                                   
00049ee4  pbistPortTestStatus                           
00049f40  __aeabi_d2iz                                  
00049f9c  __aeabi_f2d                                   
00049ff8  gioToggleBit                                  
0004a050  __aeabi_d2uiz                                 
0004a0a8  setupPLL                                      
0004a100  vListInitialise                               
0004a158  MPU_xQueueGenericReceive                      
0004a1ac  MPU_xQueueGenericSend                         
0004a200  memRd_F32                                     
0004a254  __aeabi_idiv                                  
0004a254  __aeabi_idivmod                               
0004a2a8  setupFlash                                    
0004a2fc  sscanf                                        
0004a350  Flash_Task_Init                               
0004a3a0  IS25_sectorErase                              
0004a3f0  LC_GC_EP_callInitCold                         
0004a440  gioSetBit                                     
0004a490  __aeabi_uidiv                                 
0004a490  __aeabi_uidivmod                              
0004a4e0  LC_GC_EP_callEntry                            
0004a52c  LC_GC_Task_getInterval                        
0004a578  LC_GC_queryEP                                 
0004a5c4  LC_GC_queryTask                               
0004a610  MPU_xQueueGenericCreate                       
0004a65c  __aeabi_f2iz                                  
0004a6a8  __aeabi_i2f                                   
0004a6f4  tmsMutex_give                                 
0004a740  LC_GC_EP_getName                              
0004a788  LC_GC_EP_getTask                              
0004a7d0  LC_GC_Task_getName                            
0004a818  LC_GC_Task_getPriority                        
0004a860  LCfu_iec61131__CONVERT_roundhalfevenF         
0004a8a8  PLstack_boardBalReg                           
0004a8f0  PLstack_boardCellNum                          
0004a938  PLstack_boardFault                            
0004a980  pullBoxFromNode                               
0004a9c8  pushBoxToNode                                 
0004aa10  qrbx_init                                     
0004aa58  ISA_rxCan                                     
0004aa9c  LCfu_iec61131__CONVERT_roundhalfeven_unsigned 
0004aae0  PLnode_getCellBalancing                       
0004ab24  battStackPort_init                            
0004ab68  memoryInit                                    
0004abac  IS25_rxBuffer                                 
0004abec  IS25_txBuffer                                 
0004ac2c  LC_GC_getFingerprint                          
0004ac6c  LCfu_iec61131__ENDIAN_Swap4                   
0004acac  isLegalAddr                                   
0004acec  __aeabi_ul2d                                  
0004ad2c  sciEnableNotification                         
0004ad6c  IS25_transmit                                 
0004ada8  LC_GC_getCodeImageInfo                        
0004ade4  LC_GC_getResourceName                         
0004ae20  LC_PT_Exec_HEMABATTERY                        
0004ae5c  __aeabi_i2d                                   
0004ae98  LC_GC_getTimerFreq                            
0004aed0  efcSelfTest                                   
0004af08  pbistIsTestPassed                             
0004af40  __aeabi_ui2f                                  
0004af78  IS25_receive                                  
0004afac  ISA_txCan                                     
0004afe0  LCfu_iec61131__CONVERT_roundhalfevenF_unsigned
0004b014  LCocc_queryEP                                 
0004b048  LCocc_queryTASK                               
0004b07c  MPU_vTaskDelayUntil                           
0004b0b0  MPU_xQueueCreateMutex                         
0004b0e4  edgeNotification                              
0004b118  memcmp                                        
0004b14c  pbistStop                                     
0004b180  qrbx_empty                                    
0004b1b4  __aeabi_ui2d                                  
0004b1e8  strncmp                                       
0004b21c  LC_GC_getNumEPs                               
0004b24c  LC_GC_getNumTasks                             
0004b27c  PL_channel2V                                  
0004b2ac  PL_channel2mv                                 
0004b2dc  PLstack_measurement                           
0004b30c  adcIsConversionComplete                       
0004b33c  init_flashMutex                               
0004b36c  pullBoxFromFlash                              
0004b39c  IS25_waitWIP                                  
0004b3c8  MPU_vTaskDelay                                
0004b3f4  MPU_xTaskGetTickCount                         
0004b420  MPU_xTaskResumeAll                            
0004b44c  pbistIsTestCompleted                          
0004b478  strrchr                                       
0004b4a4  PLstack_maxCellV                              
0004b4cc  PLstack_minCellV                              
0004b4f4  gioGetBit                                     
0004b51c  strchr                                        
0004b544  LC_GV_Init                                    
0004b568  LCfu_iec61131__ENDIAN_Swap2                   
0004b58c  MPU_vTaskSuspendAll                           
0004b5b0  PLstack_fault                                 
0004b5d4  __aeabi_llsl                                  
0004b5f8  __aeabi_llsr                                  
0004b61c  LEDs_init                                     
0004b63c  gioSetDirection                               
0004b65c  sciSetFunctional                              
0004b67c  strlen                                        
0004b69c  LC3_qw_get_current_time_ep                    
0004b6b8  LED1_off                                      
0004b6d4  PLstack_setBalThres                           
0004b70c  memoryPort0TestFailNotification               
0004b728  sciIsTxReady                                  
0004b744  vListInitialiseItem                           
0004b760  PLstack_avCellV                               
0004b778  PLstack_totalCellV                            
0004b790  pwmNotification                               
0004b7a8  strcpy                                        
0004b7c0  PL455_intSet                                  
0004b7d4  PLstack_clrBalThres                           
0004b7e8  PLstack_getBalReg                             
0004b7fc  customTrimLPO                                 
0004b810  __TI_decompress_none                          
0004b824  spiNotification                               
0004b838  Dprintf                                       
0004b848  PLstack_commTimeoutMsShutdown                 
0004b858  PLstack_numofBoards                           
0004b878  __TI_zero_init                                
0004b888  esmGroup1Notification                         
0004b898  esmGroup2Notification                         
0004b8a8  selftestFailNotification                      
0004b8b8  spiEndNotification                            
0004b8c8  PLstack_shutdown                              
0004b8d4  __aeabi_errno_addr                            
0004b8e0  copysign                                      
0004b8e0  copysignl                                     
0004b8ec  LCocc_queryEPCount                            
0004b8f4  LCocc_queryTASKCount                          
0004b8fc  C$$EXIT                                       
0004b8fc  abort                                         
0004b904  LED2_off                                      
0004b908  custom_dabort                                 
0004b90c  handlePLLLockFail                             
0004b910  phantomInterrupt                              
0004b914  __aeabi_idiv0                                 
0004b914  __aeabi_ldiv0                                 
0004bcb8  crc16_table                                   
0004c038  _ctypes_                                      
0004c258  tokenAnswers                                  
0004c298  commTimeoutShutdown                           
080004d0  pxCurrentTCB                                  
08002800  LC_ProgramInstanceData_PROGRAM1               
08002800  __start___llvm_prf_cnts                       
08002800  __stop___llvm_prf_cnts                        
08005e98  plStack                                       
08005fd0  battStack                                     
0800607c  isabelcfg                                     
0800610c  adcData                                       
0800618c  rs_inBuf                                      
0800620c  rs_outBuf                                     
0800628c  toBattStack                                   
08006300  anlgData                                      
080063a8  LC_TASK_StringStackBuffer_DEFAULTTASK         
080063e8  boxQue                                        
08006418  rsCom                                         
08006444  LC_minPriority                                
08006448  logiTask                                      
08006470  tmsPrpMutex                                   
08006498  boxBuf1                                       
080064d4  rs_in                                         
080064ec  rs_out                                        
08006518  boxBuf2                                       
0800652c  fromBattStack                                 
08006540  ticksPerSec                                   
08006548  battMailbox                                   
0800654c  battStackMutex                                
08006550  bcuMailbox                                    
08006554  codeImageInfo                                 
08006558  ep                                            
0800655c  epIdx                                         
08006560  epTask                                        
08006564  fingerprint                                   
08006568  flashMutex                                    
0800656c  flashTaskQueueMailBox                         
08006570  flashTaskResponse                             
08006574  flashboxes                                    
08006578  j                                             
0800657c  lastMeasurement                               
08006580  lastMeasurement1                              
08006584  lastMeasurement11                             
08006588  lastMeasurement12                             
0800658c  resourceName                                  
08006590  safetyTick                                    
08006594  task                                          
08006598  taskIdx                                       
0800659c  testTick                                      
080065a0  usart1in                                      
080065a4  usart1out                                     
080065a8  usart2in                                      
080065ac  usart2out                                     
080065b2  currentTokenValue                             
080065b3  flashTaskState                                
080065b4  g_LC3_GVInstanceData                          
080065b5  tpsstate                                      
080065b8  LC_vg_GV_EPDB                                 
08006640  LC_vg_PI_EPDB_PROGRAM1                        
080066c8  isaRx                                         
08006718  LC_vg_Task_DEFAULTTASK                        
08006790  isaTx                                         
080067a0  i                                             
080067a4  nValidTask                                    
080067a8  epCnt                                         
080067ac  taskCnt                                       
080067c0  LC_vg_StringStack_DEFAULTTASK                 
080067cc  LC_GV_CCED                                    
080067d4  LC_vg_CCED_PROGRAM1                           
080067dc  LC_vg_EPDBTable                               
080067e4  testFrameCount                                
080067e8  errFrameCount                                 
080067ec  ulCriticalNesting                             
080067f0  ulTaskHasFPUContext                           
080067f4  countTime                                     
080067f8  pl455Fault                                    
080067f9  stt                                           
080067fa  safetyPowerState                              
080067fc  LC_vg_TaskTable                               
08006804  conf_IS25_spi                                 
08006808  conf_tps_spi                                  
0800680c  ISABELCAN                                     
08006810  errno                                         
ffffffff  __TI_pprof_out_hndl                           
ffffffff  __TI_prof_data_size                           
ffffffff  __TI_prof_data_start                          
ffffffff  __binit__                                     
ffffffff  __c_args__                                    
ffffffff  binit                                         
UNDEFED   SHT$$INIT_ARRAY$$Base                         
UNDEFED   SHT$$INIT_ARRAY$$Limit                        
UNDEFED   _system_post_cinit                            

[577 symbols]
