******************************************************************************
                  TI ARM Linker PC v20.2.7                     
******************************************************************************
>> Linked Wed Jun  4 11:41:36 2025

OUTPUT FILE NAME:   <HEMAbattery.out>
ENTRY POINT SYMBOL: "_c_int00"  address: 0003fc84


MEMORY CONFIGURATION

         name            origin    length      used     unused   attr    fill
----------------------  --------  ---------  --------  --------  ----  --------
  VECTORS               0000c000   00000020  00000020  00000000     X
  KERNEL                0000c020   00004000  00002e7c  00001184  R  X
  FLASH0                00010020   0004ffe0  0003c7f4  000137ec  R  X
  STACKS                08000000   00000400  00000000  00000400  RW  
  KRAM                  08000400   00000200  00000104  000000fc  RW  
  HRAM                  08000600   00002200  00002000  00000200  RW  
  RAM                   08002800   00005800  0000405a  000017a6  RW  


SEGMENT ALLOCATION MAP

run origin  load origin   length   init length attrs members
----------  ----------- ---------- ----------- ----- -------
0000c000    0000c000    00002ea0   00002ea0    r-x
  0000c000    0000c000    00000020   00000020    r-x .intvecs
  0000c020    0000c020    00002d5c   00002d5c    r-x .kernelTEXT
  0000ed80    0000ed80    00000120   00000120    r-- .cinit
00010020    00010020    0003c7f8   0003c7f8    r-x
  00010020    00010020    0003bd4c   0003bd4c    r-x .text
  0004bd70    0004bd70    00000aa8   00000aa8    r-- .const
08000400    08000400    00000104   00000000    rw-
  08000400    08000400    00000104   00000000    rw- .kernelBSS
08000600    08000600    00002000   00000000    rw-
  08000600    08000600    00002000   00000000    rw- .kernelHEAP
08002800    08002800    0000405c   00000000    rw-
  08002800    08002800    00003dfe   00000000    rw- .bss
  08006600    08006600    0000025c   00000000    rw- .data


SECTION ALLOCATION MAP

 output                                  attributes/
section   page    origin      length       input sections
--------  ----  ----------  ----------   ----------------
.intvecs   0    0000c000    00000020     
                  0000c000    00000020     sys_intvecs.obj (.intvecs)

.kernelTEXT 
*          0    0000c020    00002d5c     
                  0000c020    000003b0     os_portasm.obj (.kernelTEXT)
                  0000c3d0    00000314     os_queue.obj (.kernelTEXT:xQueueGenericReceive)
                  0000c6e4    000002c0     os_queue.obj (.kernelTEXT:xQueueGenericSend)
                  0000c9a4    00000274     os_port.obj (.kernelTEXT:vPortStoreTaskMPUSettings)
                  0000cc18    00000268     os_heap.obj (.kernelTEXT:pvPortMalloc)
                  0000ce80    00000254     os_tasks.obj (.kernelTEXT:xTaskIncrementTick)
                  0000d0d4    00000244     os_tasks.obj (.kernelTEXT:prvInitialiseNewTask)
                  0000d318    000001d4     os_tasks.obj (.kernelTEXT:xTaskResumeAll)
                  0000d4ec    00000174     os_queue.obj (.kernelTEXT:prvCopyDataToQueue)
                  0000d660    00000174     os_tasks.obj (.kernelTEXT:vTaskDelayUntil)
                  0000d7d4    00000170     os_tasks.obj (.kernelTEXT:xTaskPriorityDisinherit)
                  0000d944    00000168     os_tasks.obj (.kernelTEXT:vTaskPriorityInherit)
                  0000daac    00000144     os_tasks.obj (.kernelTEXT:xTaskCheckForTimeOut)
                  0000dbf0    00000140     os_tasks.obj (.kernelTEXT:prvAddCurrentTaskToDelayedList)
                  0000dd30    0000013c     os_tasks.obj (.kernelTEXT:prvAddNewTaskToReadyList)
                  0000de6c    00000128     os_queue.obj (.kernelTEXT:xQueueGenericReset)
                  0000df94    0000010c     os_queue.obj (.kernelTEXT:prvUnlockQueue)
                  0000e0a0    00000108     os_tasks.obj (.kernelTEXT:xTaskRemoveFromEventList)
                  0000e1a8    00000100     os_heap.obj (.kernelTEXT:vPortFree)
                  0000e2a8    000000f4     os_tasks.obj (.kernelTEXT:vTaskSwitchContext)
                  0000e39c    000000f0     os_port.obj (.kernelTEXT:pxPortInitialiseStack)
                  0000e48c    000000e4     os_tasks.obj (.kernelTEXT:xTaskCreate)
                  0000e570    000000b8     os_tasks.obj (.kernelTEXT:prvGetExpectedIdleTime)
                  0000e628    000000b4     os_tasks.obj (.kernelTEXT:prvCheckTasksWaitingTermination)
                  0000e6dc    000000b4     os_tasks.obj (.kernelTEXT:vTaskStartScheduler)
                  0000e790    000000b0     os_queue.obj (.kernelTEXT:xQueueGenericCreate)
                  0000e840    000000ac     os_tasks.obj (.kernelTEXT:prvInitialiseTaskLists)
                  0000e8ec    00000088     os_tasks.obj (.kernelTEXT:vTaskDelay)
                  0000e974    00000078     os_queue.obj (.kernelTEXT:prvCopyDataFromQueue)
                  0000e9ec    00000078     os_tasks.obj (.kernelTEXT:prvDeleteTCB)
                  0000ea64    0000006c     os_queue.obj (.kernelTEXT:prvInitialiseNewQueue)
                  0000ead0    00000058     os_tasks.obj (.kernelTEXT:xTaskGetSchedulerState)
                  0000eb28    00000054     os_queue.obj (.kernelTEXT:prvInitialiseMutex)
                  0000eb7c    00000048     os_tasks.obj (.kernelTEXT:vTaskPlaceOnEventList)
                  0000ebc4    00000048     os_tasks.obj (.kernelTEXT:vTaskSetTimeOutState)
                  0000ec0c    00000044     os_queue.obj (.kernelTEXT:prvIsQueueFull)
                  0000ec50    00000044     os_queue.obj (.kernelTEXT:xQueueCreateMutex)
                  0000ec94    0000003c     os_queue.obj (.kernelTEXT:prvIsQueueEmpty)
                  0000ecd0    00000038     os_tasks.obj (.kernelTEXT:pvTaskIncrementMutexHeldCount)
                  0000ed08    00000028     os_port.obj (.kernelTEXT:xPortStartScheduler)
                  0000ed30    00000020     os_tasks.obj (.kernelTEXT:xTaskGetTickCount)
                  0000ed50    00000018     os_tasks.obj (.kernelTEXT:vTaskSuspendAll)
                  0000ed68    00000014     os_tasks.obj (.kernelTEXT:vTaskMissedYield)

.cinit     0    0000ed80    00000120     
                  0000ed80    000000d7     (.cinit..data.load) [load image, compression = lzss]
                  0000ee57    00000001     --HOLE-- [fill = 0]
                  0000ee58    0000000c     (__TI_handler_table)
                  0000ee64    00000009     (.cinit..kernelBSS.load) [load image, compression = lzss]
                  0000ee6d    00000003     --HOLE-- [fill = 0]
                  0000ee70    00000008     (.cinit..bss.load) [load image, compression = zero_init]
                  0000ee78    00000008     (.cinit..kernelHEAP.load) [load image, compression = zero_init]
                  0000ee80    00000020     (__TI_cinit_table)

.text      0    00010020    0003bd4c     
                  00010020    00012830     LC3PT_HEMABATTERY.obj (.text:LC_PT_Init_HEMABATTERY)
                  00022850    000083b8     lcpu___hemabattery.obj (.text:lcpu___HEMABATTERY)
                  0002ac08    00001c68     lcfu___bcu_fault_codes.obj (.text:lcfu___BCU_FAULT_CODES)
                  0002c870    000016ec     lcfu___cms_ivt.obj (.text:lcfu___CMS_IVT)
                  0002df5c    000011f8     rtsv7R4_A_be_eabi.lib : _scanfi.c.obj (.text:__TI_scanfi)
                  0002f154    00000e8c                           : e_pow.c.obj (.text:pow)
                  0002ffe0    00000d40     lcfu___essstate1.obj (.text:lcfu___ESSSTATE1)
                  00030d20    00000a88     bq76pl455.obj (.text:PLchain_init)
                  000317a8    000009a0     lcfu___bcu_state_message.obj (.text:lcfu___BCU_STATE_MESSAGE)
                  00032148    00000980     battStack.obj (.text:BATTSTACK)
                  00032ac8    000007d0     main.obj (.text:init_LOGICAD)
                  00033298    0000076c     bq76pl455.obj (.text:PLfaults)
                  00033a04    00000694     lcfu___chargestate.obj (.text:lcfu___CHARGESTATE)
                  00034098    00000688     lcfu___gui.obj (.text:lcfu___GUI)
                  00034720    00000680     ConfigRead.obj (.text:ConfigRead)
                  00034da0    00000664     rtsv7R4_A_be_eabi.lib : strtod.c.obj (.text:strtod)
                  00035404    00000658     lcfu___battstackinfo.obj (.text:lcfu___BATTSTACKINFO)
                  00035a5c    00000608     lcfu___prechargecan.obj (.text:lcfu___PRECHARGECAN)
                  00036064    00000600     adc_tms.obj (.text:adcGroupGetData)
                  00036664    000005e8     lcfu___max_min_voltage_status.obj (.text:lcfu___MAX_MIN_VOLTAGE_STATUS)
                  00036c4c    000005e4     lcfu___bamtx.obj (.text:lcfu___BAMTX)
                  00037230    000005a8     lcfu___bcu_status2.obj (.text:lcfu___BCU_STATUS2)
                  000377d8    0000058c     lcfu___canrecv.obj (.text:lcfu___CANRECV)
                  00037d64    0000058c     rtsv7R4_A_be_eabi.lib : e_log.c.obj (.text:log)
                  000382f0    00000528     lcfu___socstate.obj (.text:lcfu___SOCSTATE)
                  00038818    00000514     lcfu___battstack.obj (.text:lcfu___BATTSTACK)
                  00038d2c    00000510     bq76pl455.obj (.text:PL455_writeReg)
                  0003923c    00000508     lcfu___bcu_cell_status.obj (.text:lcfu___BCU_CELL_STATUS)
                  00039744    00000504     lcfu___balance_isz.obj (.text:lcfu___BALANCE_ISZ)
                  00039c48    000004e8     lcfu___cansend.obj (.text:lcfu___CANSEND)
                  0003a130    000004a8     lcfu___bcu_id.obj (.text:lcfu___BCU_ID)
                  0003a5d8    00000468     lcfu___bcu_battery_status.obj (.text:lcfu___BCU_BATTERY_STATUS)
                  0003aa40    00000464     spi.obj (.text:spiInit)
                  0003aea4    000003c8     lcfu___hvcu_control_state.obj (.text:lcfu___HVCU_CONTROL_STATE)
                  0003b26c    000003bc     lcfu___wflt.obj (.text:lcfu___WFLT)
                  0003b628    000003ac     lcfu___can_test.obj (.text:lcfu___CAN_TEST)
                  0003b9d4    000003a8     sys_selftest.obj (.text:errata_PBIST_4)
                  0003bd7c    0000039c     lcfu___fmemw_real.obj (.text:lcfu___FMEMW_REAL)
                  0003c118    00000398     lcfu___ampmulttempdis.obj (.text:lcfu___AMPMULTTEMPDIS)
                  0003c4b0    0000038c     rtsv7R4_A_be_eabi.lib : e_logf.c.obj (.text:logf)
                  0003c83c    00000344     lcfu___dgtin.obj (.text:lcfu___DGTIN)
                  0003cb80    00000330     lcfu___safety_power.obj (.text:lcfu___SAFETY_POWER)
                  0003ceb0    00000328     lcfu___hvcu_config.obj (.text:lcfu___HVCU_CONFIG)
                  0003d1d8    00000324     rtsv7R4_A_be_eabi.lib : e_fmod.c.obj (.text:fmod)
                  0003d4fc    00000320     lcfu___ampmulttemp.obj (.text:lcfu___AMPMULTTEMP)
                  0003d81c    000002f8     isabelcfg.obj (.text:isabelConfig)
                  0003db14    000002ec     lcfu___ampmultvoltchar.obj (.text:lcfu___AMPMULTVOLTCHAR)
                  0003de00    000002e8     lcfu___ampmultvoltdisc.obj (.text:lcfu___AMPMULTVOLTDISC)
                  0003e0e8    000002d0     sys_core.obj (.text)
                  0003e3b8    000002c8     rtsv7R4_A_be_eabi.lib : strtoll.c.obj (.text:strtoll)
                  0003e680    000002c0     lcfu___wbit.obj (.text:lcfu___WBIT)
                  0003e940    000002b4     rtsv7R4_A_be_eabi.lib : ull_div32.asm.obj (.text)
                  0003ebf4    00000298     sys_selftest.obj (.text:checkRAMECC)
                  0003ee8c    00000288     spi.obj (.text:spi3HighInterruptLevel)
                  0003f114    00000274     isabellaCan.obj (.text:ISABELLA_init)
                  0003f388    00000268     sys_vim.obj (.text:vimParityErrorHandler)
                  0003f5f0    00000240     rtsv7R4_A_be_eabi.lib : strtoull.c.obj (.text:strtoull)
                  0003f830    00000238     sys_selftest.obj (.text:pbistSelfCheck)
                  0003fa68    0000021c     bq76pl455.obj (.text:PLnode_getChannels)
                  0003fc84    00000214     sys_startup.obj (.text:_c_int00)
                  0003fe98    00000214     rtsv7R4_A_be_eabi.lib : fd_add32.asm.obj (.text)
                  000400ac    000001f4                           : strtol.c.obj (.text:strtol)
                  000402a0    000001ec     flash_task.obj (.text:Flash_Task_Handler)
                  0004048c    000001ec     rtsv7R4_A_be_eabi.lib : e_sqrt.c.obj (.text:sqrt)
                  00040678    000001e4     IS25.obj (.text:IS25_progMem_reduced)
                  0004085c    000001e4     bq76pl455.obj (.text:PL455_writeFrame)
                  00040a40    000001c4     canbus.obj (.text:canbusTx)
                  00040c04    000001c0     uart_ext.obj (.text:UARTx_sendData)
                  00040dc4    000001c0     adc.obj (.text:adcInit)
                  00040f84    000001b8     plStack.obj (.text:PLstack_init)
                  0004113c    000001b8     lcfu___rbit.obj (.text:lcfu___RBIT)
                  000412f4    000001b8     rtsv7R4_A_be_eabi.lib : strtoul.c.obj (.text:strtoul)
                  000414ac    000001a4     IS25.obj (.text:IS25_writeMem)
                  00041650    00000194     rtsv7R4_A_be_eabi.lib : e_fmodf.c.obj (.text:fmodf)
                  000417e4    00000194     lcfu___arr2val.obj (.text:lcfu___ARR2VAL)
                  00041978    00000194     lcfu___updowncnttim.obj (.text:lcfu___UPDOWNCNTTIM)
                  00041b0c    00000190     adc.obj (.text:adcGetData)
                  00041c9c    00000190     rtsv7R4_A_be_eabi.lib : fd_div32.asm.obj (.text)
                  00041e2c    00000188     errata_SSWF021_45.obj (.text:_errata_SSWF021_45_pll1)
                  00041fb4    00000180     rtsv7R4_A_be_eabi.lib : memcpy32.asm.obj (.text)
                  00042134    0000017c     plStack.obj (.text:PLstack_getFault)
                  000422b0    0000017c     canbus.obj (.text:canbusReceive)
                  0004242c    00000168     bq76pl455.obj (.text:PL455_frmFsmDecode)
                  00042594    00000160     lcfu___ntc.obj (.text:lcfu___NTC)
                  000426f4    00000158     esm.obj (.text:esmInit)
                  0004284c    00000158     rtsv7R4_A_be_eabi.lib : s_floor.c.obj (.text:floor)
                  000429a4    0000014c     bq76pl455.obj (.text:PL455_readReg)
                  00042af0    00000148     bq76pl455.obj (.text:PLchain_minAuxSense)
                  00042c38    00000140     canbus.obj (.text:canbusInit)
                  00042d78    00000140     os_heap.obj (.text:prvHeapInit)
                  00042eb8    00000140     os_heap.obj (.text:prvInsertBlockIntoFreeList)
                  00042ff8    0000013c     spiRxTx.obj (.text:SPI_txBuffer)
                  00043134    0000013c     canbus.obj (.text:canbusSetBoxRx)
                  00043270    0000013c     lcfu___socisz.obj (.text:lcfu___SOCISZ)
                  000433ac    0000013b     bq76pl455.obj (.text:PLchain_displayChannelVoltages)
                  000434e7    00000001     --HOLE-- [fill = 0]
                  000434e8    00000138     lcfu___flash.obj (.text:lcfu___FLASH)
                  00043620    00000134     lcfu_iec61131__TP.obj (.text:lcfu_iec61131__TP)
                  00043754    00000134     rtsv7R4_A_be_eabi.lib : fs_add32.asm.obj (.text)
                  00043888    00000134     sci.obj (.text:sciInit)
                  000439bc    00000134     spi.obj (.text:spiSendAndGetData)
                  00043af0    00000130     bq76pl455.obj (.text:PLchain_maxAuxSense)
                  00043c20    00000130     canbus.obj (.text:canbusSend)
                  00043d50    00000128     bq76pl455.obj (.text:PLchain_sampleAndReadNodeChannels)
                  00043e78    00000128     spiRxTx.obj (.text:SPI_rxBuffer)
                  00043fa0    00000128     rtsv7R4_A_be_eabi.lib : fd_mul32.asm.obj (.text)
                  000440c8    00000120     bq76pl455.obj (.text:PLchain_minCellSense)
                  000441e8    00000120     rtsv7R4_A_be_eabi.lib : s_scalbn.c.obj (.text:scalbn)
                  00044308    00000110     lcfu___numofcells.obj (.text:lcfu___NUMOFCELLS)
                  00044418    00000110     sys_vim.obj (.text:vimInit)
                  00044528    0000010c     main.obj (.text:main)
                  00044634    0000010c     sys_selftest.obj (.text:mibspi1ParityCheck)
                  00044740    00000108     bq76pl455.obj (.text:PLchain_maxCellSense)
                  00044848    00000108     lcfu___rmem_real.obj (.text:lcfu___RMEM_REAL)
                  00044950    00000104     het.obj (.text:hetInit)
                  00044a54    00000104     sci.obj (.text:linHighLevelInterrupt)
                  00044b58    00000100     lcfu_iec61131__TOF.obj (.text:lcfu_iec61131__TOF)
                  00044c58    00000100     lcfu_iec61131__TON.obj (.text:lcfu_iec61131__TON)
                  00044d58    000000fc     lcfu_iec61131__CONVERT.obj (.text:LCfu_iec61131__CONVERT_roundhalfeven_impl)
                  00044e54    000000f8     qrb_ex.obj (.text:qrbx_find_char)
                  00044f4c    000000f4     plStack.obj (.text:PLstack_aux2CellTab)
                  00045040    000000f4     canbus.obj (.text:canbusGetBox)
                  00045134    000000f0     uart_ext.obj (.text:UARTx_initHW)
                  00045224    000000f0     battStack.obj (.text:initializeStack)
                  00045314    000000f0     lcfu_iec61131__CTU.obj (.text:lcfu_iec61131__CTU)
                  00045404    000000ec     lcfu_iec61131__ENDIAN.obj (.text:LCfu_iec61131__ENDIAN_Swap8)
                  000454f0    000000ec     can64_bit_opr.obj (.text:canBytesToCan64)
                  000455dc    000000ec     canbus.obj (.text:canbusSetBoxTx)
                  000456c8    000000ec     esm.obj (.text:esmHighInterrupt)
                  000457b4    000000e8     dabort.obj (.text)
                  0004589c    000000e8     system.obj (.text:mapClocks)
                  00045984    000000e8     rtsv7R4_A_be_eabi.lib : s_modf.c.obj (.text:modf)
                  00045a6c    000000e8     sys_selftest.obj (.text:pbistRun)
                  00045b54    000000e8     uart_ext.obj (.text:sciNotification)
                  00045c3c    000000e4     battStack.obj (.text:battStackTask)
                  00045d20    000000e0     lcfu_iec61131__CONVERT.obj (.text:LCfu_iec61131__CONVERT_roundhalfevenF_impl)
                  00045e00    000000e0     bq76pl455.obj (.text:PLchain_avCellSense)
                  00045ee0    000000e0     plStack.obj (.text:PLstack_maxTempAux)
                  00045fc0    000000e0     plStack.obj (.text:PLstack_minTempAux)
                  000460a0    000000e0     rtsv7R4_A_be_eabi.lib : fd_cmp32.asm.obj (.text:__aeabi_cdcmple)
                  00046180    000000e0                           : fd_cmp32.asm.obj (.text:__aeabi_cdrcmple)
                  00046260    000000e0     chUart_qrbCom.obj (.text:initCellCom_qrb)
                  00046340    000000e0     sys_pmu.obj (.text)
                  00046420    000000dc     sys_selftest.obj (.text:can1ParityCheck)
                  000464fc    000000dc     sys_selftest.obj (.text:can2ParityCheck)
                  000465d8    000000d8     main.obj (.text:LC_task)
                  000466b0    000000d8     isabellaCan.obj (.text:isaGetCfgResultData)
                  00046788    000000d4     rtsv7R4_A_be_eabi.lib : fs_div32.asm.obj (.text)
                  0004685c    000000d0     errata_SSWF021_45.obj (.text:disable_plls)
                  0004692c    000000d0     os_port.obj (.text:prvSetupTimerInterrupt)
                  000469fc    000000d0     sci.obj (.text:sciSetBaudrate)
                  00046acc    000000cc     isabellaCan.obj (.text:ISA_storeConfigItems)
                  00046b98    000000cc     plStack.obj (.text:NTCtemp)
                  00046c64    000000cc     plStack.obj (.text:PLstack_channelV)
                  00046d30    000000cc     rtsv7R4_A_be_eabi.lib : sscanf.c.obj (.text:_chkmbc)
                  00046dfc    000000cc     ConfigRead.obj (.text:getLine)
                  00046ec8    000000cc     can_box_deliver.obj (.text:initSystemCanBoxStorage)
                  00046f94    000000cc     system.obj (.text:systemInit)
                  00047060    000000c4     isabellaCan.obj (.text:ISA_getDeviceID)
                  00047124    000000c4     plStack.obj (.text:PLstack_tempAux)
                  000471e8    000000c4     gio.obj (.text:gioInit)
                  000472ac    000000c4     lcfu___iowr.obj (.text:lcfu___IOWR)
                  00047370    000000c4     pinmux.obj (.text:muxInit)
                  00047434    000000c4     os_list.obj (.text:vListInsert)
                  000474f8    000000c0     bq76pl455.obj (.text:PLnode_setCellBalThres)
                  000475b8    000000c0     sys_selftest.obj (.text:efcStuckZeroTest)
                  00047678    000000c0     sys_selftest.obj (.text:htu1ParityCheck)
                  00047738    000000c0     sys_selftest.obj (.text:vimParityCheck)
                  000477f8    000000bc     plStack.obj (.text:NTC_tempSteinhartK)
                  000478b4    000000b8     sys_selftest.obj (.text:adc1ParityCheck)
                  0004796c    000000b4     lcfu___isabelinit.obj (.text:lcfu___ISABELINIT)
                  00047a20    000000b0     sys_selftest.obj (.text:het1ParityCheck)
                  00047ad0    000000b0     LC3AppInfo.obj (.text:lc_get_application_info)
                  00047b80    000000b0     rtsv7R4_A_be_eabi.lib : memset32.asm.obj (.text)
                  00047c30    000000b0     tmsOsPeripheral.obj (.text:tmsMutex_getModule)
                  00047ce0    000000ac     isabellaCan.obj (.text:ISA_getSerialNumber)
                  00047d8c    000000ac     isabellaCan.obj (.text:ISA_setMode)
                  00047e38    000000ac     isabellaCan.obj (.text:ISA_setconfigResult)
                  00047ee4    000000ac     bq76pl455.obj (.text:PLchain_shutDown)
                  00047f90    000000ac     bq76pl455.obj (.text:PLchain_totalCellSense)
                  0004803c    000000ac     errata_SSWF021_45.obj (.text:check_frequency)
                  000480e8    000000ac     sys_selftest.obj (.text:checkefcSelfTest)
                  00048194    000000a8     isabellaCan.obj (.text:emptyIsabelRxCan)
                  0004823c    000000a8     lcfu___tbuffer.obj (.text:lcfu___TBUFFER)
                  000482e4    000000a8     rtsv7R4_A_be_eabi.lib : fs_mul32.asm.obj (.text)
                  0004838c    000000a4     isabellaCan.obj (.text:isaSetCfgResultData)
                  00048430    000000a0     lcfu___buffer.obj (.text:lcfu___BUFFER)
                  000484d0    000000a0     lcfu___guicfg_int.obj (.text:lcfu___GUICFG_INT)
                  00048570    000000a0     lcfu___guicfg_real.obj (.text:lcfu___GUICFG_REAL)
                  00048610    0000009c     rtsv7R4_A_be_eabi.lib : fd_tos32.asm.obj (.text)
                  000486ac    00000098     uart_ext.obj (.text:UARTx_writeChar)
                  00048744    00000098     rtsv7R4_A_be_eabi.lib : ll_div32.asm.obj (.text)
                  000487dc    00000094     bq76pl455.obj (.text:CRC16)
                  00048870    00000090     rtsv7R4_A_be_eabi.lib : copy_decompress_lzss.c.obj (.text:decompress:lzss:__TI_decompress_lzss)
                  00048900    0000008c     sys_selftest.obj (.text:efcCheck)
                  0004898c    0000008c     rtsv7R4_A_be_eabi.lib : s_modff.c.obj (.text:modff)
                  00048a18    0000008c                           : fd_toll32.asm.obj (.text)
                  00048aa4    0000008c     os_list.obj (.text:uxListRemove)
                  00048b30    00000088     bq76pl455.obj (.text:PLnode_setCellBalancing)
                  00048bb8    00000088     rtsv7R4_A_be_eabi.lib : fs_cmp32.asm.obj (.text:__aeabi_cfcmple)
                  00048c40    00000088                           : fs_cmp32.asm.obj (.text:__aeabi_cfrcmple)
                  00048cc8    00000088     het.obj (.text:het1HighLevelInterrupt)
                  00048d50    00000084     isabellaCan.obj (.text:ISA_getConfigResult)
                  00048dd4    00000084     rtsv7R4_A_be_eabi.lib : atoi.c.obj (.text:atoi)
                  00048e58    00000084     os_tasks.obj (.text:prvIdleTask)
                  00048edc    00000084     can_box_deliver.obj (.text:pushBoxToCh)
                  00048f60    00000084     rtsv7R4_A_be_eabi.lib : fs_toll32.asm.obj (.text)
                  00048fe4    00000080     isabellaCan.obj (.text:ISA_rxCanWithTmt)
                  00049064    00000080     bq76pl455.obj (.text:PL455_rxFrame)
                  000490e4    00000080     bq76pl455.obj (.text:PLchain_getBalReg)
                  00049164    00000080     battStackOsPort.obj (.text:battStackPort_readMail)
                  000491e4    00000080     qrb_ex.obj (.text:qrbx_enqueue)
                  00049264    0000007c     bq76pl455.obj (.text:PLchain_setCellBalThres)
                  000492e0    0000007c     plStack.obj (.text:PLstack_cellV)
                  0004935c    0000007c     canbus.obj (.text:canbusWaitForBox)
                  000493d8    0000007c     tps65381.obj (.text:tps65381_readWrite)
                  00049454    00000078     battStackOsPort.obj (.text:battStackPort_sendMail)
                  000494cc    00000078     can_box_deliver.obj (.text:getNodeChannel)
                  00049544    00000078     os_port.obj (.text:prvSetupDefaultMPU)
                  000495bc    00000078     system.obj (.text:trimLPO)
                  00049634    00000074     flash_task.obj (.text:Flash_Que_Init)
                  000496a8    00000074     IS25.obj (.text:IS25_init)
                  0004971c    00000074     sys_selftest.obj (.text:pbistFail)
                  00049790    00000074     qrb_ex.obj (.text:qrbx_dequeue)
                  00049804    00000074     os_list.obj (.text:vListInsertEnd)
                  00049878    00000070     bq76pl455.obj (.text:PL455_rxFrameWithTimeout)
                  000498e8    00000070     bq76pl455.obj (.text:PLchain_clrCellBal)
                  00049958    00000070     flash_box_deliver.obj (.text:initSystemFlashBoxStorage)
                  000499c8    00000070     battStack.obj (.text:init_BATTSTACK)
                  00049a38    00000070     main.obj (.text:isTimeout)
                  00049aa8    00000070     lcfu___iord.obj (.text:lcfu___IORD)
                  00049b18    00000070     can_box_deliver.obj (.text:pullBoxFromCh)
                  00049b88    0000006c     IS25.obj (.text:IS25_readMem)
                  00049bf4    0000006c     bq76pl455.obj (.text:PLchain_handleFault)
                  00049c60    0000006c     plStack.obj (.text:PLstack_cell2AuxTab)
                  00049ccc    0000006c     plStack.obj (.text:PLstack_countNodes)
                  00049d38    0000006c     plStack.obj (.text:PLstack_totalCellNum)
                  00049da4    0000006c     os_tasks.obj (.text:prvResetNextTaskUnblockTime)
                  00049e10    0000006c     qrb_ex.obj (.text:qrbx_full)
                  00049e7c    00000068     spi.obj (.text:SpiRxStatus)
                  00049ee4    00000068     spi.obj (.text:SpiTxStatus)
                  00049f4c    00000068     rtsv7R4_A_be_eabi.lib : autoinit.c.obj (.text:__TI_auto_init_nobinit_nopinit:__TI_auto_init_nobinit_nopinit)
                  00049fb4    00000068     os_port.obj (.text:prvGetMPURegionSizeSetting)
                  0004a01c    00000068     tmsOsPeripheral.obj (.text:tmsMutex_init)
                  0004a084    00000068     tmsOsPeripheral.obj (.text:tmsMutex_take)
                  0004a0ec    00000064     os_mpu_wrappers.obj (.text:MPU_xTaskCreate)
                  0004a150    00000064     sys_selftest.obj (.text:disableParity)
                  0004a1b4    00000064     sys_selftest.obj (.text:enableParity)
                  0004a218    00000064     system.obj (.text:periphInit)
                  0004a27c    00000060     can64_bit_opr.obj (.text:can64toCanBytes)
                  0004a2dc    0000005c     lcfu___anlg.obj (.text:lcfu___ANLG)
                  0004a338    0000005c     sys_selftest.obj (.text:pbistPortTestStatus)
                  0004a394    0000005c     rtsv7R4_A_be_eabi.lib : fd_toi32.asm.obj (.text)
                  0004a3f0    0000005c                           : fs_tod32.asm.obj (.text)
                  0004a44c    00000058     gio.obj (.text:gioToggleBit)
                  0004a4a4    00000058     rtsv7R4_A_be_eabi.lib : fd_tou32.asm.obj (.text)
                  0004a4fc    00000058     system.obj (.text:setupPLL)
                  0004a554    00000058     os_list.obj (.text:vListInitialise)
                  0004a5ac    00000054     os_mpu_wrappers.obj (.text:MPU_xQueueGenericReceive)
                  0004a600    00000054     os_mpu_wrappers.obj (.text:MPU_xQueueGenericSend)
                  0004a654    00000054     memOpr.obj (.text:memRd_F32)
                  0004a6a8    00000054     rtsv7R4_A_be_eabi.lib : i_div32.asm.obj (.text)
                  0004a6fc    00000054     system.obj (.text:setupFlash)
                  0004a750    00000054     rtsv7R4_A_be_eabi.lib : sscanf.c.obj (.text:sscanf)
                  0004a7a4    00000050     flash_task.obj (.text:Flash_Task_Init)
                  0004a7f4    00000050     IS25.obj (.text:IS25_sectorErase)
                  0004a844    00000050     LCAPI_GenCode.obj (.text:LC_GC_EP_callInitCold)
                  0004a894    00000050     gio.obj (.text:gioSetBit)
                  0004a8e4    00000050     rtsv7R4_A_be_eabi.lib : u_div32.asm.obj (.text)
                  0004a934    0000004c     LCAPI_GenCode.obj (.text:LC_GC_EP_callEntry)
                  0004a980    0000004c     LCAPI_GenCode.obj (.text:LC_GC_Task_getInterval)
                  0004a9cc    0000004c     LCAPI_GenCode.obj (.text:LC_GC_queryEP)
                  0004aa18    0000004c     LCAPI_GenCode.obj (.text:LC_GC_queryTask)
                  0004aa64    0000004c     os_mpu_wrappers.obj (.text:MPU_xQueueGenericCreate)
                  0004aab0    0000004c     rtsv7R4_A_be_eabi.lib : fs_toi32.asm.obj (.text)
                  0004aafc    0000004c                           : i_tofs32.asm.obj (.text)
                  0004ab48    0000004c     tmsOsPeripheral.obj (.text:tmsMutex_give)
                  0004ab94    00000048     LCAPI_GenCode.obj (.text:LC_GC_EP_getName)
                  0004abdc    00000048     LCAPI_GenCode.obj (.text:LC_GC_EP_getTask)
                  0004ac24    00000048     LCAPI_GenCode.obj (.text:LC_GC_Task_getName)
                  0004ac6c    00000048     LCAPI_GenCode.obj (.text:LC_GC_Task_getPriority)
                  0004acb4    00000048     lcfu_iec61131__CONVERT.obj (.text:LCfu_iec61131__CONVERT_roundhalfevenF)
                  0004acfc    00000048     plStack.obj (.text:PLstack_boardBalReg)
                  0004ad44    00000048     plStack.obj (.text:PLstack_boardCellNum)
                  0004ad8c    00000048     plStack.obj (.text:PLstack_boardFault)
                  0004add4    00000048     can_box_deliver.obj (.text:pullBoxFromNode)
                  0004ae1c    00000048     can_box_deliver.obj (.text:pushBoxToNode)
                  0004ae64    00000048     qrb_ex.obj (.text:qrbx_init)
                  0004aeac    00000044     isabellaCan.obj (.text:ISA_rxCan)
                  0004aef0    00000044     lcfu_iec61131__CONVERT.obj (.text:LCfu_iec61131__CONVERT_roundhalfeven_unsigned)
                  0004af34    00000044     bq76pl455.obj (.text:PLnode_getCellBalancing)
                  0004af78    00000044     battStackOsPort.obj (.text:battStackPort_init)
                  0004afbc    00000044     sys_selftest.obj (.text:memoryInit)
                  0004b000    00000040     IS25.obj (.text:IS25_rxBuffer)
                  0004b040    00000040     IS25.obj (.text:IS25_txBuffer)
                  0004b080    00000040     LCAPI_GenCode.obj (.text:LC_GC_getFingerprint)
                  0004b0c0    00000040     lcfu_iec61131__ENDIAN.obj (.text:LCfu_iec61131__ENDIAN_Swap4)
                  0004b100    00000040     memOpr.obj (.text:isLegalAddr)
                  0004b140    00000040     rtsv7R4_A_be_eabi.lib : ull_tofd32.asm.obj (.text)
                  0004b180    00000040     sci.obj (.text:sciEnableNotification)
                  0004b1c0    0000003c     IS25.obj (.text:IS25_transmit)
                  0004b1fc    0000003c     LCAPI_GenCode.obj (.text:LC_GC_getCodeImageInfo)
                  0004b238    0000003c     LCAPI_GenCode.obj (.text:LC_GC_getResourceName)
                  0004b274    0000003c     LC3PT_HEMABATTERY.obj (.text:LC_PT_Exec_HEMABATTERY)
                  0004b2b0    0000003c     rtsv7R4_A_be_eabi.lib : i_tofd32.asm.obj (.text)
                  0004b2ec    00000038     LCAPI_GenCode.obj (.text:LC_GC_getTimerFreq)
                  0004b324    00000038     sys_selftest.obj (.text:efcSelfTest)
                  0004b35c    00000038     sys_selftest.obj (.text:pbistIsTestPassed)
                  0004b394    00000038     rtsv7R4_A_be_eabi.lib : u_tofs32.asm.obj (.text)
                  0004b3cc    00000034     IS25.obj (.text:IS25_receive)
                  0004b400    00000034     isabellaCan.obj (.text:ISA_txCan)
                  0004b434    00000034     lcfu_iec61131__CONVERT.obj (.text:LCfu_iec61131__CONVERT_roundhalfevenF_unsigned)
                  0004b468    00000034     LC3_EPDB.obj (.text:LCocc_queryEP)
                  0004b49c    00000034     LC3Task.obj (.text:LCocc_queryTASK)
                  0004b4d0    00000034     os_mpu_wrappers.obj (.text:MPU_vTaskDelayUntil)
                  0004b504    00000034     os_mpu_wrappers.obj (.text:MPU_xQueueCreateMutex)
                  0004b538    00000034     main.obj (.text:edgeNotification)
                  0004b56c    00000034     rtsv7R4_A_be_eabi.lib : memcmp.c.obj (.text:memcmp)
                  0004b5a0    00000034     sys_selftest.obj (.text:pbistStop)
                  0004b5d4    00000034     qrb_ex.obj (.text:qrbx_empty)
                  0004b608    00000034     rtsv7R4_A_be_eabi.lib : u_tofd32.asm.obj (.text)
                  0004b63c    00000034                           : strncmp.c.obj (.text:strncmp)
                  0004b670    00000030     LCAPI_GenCode.obj (.text:LC_GC_getNumEPs)
                  0004b6a0    00000030     LCAPI_GenCode.obj (.text:LC_GC_getNumTasks)
                  0004b6d0    00000030     bq76pl455.obj (.text:PL_channel2V)
                  0004b700    00000030     bq76pl455.obj (.text:PL_channel2mv)
                  0004b730    00000030     plStack.obj (.text:PLstack_measurement)
                  0004b760    00000030     adc.obj (.text:adcIsConversionComplete)
                  0004b790    00000030     flashMutex.obj (.text:init_flashMutex)
                  0004b7c0    00000030     flash_box_deliver.obj (.text:pullBoxFromFlash)
                  0004b7f0    0000002c     IS25.obj (.text:IS25_waitWIP)
                  0004b81c    0000002c     os_mpu_wrappers.obj (.text:MPU_vTaskDelay)
                  0004b848    0000002c     os_mpu_wrappers.obj (.text:MPU_xTaskGetTickCount)
                  0004b874    0000002c     os_mpu_wrappers.obj (.text:MPU_xTaskResumeAll)
                  0004b8a0    0000002c     sys_selftest.obj (.text:pbistIsTestCompleted)
                  0004b8cc    0000002c     rtsv7R4_A_be_eabi.lib : strrchr.c.obj (.text:strrchr)
                  0004b8f8    00000028     plStack.obj (.text:PLstack_maxCellV)
                  0004b920    00000028     plStack.obj (.text:PLstack_minCellV)
                  0004b948    00000028     gio.obj (.text:gioGetBit)
                  0004b970    00000028     rtsv7R4_A_be_eabi.lib : strchr.c.obj (.text:strchr)
                  0004b998    00000024     LC3GV.obj (.text:LC_GV_Init)
                  0004b9bc    00000024     lcfu_iec61131__ENDIAN.obj (.text:LCfu_iec61131__ENDIAN_Swap2)
                  0004b9e0    00000024     os_mpu_wrappers.obj (.text:MPU_vTaskSuspendAll)
                  0004ba04    00000024     plStack.obj (.text:PLstack_fault)
                  0004ba28    00000024     rtsv7R4_A_be_eabi.lib : ll_lsl32.asm.obj (.text)
                  0004ba4c    00000024                           : ll_lsr32.asm.obj (.text)
                  0004ba70    00000020     main.obj (.text:LEDs_init)
                  0004ba90    00000020     gio.obj (.text:gioSetDirection)
                  0004bab0    00000020     sci.obj (.text:sciSetFunctional)
                  0004bad0    00000020     rtsv7R4_A_be_eabi.lib : strlen.c.obj (.text:strlen)
                  0004baf0    0000001c     MBRTMain.obj (.text:LC3_qw_get_current_time_ep)
                  0004bb0c    0000001c     main.obj (.text:LED1_off)
                  0004bb28    0000001c     plStack.obj (.text:PLstack_setBalThres)
                  0004bb44    0000001c     rtsv7R4_A_be_eabi.lib : sscanf.c.obj (.text:_inpchar)
                  0004bb60    0000001c     notification.obj (.text:memoryPort0TestFailNotification)
                  0004bb7c    0000001c     sci.obj (.text:sciIsTxReady)
                  0004bb98    0000001c     os_list.obj (.text:vListInitialiseItem)
                  0004bbb4    00000018     plStack.obj (.text:PLstack_avCellV)
                  0004bbcc    00000018     plStack.obj (.text:PLstack_totalCellV)
                  0004bbe4    00000018     notification.obj (.text:pwmNotification)
                  0004bbfc    00000018     rtsv7R4_A_be_eabi.lib : strcpy.c.obj (.text:strcpy)
                  0004bc14    00000014     plStack.obj (.text:PL455_intSet)
                  0004bc28    00000014     plStack.obj (.text:PLstack_clrBalThres)
                  0004bc3c    00000014     plStack.obj (.text:PLstack_getBalReg)
                  0004bc50    00000014     system.obj (.text:customTrimLPO)
                  0004bc64    00000014     rtsv7R4_A_be_eabi.lib : copy_decompress_none.c.obj (.text:decompress:none:__TI_decompress_none)
                  0004bc78    00000014     notification.obj (.text:spiNotification)
                  0004bc8c    00000010     chUart_qrbCom.obj (.text:Dprintf)
                  0004bc9c    00000010     plStack.obj (.text:PLstack_commTimeoutMsShutdown)
                  0004bcac    00000010     plStack.obj (.text:PLstack_numofBoards)
                  0004bcbc    00000010     rtsv7R4_A_be_eabi.lib : sscanf.c.obj (.text:_uninpchar)
                  0004bccc    00000010                           : copy_zero_init.c.obj (.text:decompress:ZI:__TI_zero_init)
                  0004bcdc    00000010     notification.obj (.text:esmGroup1Notification)
                  0004bcec    00000010     notification.obj (.text:esmGroup2Notification)
                  0004bcfc    00000010     sys_selftest.obj (.text:selftestFailNotification)
                  0004bd0c    00000010     notification.obj (.text:spiEndNotification)
                  0004bd1c    0000000c     plStack.obj (.text:PLstack_shutdown)
                  0004bd28    0000000c     rtsv7R4_A_be_eabi.lib : errno.c.obj (.text:__aeabi_errno_addr)
                  0004bd34    0000000c                           : s_copysign.c.obj (.text:copysign)
                  0004bd40    00000008     LC3_EPDB.obj (.text:LCocc_queryEPCount)
                  0004bd48    00000008     LC3Task.obj (.text:LCocc_queryTASKCount)
                  0004bd50    00000008     rtsv7R4_A_be_eabi.lib : exit.c.obj (.text:abort:abort)
                  0004bd58    00000004     main.obj (.text:LED2_off)
                  0004bd5c    00000004     sys_selftest.obj (.text:custom_dabort)
                  0004bd60    00000004     sys_startup.obj (.text:handlePLLLockFail)
                  0004bd64    00000004     sys_phantom.obj (.text:phantomInterrupt)
                  0004bd68    00000004     rtsv7R4_A_be_eabi.lib : div0.asm.obj (.text)

.const     0    0004bd70    00000aa8     
                  0004bd70    000003a0     het.obj (.const:het1PROGRAM)
                  0004c110    00000200     bq76pl455.obj (.const:crc16_table)
                  0004c310    00000180     sys_vim.obj (.const:s_vim_init)
                  0004c490    00000101     rtsv7R4_A_be_eabi.lib : ctype.c.obj (.const:.string:_ctypes_)
                  0004c591    00000007                           : _scanfi.c.obj (.const:.string:flit$1)
                  0004c598    00000080                           : strtod.c.obj (.const:digits)
                  0004c618    0000004c     LC3AppInfo.obj (.const:.string)
                  0004c664    00000002     lcfu___fmemw_real.obj (.const:$P$T1$2)
                  0004c666    00000002     lcfu___fmemw_real.obj (.const:$P$T2$3)
                  0004c668    00000048     rtsv7R4_A_be_eabi.lib : strtod.c.obj (.const:powerof10)
                  0004c6b0    00000040     lcfu___safety_power.obj (.const:tokenAnswers)
                  0004c6f0    00000038     bq76pl455.obj (.const:commTimeoutShutdown)
                  0004c728    00000020     canbus.obj (.const:canByteOrder)
                  0004c748    00000018     lcfu___fmemw_real.obj (.const:$P$T0$1)
                  0004c760    00000018     LC3AppInfo.obj (.const)
                  0004c778    00000010     rtsv7R4_A_be_eabi.lib : e_fmod.c.obj (.const:Zero)
                  0004c788    00000010                           : e_pow.c.obj (.const:bp)
                  0004c798    00000010                           : e_pow.c.obj (.const:dp_h)
                  0004c7a8    00000010                           : e_pow.c.obj (.const:dp_l)
                  0004c7b8    0000000f     LC3GV_EPDB.obj (.const:.string)
                  0004c7c7    00000001     --HOLE-- [fill = 0]
                  0004c7c8    0000000c     LC3PI_EPDB_PROGRAM1.obj (.const:.string)
                  0004c7d4    0000000c     LC3Task_DEFAULTTASK.obj (.const:.string)
                  0004c7e0    0000000c     adc.obj (.const:s_adcFiFoSize)
                  0004c7ec    00000008     isabellaCan.obj (.const:.string:$P$T0$1)
                  0004c7f4    00000008     isabellaCan.obj (.const:.string:$P$T1$2)
                  0004c7fc    00000008     isabellaCan.obj (.const:.string:$P$T4$5)
                  0004c804    00000008     rtsv7R4_A_be_eabi.lib : e_fmodf.c.obj (.const:Zero)
                  0004c80c    00000006     isabellaCan.obj (.const:$P$T2$3)
                  0004c812    00000006     rtsv7R4_A_be_eabi.lib : _scanfi.c.obj (.const:.string:barr$2)

.kernelBSS 
*          0    08000400    00000104     UNINITIALIZED
                  08000400    000000d0     os_tasks.obj (.kernelBSS:uninit)
                  080004d0    00000034     os_tasks.obj (.kernelBSS:init)

.kernelHEAP 
*          0    08000600    00002000     UNINITIALIZED
                  08000600    00002000     os_heap.obj (.kernelHEAP)

.bss       0    08002800    00003dfe     UNINITIALIZED
                  08002800    000034e0     (.common:LC_ProgramInstanceData_PROGRAM1)
                  08005ce0    00000200     IS25.obj (.bss:flashRAM$2)
                  08005ee0    00000138     (.common:plStack)
                  08006018    000000ac     (.common:battStack)
                  080060c4    00000090     (.common:isabelcfg)
                  08006154    00000080     (.common:adcData)
                  080061d4    00000080     (.common:rs_inBuf)
                  08006254    00000080     (.common:rs_outBuf)
                  080062d4    00000074     (.common:toBattStack)
                  08006348    00000060     (.common:anlgData)
                  080063a8    00000048     spi.obj (.bss:g_spiPacket_t)
                  080063f0    00000040     (.common:LC_TASK_StringStackBuffer_DEFAULTTASK)
                  08006430    00000030     (.common:boxQue)
                  08006460    0000002c     (.common:rsCom)
                  0800648c    00000004     (.common:LC_minPriority)
                  08006490    00000028     (.common:logiTask)
                  080064b8    00000028     (.common:tmsPrpMutex)
                  080064e0    00000024     (.common:boxBuf1)
                  08006504    00000018     flash_task.obj (.bss:flashRxMessage$1)
                  0800651c    00000018     (.common:rs_in)
                  08006534    00000018     (.common:rs_out)
                  0800654c    00000014     sci.obj (.bss:g_sciTransfer_t)
                  08006560    00000014     (.common:boxBuf2)
                  08006574    0000000c     (.common:fromBattStack)
                  08006580    00000008     os_heap.obj (.bss:xStart)
                  08006588    00000008     (.common:ticksPerSec)
                  08006590    00000004     (.common:battMailbox)
                  08006594    00000004     (.common:battStackMutex)
                  08006598    00000004     (.common:bcuMailbox)
                  0800659c    00000004     (.common:codeImageInfo)
                  080065a0    00000004     (.common:ep)
                  080065a4    00000004     (.common:epIdx)
                  080065a8    00000004     (.common:epTask)
                  080065ac    00000004     (.common:fingerprint)
                  080065b0    00000004     (.common:flashMutex)
                  080065b4    00000004     (.common:flashTaskQueueMailBox)
                  080065b8    00000004     (.common:flashTaskResponse)
                  080065bc    00000004     (.common:flashboxes)
                  080065c0    00000004     (.common:j)
                  080065c4    00000004     (.common:lastMeasurement)
                  080065c8    00000004     (.common:lastMeasurement1)
                  080065cc    00000004     (.common:lastMeasurement11)
                  080065d0    00000004     (.common:lastMeasurement12)
                  080065d4    00000004     (.common:resourceName)
                  080065d8    00000004     (.common:safetyTick)
                  080065dc    00000004     (.common:task)
                  080065e0    00000004     (.common:taskIdx)
                  080065e4    00000004     (.common:testTick)
                  080065e8    00000004     (.common:usart1in)
                  080065ec    00000004     (.common:usart1out)
                  080065f0    00000004     (.common:usart2in)
                  080065f4    00000004     (.common:usart2out)
                  080065f8    00000002     flash_task.obj (.bss:fResponseTxMessage$2)
                  080065fa    00000001     (.common:currentTokenValue)
                  080065fb    00000001     (.common:flashTaskState)
                  080065fc    00000001     (.common:g_LC3_GVInstanceData)
                  080065fd    00000001     (.common:tpsstate)

.data      0    08006600    0000025c     UNINITIALIZED
                  08006600    00000088     LC3GV_EPDB.obj (.data:LC_vg_GV_EPDB)
                  08006688    00000088     LC3PI_EPDB_PROGRAM1.obj (.data:LC_vg_PI_EPDB_PROGRAM1)
                  08006710    00000050     isabellaCan.obj (.data:isaRx)
                  08006760    00000048     LC3Task_DEFAULTTASK.obj (.data:LC_vg_Task_DEFAULTTASK)
                  080067a8    00000030     can_box_deliver.obj (.data:canDeliverLines)
                  080067d8    00000010     isabellaCan.obj (.data:isaTx)
                  080067e8    00000010     main.obj (.data)
                  080067f8    00000010     os_heap.obj (.data)
                  08006808    0000000c     LC3Task_DEFAULTTASK.obj (.data:LC_vg_StringStack_DEFAULTTASK)
                  08006814    00000008     LC3GV_EPDB.obj (.data:LC_GV_CCED)
                  0800681c    00000008     LC3PI_CCED_PROGRAM1.obj (.data:LC_vg_CCED_PROGRAM1)
                  08006824    00000008     LC3_EPDB.obj (.data:LC_vg_EPDBTable)
                  0800682c    00000008     battStack.obj (.data)
                  08006834    00000008     os_port.obj (.data)
                  0800683c    00000006     plStack.obj (.data)
                  08006842    00000001     lcfu___safety_power.obj (.data)
                  08006843    00000001     --HOLE--
                  08006844    00000004     LC3Task.obj (.data:LC_vg_TaskTable)
                  08006848    00000004     can_box_deliver.obj (.data)
                  0800684c    00000004     IS25.obj (.data:conf_IS25_spi)
                  08006850    00000004     tps65381.obj (.data:conf_tps_spi)
                  08006854    00000004     isabellaCan.obj (.data)
                  08006858    00000004     rtsv7R4_A_be_eabi.lib : errno.c.obj (.data)

__llvm_prf_cnts 
*          0    08002800    00000000     UNINITIALIZED

MODULE SUMMARY

       Module                              code     ro data   rw data
       ------                              ----     -------   -------
    .\
       sci.obj                             900      0         20     
       sys_intvecs.obj                     32       0         0      
    +--+-----------------------------------+--------+---------+---------+
       Total:                              932      0         20     
                                                                     
    .\ADC_TMS\
       adc_tms.obj                         1536     0         240    
    +--+-----------------------------------+--------+---------+---------+
       Total:                              1536     0         240    
                                                                     
    .\BATTERY1\PL455\
       bq76pl455.obj                       11323    568       0      
       plStack.obj                         3312     0         318    
    +--+-----------------------------------+--------+---------+---------+
       Total:                              14635    568       318    
                                                                     
    .\BATTERY1\batt_OS\
       battStack.obj                       3012     0         184    
       battStackOsPort.obj                 316      0         8      
    +--+-----------------------------------+--------+---------+---------+
       Total:                              3328     0         192    
                                                                     
    .\CAN\src\
       canbus.obj                          2376     32        0      
       can_box_deliver.obj                 712      0         156    
       can64_bit_opr.obj                   332      0         0      
    +--+-----------------------------------+--------+---------+---------+
       Total:                              3420     32        156    
                                                                     
    .\FLASH\FLASH_IS25\
       IS25.obj                            1492     0         516    
    +--+-----------------------------------+--------+---------+---------+
       Total:                              1492     0         516    
                                                                     
    .\FLASH\MEM_OPR\
       memOpr.obj                          148      0         0      
    +--+-----------------------------------+--------+---------+---------+
       Total:                              148      0         0      
                                                                     
    .\FLASH\flashTask\
       flash_task.obj                      688      0         35     
       flash_box_deliver.obj               160      0         4      
    +--+-----------------------------------+--------+---------+---------+
       Total:                              848      0         39     
                                                                     
    .\FLASH\flashmutex\
       flashMutex.obj                      48       0         4      
    +--+-----------------------------------+--------+---------+---------+
       Total:                              48       0         4      
                                                                     
    .\ISABEL\
       isabellaCan.obj                     2472     30        100    
       isabelcfg.obj                       760      0         144    
    +--+-----------------------------------+--------+---------+---------+
       Total:                              3232     30        244    
                                                                     
    .\LOGICAD\LOGI.CALS\nRTS\
       LCAPI_GenCode.obj                   1008     0         0      
    +--+-----------------------------------+--------+---------+---------+
       Total:                              1008     0         0      
                                                                     
    .\LOGICAD\LOGI.CALS\uRTS3\
       MBRTMain.obj                        28       0         0      
    +--+-----------------------------------+--------+---------+---------+
       Total:                              28       0         0      
                                                                     
    .\LOGICAD\com.logicals.lc3.library.standard__3.2.2\SOURCES\
       lcfu_iec61131__CONVERT.obj          668      0         0      
       lcfu_iec61131__ENDIAN.obj           336      0         0      
       lcfu_iec61131__TP.obj               308      0         0      
       lcfu_iec61131__TOF.obj              256      0         0      
       lcfu_iec61131__TON.obj              256      0         0      
       lcfu_iec61131__CTU.obj              240      0         0      
    +--+-----------------------------------+--------+---------+---------+
       Total:                              2064     0         0      
                                                                     
    .\LS0432_rtos_bmsmu\source\
       os_heap.obj                         1512     0         8216   
       os_tasks.obj                        6016     0         260    
       sys_selftest.obj                    5060     0         0      
       os_queue.obj                        3112     0         0      
       spi.obj                             2288     0         72     
       os_port.obj                         1340     0         8      
       het.obj                             396      928       0      
       sys_vim.obj                         888      384       0      
       os_portasm.obj                      944      0         0      
       adc.obj                             896      12        0      
       system.obj                          848      0         0      
       errata_SSWF021_45.obj               772      0         0      
       sys_core.obj                        720      0         0      
       os_mpu_wrappers.obj                 616      0         0      
       esm.obj                             580      0         0      
       os_list.obj                         568      0         0      
       sys_startup.obj                     536      0         0      
       gio.obj                             436      0         0      
       dabort.obj                          232      0         0      
       sys_pmu.obj                         224      0         0      
       pinmux.obj                          196      0         0      
       notification.obj                    120      0         0      
       sys_phantom.obj                     4        0         0      
    +--+-----------------------------------+--------+---------+---------+
       Total:                              28304    1324      8556   
                                                                     
    .\TPS\
       tps65381.obj                        124      0         4      
    +--+-----------------------------------+--------+---------+---------+
       Total:                              124      0         4      
                                                                     
    .\UART1\
       chUart_qrbCom.obj                   240      0         348    
    +--+-----------------------------------+--------+---------+---------+
       Total:                              240      0         348    
                                                                     
    .\UART1\uart_ex\
       uart_ext.obj                        1072     0         16     
       qrb_ex.obj                          724      0         0      
    +--+-----------------------------------+--------+---------+---------+
       Total:                              1796     0         16     
                                                                     
    .\logi\src-gen\
       lcpu___hemabattery.obj              33720    0         0      
       lcfu___bcu_fault_codes.obj          7272     0         0      
       lcfu___cms_ivt.obj                  5868     0         0      
       lcfu___essstate1.obj                3392     0         0      
       lcfu___bcu_state_message.obj        2464     0         0      
       lcfu___chargestate.obj              1684     0         0      
       lcfu___gui.obj                      1672     0         0      
       lcfu___prechargecan.obj             1544     0         0      
       lcfu___max_min_voltage_status.obj   1512     0         0      
       lcfu___bcu_status2.obj              1448     0         0      
       lcfu___socstate.obj                 1320     0         0      
       lcfu___bcu_cell_status.obj          1288     0         0      
       lcfu___balance_isz.obj              1284     0         0      
       lcfu___bcu_id.obj                   1192     0         0      
       lcfu___bcu_battery_status.obj       1128     0         0      
       lcfu___hvcu_control_state.obj       968      0         0      
       lcfu___wflt.obj                     956      0         0      
       lcfu___can_test.obj                 940      0         0      
       lcfu___ampmulttempdis.obj           920      0         0      
       lcfu___dgtin.obj                    836      0         0      
       lcfu___hvcu_config.obj              808      0         0      
       lcfu___ampmulttemp.obj              800      0         0      
       lcfu___ampmultvoltchar.obj          748      0         0      
       lcfu___ampmultvoltdisc.obj          744      0         0      
       lcfu___wbit.obj                     704      0         0      
       lcfu___rbit.obj                     440      0         0      
       lcfu___arr2val.obj                  404      0         0      
       lcfu___socisz.obj                   316      0         0      
       lcfu___flash.obj                    312      0         0      
       lcfu___numofcells.obj               272      0         0      
       lcfu___tbuffer.obj                  168      0         0      
       lcfu___buffer.obj                   160      0         0      
    +--+-----------------------------------+--------+---------+---------+
       Total:                              77284    0         0      
                                                                     
    .\logi\src-gen\localconfiguration\local.builtinplc\
       LC3AppInfo.obj                      176      100       0      
       LC3GV_EPDB.obj                      0        15        144    
       LC3_EPDB.obj                        60       0         8      
       LC3Task.obj                         60       0         4      
       LC3GV.obj                           36       0         1      
    +--+-----------------------------------+--------+---------+---------+
       Total:                              332      115       157    
                                                                     
    .\logi\src-gen\localconfiguration\local.builtinplc\instances\
       LC3PI_INSTANCE_DATA_PROGRAM1.obj    0        0         13536  
       LC3PI_EPDB_PROGRAM1.obj             0        12        136    
       LC3PI_CCED_PROGRAM1.obj             0        0         8      
    +--+-----------------------------------+--------+---------+---------+
       Total:                              0        12        13680  
                                                                     
    .\logi\src-gen\localconfiguration\local.builtinplc\tasks\
       LC3Task_DEFAULTTASK.obj             0        12        148    
    +--+-----------------------------------+--------+---------+---------+
       Total:                              0        12        148    
                                                                     
    .\logi\src-gen\localconfiguration\local.builtinplc\types\
       LC3PT_HEMABATTERY.obj               75884    0         0      
    +--+-----------------------------------+--------+---------+---------+
       Total:                              75884    0         0      
                                                                     
    .\logi\src\srcBCU\
       lcfu___battstackinfo.obj            1624     0         0      
       lcfu___battstack.obj                1300     0         128    
       lcfu___safety_power.obj             816      64        11     
       lcfu___updowncnttim.obj             404      0         0      
    +--+-----------------------------------+--------+---------+---------+
       Total:                              4144     64        139    
                                                                     
    .\logi\src\srcCommon\
       lcfu___bamtx.obj                    1508     0         0      
       lcfu___canrecv.obj                  1420     0         0      
       lcfu___cansend.obj                  1256     0         0      
       lcfu___ntc.obj                      352      0         0      
       lcfu___iowr.obj                     196      0         0      
       lcfu___isabelinit.obj               180      0         0      
       lcfu___iord.obj                     112      0         0      
       lcfu___anlg.obj                     92       0         0      
    +--+-----------------------------------+--------+---------+---------+
       Total:                              5116     0         0      
                                                                     
    .\logi\src\srcCommon\GUIcfg\
       lcfu___guicfg_int.obj               160      0         0      
       lcfu___guicfg_real.obj              160      0         0      
    +--+-----------------------------------+--------+---------+---------+
       Total:                              320      0         0      
                                                                     
    .\logi\src\srcCommon\MEM\
       lcfu___rmem_real.obj                264      0         0      
    +--+-----------------------------------+--------+---------+---------+
       Total:                              264      0         0      
                                                                     
    .\logi\src\srcCommon\flashMem_v2\
       lcfu___fmemw_real.obj               924      28        0      
    +--+-----------------------------------+--------+---------+---------+
       Total:                              924      28        0      
                                                                     
    .\spicustom\
       spiRxTx.obj                         612      0         0      
    +--+-----------------------------------+--------+---------+---------+
       Total:                              612      0         0      
                                                                     
    .\src\
       main.obj                            2712     0         104    
       ConfigRead.obj                      1868     0         0      
    +--+-----------------------------------+--------+---------+---------+
       Total:                              4580     0         104    
                                                                     
    .\tmsOS\
       tmsOsPeripheral.obj                 460      0         40     
    +--+-----------------------------------+--------+---------+---------+
       Total:                              460      0         40     
                                                                     
    C:\ti\ccs1281\ccs\tools\compiler\ti-cgt-arm_20.2.7.LTS\lib\rtsv7R4_A_be_eabi.lib
       _scanfi.c.obj                       4600     13        0      
       e_pow.c.obj                         3724     48        0      
       strtod.c.obj                        1636     200       0      
       e_log.c.obj                         1420     0         0      
       e_logf.c.obj                        908      0         0      
       e_fmod.c.obj                        804      16        0      
       strtoll.c.obj                       712      0         0      
       ull_div32.asm.obj                   692      0         0      
       strtoull.c.obj                      576      0         0      
       fd_add32.asm.obj                    532      0         0      
       strtol.c.obj                        500      0         0      
       e_sqrt.c.obj                        492      0         0      
       fd_cmp32.asm.obj                    448      0         0      
       strtoul.c.obj                       440      0         0      
       e_fmodf.c.obj                       404      8         0      
       fd_div32.asm.obj                    400      0         0      
       memcpy32.asm.obj                    384      0         0      
       s_floor.c.obj                       344      0         0      
       sscanf.c.obj                        332      0         0      
       fs_add32.asm.obj                    308      0         0      
       fd_mul32.asm.obj                    296      0         0      
       s_scalbn.c.obj                      288      0         0      
       fs_cmp32.asm.obj                    272      0         0      
       ctype.c.obj                         0        257       0      
       s_modf.c.obj                        232      0         0      
       fs_div32.asm.obj                    212      0         0      
       memset32.asm.obj                    176      0         0      
       fs_mul32.asm.obj                    168      0         0      
       fd_tos32.asm.obj                    156      0         0      
       ll_div32.asm.obj                    152      0         0      
       copy_decompress_lzss.c.obj          144      0         0      
       fd_toll32.asm.obj                   140      0         0      
       s_modff.c.obj                       140      0         0      
       atoi.c.obj                          132      0         0      
       fs_toll32.asm.obj                   132      0         0      
       autoinit.c.obj                      104      0         0      
       fd_toi32.asm.obj                    92       0         0      
       fs_tod32.asm.obj                    92       0         0      
       fd_tou32.asm.obj                    88       0         0      
       i_div32.asm.obj                     84       0         0      
       u_div32.asm.obj                     80       0         0      
       fs_toi32.asm.obj                    76       0         0      
       i_tofs32.asm.obj                    76       0         0      
       ull_tofd32.asm.obj                  64       0         0      
       i_tofd32.asm.obj                    60       0         0      
       u_tofs32.asm.obj                    56       0         0      
       memcmp.c.obj                        52       0         0      
       strncmp.c.obj                       52       0         0      
       u_tofd32.asm.obj                    52       0         0      
       strrchr.c.obj                       44       0         0      
       strchr.c.obj                        40       0         0      
       ll_lsl32.asm.obj                    36       0         0      
       ll_lsr32.asm.obj                    36       0         0      
       strlen.c.obj                        32       0         0      
       strcpy.c.obj                        24       0         0      
       copy_decompress_none.c.obj          20       0         0      
       copy_zero_init.c.obj                16       0         0      
       errno.c.obj                         12       0         4      
       s_copysign.c.obj                    12       0         0      
       exit.c.obj                          8        0         0      
       div0.asm.obj                        4        0         0      
    +--+-----------------------------------+--------+---------+---------+
       Total:                              23608    542       4      
                                                                     
       Linker Generated:                   0        284       0      
    +--+-----------------------------------+--------+---------+---------+
       Grand Total:                        256711   3011      24925  


LINKER GENERATED COPY TABLES

__TI_cinit_table @ 0000ee80 records: 4, size/record: 8, table size: 32
	.data: load addr=0000ed80, load size=000000d7 bytes, run addr=08006600, run size=0000025c bytes, compression=lzss
	.kernelBSS: load addr=0000ee64, load size=00000009 bytes, run addr=08000400, run size=00000104 bytes, compression=lzss
	.bss: load addr=0000ee70, load size=00000008 bytes, run addr=08002800, run size=00003dfe bytes, compression=zero_init
	.kernelHEAP: load addr=0000ee78, load size=00000008 bytes, run addr=08000600, run size=00002000 bytes, compression=zero_init


LINKER GENERATED HANDLER TABLE

__TI_handler_table @ 0000ee58 records: 3, size/record: 4, table size: 12
	index: 0, handler: __TI_decompress_lzss
	index: 1, handler: __TI_decompress_none
	index: 2, handler: __TI_zero_init


GLOBAL SYMBOLS: SORTED ALPHABETICALLY BY Name 

address   name                                          
-------   ----                                          
00032148  BATTSTACK                                     
0004bd50  C$$EXIT                                       
000487dc  CRC16                                         
00034758  ConfigRead                                    
0004bc8c  Dprintf                                       
00049634  Flash_Que_Init                                
000402a0  Flash_Task_Handler                            
0004a7a4  Flash_Task_Init                               
000496a8  IS25_init                                     
00040678  IS25_progMem_reduced                          
00049b88  IS25_readMem                                  
0004b3cc  IS25_receive                                  
0004b000  IS25_rxBuffer                                 
0004a7f4  IS25_sectorErase                              
0004b1c0  IS25_transmit                                 
0004b040  IS25_txBuffer                                 
0004b7f0  IS25_waitWIP                                  
000414ac  IS25_writeMem                                 
08006854  ISABELCAN                                     
0003f114  ISABELLA_init                                 
00048d50  ISA_getConfigResult                           
00047060  ISA_getDeviceID                               
00047ce0  ISA_getSerialNumber                           
0004aeac  ISA_rxCan                                     
00048fe4  ISA_rxCanWithTmt                              
00047d8c  ISA_setMode                                   
00047e38  ISA_setconfigResult                           
00046acc  ISA_storeConfigItems                          
0004b400  ISA_txCan                                     
0004baf0  LC3_qw_get_current_time_ep                    
0004a934  LC_GC_EP_callEntry                            
0004a844  LC_GC_EP_callInitCold                         
0004ab94  LC_GC_EP_getName                              
0004abdc  LC_GC_EP_getTask                              
0004a980  LC_GC_Task_getInterval                        
0004ac24  LC_GC_Task_getName                            
0004ac6c  LC_GC_Task_getPriority                        
0004b1fc  LC_GC_getCodeImageInfo                        
0004b080  LC_GC_getFingerprint                          
0004b670  LC_GC_getNumEPs                               
0004b6a0  LC_GC_getNumTasks                             
0004b238  LC_GC_getResourceName                         
0004b2ec  LC_GC_getTimerFreq                            
0004a9cc  LC_GC_queryEP                                 
0004aa18  LC_GC_queryTask                               
08006814  LC_GV_CCED                                    
0004b998  LC_GV_Init                                    
0004b274  LC_PT_Exec_HEMABATTERY                        
00010024  LC_PT_Init_HEMABATTERY                        
08002800  LC_ProgramInstanceData_PROGRAM1               
080063f0  LC_TASK_StringStackBuffer_DEFAULTTASK         
0800648c  LC_minPriority                                
000465d8  LC_task                                       
0800681c  LC_vg_CCED_PROGRAM1                           
08006824  LC_vg_EPDBTable                               
08006600  LC_vg_GV_EPDB                                 
08006688  LC_vg_PI_EPDB_PROGRAM1                        
08006808  LC_vg_StringStack_DEFAULTTASK                 
08006844  LC_vg_TaskTable                               
08006760  LC_vg_Task_DEFAULTTASK                        
0004acb4  LCfu_iec61131__CONVERT_roundhalfevenF         
0004b434  LCfu_iec61131__CONVERT_roundhalfevenF_unsigned
0004aef0  LCfu_iec61131__CONVERT_roundhalfeven_unsigned 
0004b9bc  LCfu_iec61131__ENDIAN_Swap2                   
0004b0c0  LCfu_iec61131__ENDIAN_Swap4                   
00045404  LCfu_iec61131__ENDIAN_Swap8                   
0004b468  LCocc_queryEP                                 
0004bd40  LCocc_queryEPCount                            
0004b49c  LCocc_queryTASK                               
0004bd48  LCocc_queryTASKCount                          
0004bb0c  LED1_off                                      
0004bd58  LED2_off                                      
0004ba70  LEDs_init                                     
0004b81c  MPU_vTaskDelay                                
0004b4d0  MPU_vTaskDelayUntil                           
0004b9e0  MPU_vTaskSuspendAll                           
0004b504  MPU_xQueueCreateMutex                         
0004aa64  MPU_xQueueGenericCreate                       
0004a5ac  MPU_xQueueGenericReceive                      
0004a600  MPU_xQueueGenericSend                         
0004a0ec  MPU_xTaskCreate                               
0004b848  MPU_xTaskGetTickCount                         
0004b874  MPU_xTaskResumeAll                            
000477f8  NTC_tempSteinhartK                            
00046b98  NTCtemp                                       
0004242c  PL455_frmFsmDecode                            
0004bc14  PL455_intSet                                  
000429a4  PL455_readReg                                 
00049064  PL455_rxFrame                                 
00049878  PL455_rxFrameWithTimeout                      
0004085c  PL455_writeFrame                              
00038d2c  PL455_writeReg                                
0004b6d0  PL_channel2V                                  
0004b700  PL_channel2mv                                 
00045e00  PLchain_avCellSense                           
000498e8  PLchain_clrCellBal                            
000433ac  PLchain_displayChannelVoltages                
000490e4  PLchain_getBalReg                             
00049bf4  PLchain_handleFault                           
00030d30  PLchain_init                                  
00043af0  PLchain_maxAuxSense                           
00044740  PLchain_maxCellSense                          
00042af0  PLchain_minAuxSense                           
000440c8  PLchain_minCellSense                          
00043d50  PLchain_sampleAndReadNodeChannels             
00049264  PLchain_setCellBalThres                       
00047ee4  PLchain_shutDown                              
00047f90  PLchain_totalCellSense                        
000332d4  PLfaults                                      
0004af34  PLnode_getCellBalancing                       
0003fa68  PLnode_getChannels                            
000474f8  PLnode_setCellBalThres                        
00048b30  PLnode_setCellBalancing                       
00044f4c  PLstack_aux2CellTab                           
0004bbb4  PLstack_avCellV                               
0004acfc  PLstack_boardBalReg                           
0004ad44  PLstack_boardCellNum                          
0004ad8c  PLstack_boardFault                            
00049c60  PLstack_cell2AuxTab                           
000492e0  PLstack_cellV                                 
00046c64  PLstack_channelV                              
0004bc28  PLstack_clrBalThres                           
0004bc9c  PLstack_commTimeoutMsShutdown                 
00049ccc  PLstack_countNodes                            
0004ba04  PLstack_fault                                 
0004bc3c  PLstack_getBalReg                             
00042134  PLstack_getFault                              
00040f84  PLstack_init                                  
0004b8f8  PLstack_maxCellV                              
00045ee0  PLstack_maxTempAux                            
0004b730  PLstack_measurement                           
0004b920  PLstack_minCellV                              
00045fc0  PLstack_minTempAux                            
0004bcac  PLstack_numofBoards                           
0004bb28  PLstack_setBalThres                           
0004bd1c  PLstack_shutdown                              
00047124  PLstack_tempAux                               
00049d38  PLstack_totalCellNum                          
0004bbcc  PLstack_totalCellV                            
UNDEFED   SHT$$INIT_ARRAY$$Base                         
UNDEFED   SHT$$INIT_ARRAY$$Limit                        
00043e78  SPI_rxBuffer                                  
00042ff8  SPI_txBuffer                                  
00049e7c  SpiRxStatus                                   
00049ee4  SpiTxStatus                                   
00045134  UARTx_initHW                                  
00040c04  UARTx_sendData                                
000486ac  UARTx_writeChar                               
0000ee80  __TI_CINIT_Base                               
0000eea0  __TI_CINIT_Limit                              
0000ee58  __TI_Handler_Table_Base                       
0000ee64  __TI_Handler_Table_Limit                      
0003e3b0  __TI_PINIT_Base                               
0003e3b4  __TI_PINIT_Limit                              
00049f4c  __TI_auto_init_nobinit_nopinit                
00048870  __TI_decompress_lzss                          
0004bc64  __TI_decompress_none                          
ffffffff  __TI_pprof_out_hndl                           
ffffffff  __TI_prof_data_size                           
ffffffff  __TI_prof_data_start                          
0002df5c  __TI_scanfi                                   
0000ed80  __TI_static_base__                            
0004bccc  __TI_zero_init                                
000460a0  __aeabi_cdcmpeq                               
000460a0  __aeabi_cdcmple                               
00046180  __aeabi_cdrcmple                              
00048bb8  __aeabi_cfcmpeq                               
00048bb8  __aeabi_cfcmple                               
00048c40  __aeabi_cfrcmple                              
00048610  __aeabi_d2f                                   
0004a394  __aeabi_d2iz                                  
00048a18  __aeabi_d2lz                                  
0004a4a4  __aeabi_d2uiz                                 
0003fea4  __aeabi_dadd                                  
00041c9c  __aeabi_ddiv                                  
00043fa0  __aeabi_dmul                                  
[...]
0004638c  _pmuEnableCountersGlobal_                     
0004639c  _pmuDisableCountersGlobal_                    
000463ac  _pmuResetCycleCounter_                        
000463bc  _pmuResetEventCounters_                       
000463cc  _pmuResetCounters_                            
000463dc  _pmuStartCounters_                            
000463e4  _pmuStopCounters_                             
000463ec  _pmuSetCountEvent_                            
000463f8  _pmuGetCycleCount_                            
00046400  _pmuGetEventCount_                            
0004640c  _pmuGetOverflow_                              
00046420  can1ParityCheck                               
000464fc  can2ParityCheck                               
000465d8  LC_task                                       
000466b0  isaGetCfgResultData                           
00046788  __aeabi_fdiv                                  
000469fc  sciSetBaudrate                                
00046acc  ISA_storeConfigItems                          
00046b98  NTCtemp                                       
00046c64  PLstack_channelV                              
00046dfc  getLine                                       
00046ec8  initSystemCanBoxStorage                       
00046f94  systemInit                                    
00047060  ISA_getDeviceID                               
00047124  PLstack_tempAux                               
000471e8  gioInit                                       
000472ac  lcfu___IOWR                                   
00047370  muxInit                                       
00047434  vListInsert                                   
000474f8  PLnode_setCellBalThres                        
000475b8  efcStuckZeroTest                              
00047678  htu1ParityCheck                               
00047738  vimParityCheck                                
000477f8  NTC_tempSteinhartK                            
000478b4  adc1ParityCheck                               
0004796c  lcfu___ISABELINIT                             
00047a20  het1ParityCheck                               
00047ad0  lc_get_application_info                       
00047b80  __aeabi_memclr                                
00047b80  __aeabi_memclr4                               
00047b80  __aeabi_memclr8                               
00047b84  __aeabi_memset                                
00047b84  __aeabi_memset4                               
00047b84  __aeabi_memset8                               
00047b90  memset                                        
00047c30  tmsMutex_getModule                            
00047ce0  ISA_getSerialNumber                           
00047d8c  ISA_setMode                                   
00047e38  ISA_setconfigResult                           
00047ee4  PLchain_shutDown                              
00047f90  PLchain_totalCellSense                        
000480e8  checkefcSelfTest                              
00048194  emptyIsabelRxCan                              
0004823c  lcfu___TBUFFER                                
000482e4  __aeabi_fmul                                  
0004838c  isaSetCfgResultData                           
00048430  lcfu___BUFFER                                 
000484d0  lcfu___GUICFG_INT                             
00048570  lcfu___GUICFG_REAL                            
00048610  __aeabi_d2f                                   
000486ac  UARTx_writeChar                               
00048744  __aeabi_ldivmod                               
000487dc  CRC16                                         
00048870  __TI_decompress_lzss                          
00048900  efcCheck                                      
0004898c  modff                                         
00048a18  __aeabi_d2lz                                  
00048aa4  uxListRemove                                  
00048b30  PLnode_setCellBalancing                       
00048bb8  __aeabi_cfcmpeq                               
00048bb8  __aeabi_cfcmple                               
00048c40  __aeabi_cfrcmple                              
00048cc8  het1HighLevelInterrupt                        
00048d50  ISA_getConfigResult                           
00048dd4  atoi                                          
00048edc  pushBoxToCh                                   
00048f60  __aeabi_f2lz                                  
00048fe4  ISA_rxCanWithTmt                              
00049064  PL455_rxFrame                                 
000490e4  PLchain_getBalReg                             
00049164  battStackPort_readMail                        
000491e4  qrbx_enqueue                                  
00049264  PLchain_setCellBalThres                       
000492e0  PLstack_cellV                                 
0004935c  canbusWaitForBox                              
000493d8  tps65381_readWrite                            
00049454  battStackPort_sendMail                        
000494cc  getNodeChannel                                
000495bc  trimLPO                                       
00049634  Flash_Que_Init                                
000496a8  IS25_init                                     
0004971c  pbistFail                                     
00049790  qrbx_dequeue                                  
00049804  vListInsertEnd                                
00049878  PL455_rxFrameWithTimeout                      
000498e8  PLchain_clrCellBal                            
00049958  initSystemFlashBoxStorage                     
000499c8  init_BATTSTACK                                
00049a38  isTimeout                                     
00049aa8  lcfu___IORD                                   
00049b18  pullBoxFromCh                                 
00049b88  IS25_readMem                                  
00049bf4  PLchain_handleFault                           
00049c60  PLstack_cell2AuxTab                           
00049ccc  PLstack_countNodes                            
00049d38  PLstack_totalCellNum                          
00049e10  qrbx_full                                     
00049e7c  SpiRxStatus                                   
00049ee4  SpiTxStatus                                   
00049f4c  __TI_auto_init_nobinit_nopinit                
0004a01c  tmsMutex_init                                 
0004a084  tmsMutex_take                                 
0004a0ec  MPU_xTaskCreate                               
0004a150  disableParity                                 
0004a1b4  enableParity                                  
0004a218  periphInit                                    
0004a27c  can64toCanBytes                               
0004a2dc  lcfu___ANLG                                   
0004a338  pbistPortTestStatus                           
0004a394  __aeabi_d2iz                                  
0004a3f0  __aeabi_f2d                                   
0004a44c  gioToggleBit                                  
0004a4a4  __aeabi_d2uiz                                 
0004a4fc  setupPLL                                      
0004a554  vListInitialise                               
0004a5ac  MPU_xQueueGenericReceive                      
0004a600  MPU_xQueueGenericSend                         
0004a654  memRd_F32                                     
0004a6a8  __aeabi_idiv                                  
0004a6a8  __aeabi_idivmod                               
0004a6fc  setupFlash                                    
0004a750  sscanf                                        
0004a7a4  Flash_Task_Init                               
0004a7f4  IS25_sectorErase                              
0004a844  LC_GC_EP_callInitCold                         
0004a894  gioSetBit                                     
0004a8e4  __aeabi_uidiv                                 
0004a8e4  __aeabi_uidivmod                              
0004a934  LC_GC_EP_callEntry                            
0004a980  LC_GC_Task_getInterval                        
0004a9cc  LC_GC_queryEP                                 
0004aa18  LC_GC_queryTask                               
0004aa64  MPU_xQueueGenericCreate                       
0004aab0  __aeabi_f2iz                                  
0004aafc  __aeabi_i2f                                   
0004ab48  tmsMutex_give                                 
0004ab94  LC_GC_EP_getName                              
0004abdc  LC_GC_EP_getTask                              
0004ac24  LC_GC_Task_getName                            
0004ac6c  LC_GC_Task_getPriority                        
0004acb4  LCfu_iec61131__CONVERT_roundhalfevenF         
0004acfc  PLstack_boardBalReg                           
0004ad44  PLstack_boardCellNum                          
0004ad8c  PLstack_boardFault                            
0004add4  pullBoxFromNode                               
0004ae1c  pushBoxToNode                                 
0004ae64  qrbx_init                                     
0004aeac  ISA_rxCan                                     
0004aef0  LCfu_iec61131__CONVERT_roundhalfeven_unsigned 
0004af34  PLnode_getCellBalancing                       
0004af78  battStackPort_init                            
0004afbc  memoryInit                                    
0004b000  IS25_rxBuffer                                 
0004b040  IS25_txBuffer                                 
0004b080  LC_GC_getFingerprint                          
0004b0c0  LCfu_iec61131__ENDIAN_Swap4                   
0004b100  isLegalAddr                                   
0004b140  __aeabi_ul2d                                  
0004b180  sciEnableNotification                         
0004b1c0  IS25_transmit                                 
0004b1fc  LC_GC_getCodeImageInfo                        
0004b238  LC_GC_getResourceName                         
0004b274  LC_PT_Exec_HEMABATTERY                        
0004b2b0  __aeabi_i2d                                   
0004b2ec  LC_GC_getTimerFreq                            
0004b324  efcSelfTest                                   
0004b35c  pbistIsTestPassed                             
0004b394  __aeabi_ui2f                                  
0004b3cc  IS25_receive                                  
0004b400  ISA_txCan                                     
0004b434  LCfu_iec61131__CONVERT_roundhalfevenF_unsigned
0004b468  LCocc_queryEP                                 
0004b49c  LCocc_queryTASK                               
0004b4d0  MPU_vTaskDelayUntil                           
0004b504  MPU_xQueueCreateMutex                         
0004b538  edgeNotification                              
0004b56c  memcmp                                        
0004b5a0  pbistStop                                     
0004b5d4  qrbx_empty                                    
0004b608  __aeabi_ui2d                                  
0004b63c  strncmp                                       
0004b670  LC_GC_getNumEPs                               
0004b6a0  LC_GC_getNumTasks                             
0004b6d0  PL_channel2V                                  
0004b700  PL_channel2mv                                 
0004b730  PLstack_measurement                           
0004b760  adcIsConversionComplete                       
0004b790  init_flashMutex                               
0004b7c0  pullBoxFromFlash                              
0004b7f0  IS25_waitWIP                                  
0004b81c  MPU_vTaskDelay                                
0004b848  MPU_xTaskGetTickCount                         
0004b874  MPU_xTaskResumeAll                            
0004b8a0  pbistIsTestCompleted                          
0004b8cc  strrchr                                       
0004b8f8  PLstack_maxCellV                              
0004b920  PLstack_minCellV                              
0004b948  gioGetBit                                     
0004b970  strchr                                        
0004b998  LC_GV_Init                                    
0004b9bc  LCfu_iec61131__ENDIAN_Swap2                   
0004b9e0  MPU_vTaskSuspendAll                           
0004ba04  PLstack_fault                                 
0004ba28  __aeabi_llsl                                  
0004ba4c  __aeabi_llsr                                  
0004ba70  LEDs_init                                     
0004ba90  gioSetDirection                               
0004bab0  sciSetFunctional                              
0004bad0  strlen                                        
0004baf0  LC3_qw_get_current_time_ep                    
0004bb0c  LED1_off                                      
0004bb28  PLstack_setBalThres                           
0004bb60  memoryPort0TestFailNotification               
0004bb7c  sciIsTxReady                                  
0004bb98  vListInitialiseItem                           
0004bbb4  PLstack_avCellV                               
0004bbcc  PLstack_totalCellV                            
0004bbe4  pwmNotification                               
0004bbfc  strcpy                                        
0004bc14  PL455_intSet                                  
0004bc28  PLstack_clrBalThres                           
0004bc3c  PLstack_getBalReg                             
0004bc50  customTrimLPO                                 
0004bc64  __TI_decompress_none                          
0004bc78  spiNotification                               
0004bc8c  Dprintf                                       
0004bc9c  PLstack_commTimeoutMsShutdown                 
0004bcac  PLstack_numofBoards                           
0004bccc  __TI_zero_init                                
0004bcdc  esmGroup1Notification                         
0004bcec  esmGroup2Notification                         
0004bcfc  selftestFailNotification                      
0004bd0c  spiEndNotification                            
0004bd1c  PLstack_shutdown                              
0004bd28  __aeabi_errno_addr                            
0004bd34  copysign                                      
0004bd34  copysignl                                     
0004bd40  LCocc_queryEPCount                            
0004bd48  LCocc_queryTASKCount                          
0004bd50  C$$EXIT                                       
0004bd50  abort                                         
0004bd58  LED2_off                                      
0004bd5c  custom_dabort                                 
0004bd60  handlePLLLockFail                             
0004bd64  phantomInterrupt                              
0004bd68  __aeabi_idiv0                                 
0004bd68  __aeabi_ldiv0                                 
0004c110  crc16_table                                   
0004c490  _ctypes_                                      
0004c6b0  tokenAnswers                                  
0004c6f0  commTimeoutShutdown                           
080004d0  pxCurrentTCB                                  
08002800  LC_ProgramInstanceData_PROGRAM1               
08002800  __start___llvm_prf_cnts                       
08002800  __stop___llvm_prf_cnts                        
08005ee0  plStack                                       
08006018  battStack                                     
080060c4  isabelcfg                                     
08006154  adcData                                       
080061d4  rs_inBuf                                      
08006254  rs_outBuf                                     
080062d4  toBattStack                                   
08006348  anlgData                                      
080063f0  LC_TASK_StringStackBuffer_DEFAULTTASK         
08006430  boxQue                                        
08006460  rsCom                                         
0800648c  LC_minPriority                                
08006490  logiTask                                      
080064b8  tmsPrpMutex                                   
080064e0  boxBuf1                                       
0800651c  rs_in                                         
08006534  rs_out                                        
08006560  boxBuf2                                       
08006574  fromBattStack                                 
08006588  ticksPerSec                                   
08006590  battMailbox                                   
08006594  battStackMutex                                
08006598  bcuMailbox                                    
0800659c  codeImageInfo                                 
080065a0  ep                                            
080065a4  epIdx                                         
080065a8  epTask                                        
080065ac  fingerprint                                   
080065b0  flashMutex                                    
080065b4  flashTaskQueueMailBox                         
080065b8  flashTaskResponse                             
080065bc  flashboxes                                    
080065c0  j                                             
080065c4  lastMeasurement                               
080065c8  lastMeasurement1                              
080065cc  lastMeasurement11                             
080065d0  lastMeasurement12                             
080065d4  resourceName                                  
080065d8  safetyTick                                    
080065dc  task                                          
080065e0  taskIdx                                       
080065e4  testTick                                      
080065e8  usart1in                                      
080065ec  usart1out                                     
080065f0  usart2in                                      
080065f4  usart2out                                     
080065fa  currentTokenValue                             
080065fb  flashTaskState                                
080065fc  g_LC3_GVInstanceData                          
080065fd  tpsstate                                      
08006600  LC_vg_GV_EPDB                                 
08006688  LC_vg_PI_EPDB_PROGRAM1                        
08006710  isaRx                                         
08006760  LC_vg_Task_DEFAULTTASK                        
080067d8  isaTx                                         
080067e8  i                                             
080067ec  nValidTask                                    
080067f0  epCnt                                         
080067f4  taskCnt                                       
08006808  LC_vg_StringStack_DEFAULTTASK                 
08006814  LC_GV_CCED                                    
0800681c  LC_vg_CCED_PROGRAM1                           
08006824  LC_vg_EPDBTable                               
0800682c  testFrameCount                                
08006830  errFrameCount                                 
08006834  ulCriticalNesting                             
08006838  ulTaskHasFPUContext                           
0800683c  countTime                                     
08006840  pl455Fault                                    
08006841  stt                                           
08006842  safetyPowerState                              
08006844  LC_vg_TaskTable                               
0800684c  conf_IS25_spi                                 
08006850  conf_tps_spi                                  
08006854  ISABELCAN                                     
08006858  errno                                         
ffffffff  __TI_pprof_out_hndl                           
ffffffff  __TI_prof_data_size                           
ffffffff  __TI_prof_data_start                          
ffffffff  __binit__                                     
ffffffff  __c_args__                                    
ffffffff  binit                                         
UNDEFED   SHT$$INIT_ARRAY$$Base                         
UNDEFED   SHT$$INIT_ARRAY$$Limit                        
UNDEFED   _system_post_cinit                            

[577 symbols]
