******************************************************************************
                  TI ARM Linker PC v20.2.7                     
******************************************************************************
>> Linked Wed May 28 17:43:13 2025

OUTPUT FILE NAME:   <HEMAbattery.out>
ENTRY POINT SYMBOL: "_c_int00"  address: 0003e89c


MEMORY CONFIGURATION

         name            origin    length      used     unused   attr    fill
----------------------  --------  ---------  --------  --------  ----  --------
  VECTORS               0000c000   00000020  00000020  00000000     X
  KERNEL                0000c020   00004000  00002e7c  00001184  R  X
  FLASH0                00010020   0004ffe0  0003b40c  00014bd4  R  X
  STACKS                08000000   00000400  00000000  00000400  RW  
  KRAM                  08000400   00000200  00000104  000000fc  RW  
  HRAM                  08000600   00002200  00002000  00000200  RW  
  RAM                   08002800   00005800  00003eca  00001936  RW  


SEGMENT ALLOCATION MAP

run origin  load origin   length   init length attrs members
----------  ----------- ---------- ----------- ----- -------
0000c000    0000c000    00002ea0   00002ea0    r-x
  0000c000    0000c000    00000020   00000020    r-x .intvecs
  0000c020    0000c020    00002d5c   00002d5c    r-x .kernelTEXT
  0000ed80    0000ed80    00000120   00000120    r-- .cinit
00010020    00010020    0003b410   0003b410    r-x
  00010020    00010020    0003a964   0003a964    r-x .text
  0004a988    0004a988    00000aa8   00000aa8    r-- .const
08000400    08000400    00000104   00000000    rw-
  08000400    08000400    00000104   00000000    rw- .kernelBSS
08000600    08000600    00002000   00000000    rw-
  08000600    08000600    00002000   00000000    rw- .kernelHEAP
08002800    08002800    00003ecc   00000000    rw-
  08002800    08002800    00003c6e   00000000    rw- .bss
  08006470    08006470    0000025c   00000000    rw- .data


SECTION ALLOCATION MAP

 output                                  attributes/
section   page    origin      length       input sections
--------  ----  ----------  ----------   ----------------
.intvecs   0    0000c000    00000020     
                  0000c000    00000020     sys_intvecs.obj (.intvecs)

.kernelTEXT 
*          0    0000c020    00002d5c     
                  0000c020    000003b0     os_portasm.obj (.kernelTEXT)
                  0000c3d0    00000314     os_queue.obj (.kernelTEXT:xQueueGenericReceive)
                  0000c6e4    000002c0     os_queue.obj (.kernelTEXT:xQueueGenericSend)
                  0000c9a4    00000274     os_port.obj (.kernelTEXT:vPortStoreTaskMPUSettings)
                  0000cc18    00000268     os_heap.obj (.kernelTEXT:pvPortMalloc)
                  0000ce80    00000254     os_tasks.obj (.kernelTEXT:xTaskIncrementTick)
                  0000d0d4    00000244     os_tasks.obj (.kernelTEXT:prvInitialiseNewTask)
                  0000d318    000001d4     os_tasks.obj (.kernelTEXT:xTaskResumeAll)
                  0000d4ec    00000174     os_queue.obj (.kernelTEXT:prvCopyDataToQueue)
                  0000d660    00000174     os_tasks.obj (.kernelTEXT:vTaskDelayUntil)
                  0000d7d4    00000170     os_tasks.obj (.kernelTEXT:xTaskPriorityDisinherit)
                  0000d944    00000168     os_tasks.obj (.kernelTEXT:vTaskPriorityInherit)
                  0000daac    00000144     os_tasks.obj (.kernelTEXT:xTaskCheckForTimeOut)
                  0000dbf0    00000140     os_tasks.obj (.kernelTEXT:prvAddCurrentTaskToDelayedList)
                  0000dd30    0000013c     os_tasks.obj (.kernelTEXT:prvAddNewTaskToReadyList)
                  0000de6c    00000128     os_queue.obj (.kernelTEXT:xQueueGenericReset)
                  0000df94    0000010c     os_queue.obj (.kernelTEXT:prvUnlockQueue)
                  0000e0a0    00000108     os_tasks.obj (.kernelTEXT:xTaskRemoveFromEventList)
                  0000e1a8    00000100     os_heap.obj (.kernelTEXT:vPortFree)
                  0000e2a8    000000f4     os_tasks.obj (.kernelTEXT:vTaskSwitchContext)
                  0000e39c    000000f0     os_port.obj (.kernelTEXT:pxPortInitialiseStack)
                  0000e48c    000000e4     os_tasks.obj (.kernelTEXT:xTaskCreate)
                  0000e570    000000b8     os_tasks.obj (.kernelTEXT:prvGetExpectedIdleTime)
                  0000e628    000000b4     os_tasks.obj (.kernelTEXT:prvCheckTasksWaitingTermination)
                  0000e6dc    000000b4     os_tasks.obj (.kernelTEXT:vTaskStartScheduler)
                  0000e790    000000b0     os_queue.obj (.kernelTEXT:xQueueGenericCreate)
                  0000e840    000000ac     os_tasks.obj (.kernelTEXT:prvInitialiseTaskLists)
                  0000e8ec    00000088     os_tasks.obj (.kernelTEXT:vTaskDelay)
                  0000e974    00000078     os_queue.obj (.kernelTEXT:prvCopyDataFromQueue)
                  0000e9ec    00000078     os_tasks.obj (.kernelTEXT:prvDeleteTCB)
                  0000ea64    0000006c     os_queue.obj (.kernelTEXT:prvInitialiseNewQueue)
                  0000ead0    00000058     os_tasks.obj (.kernelTEXT:xTaskGetSchedulerState)
                  0000eb28    00000054     os_queue.obj (.kernelTEXT:prvInitialiseMutex)
                  0000eb7c    00000048     os_tasks.obj (.kernelTEXT:vTaskPlaceOnEventList)
                  0000ebc4    00000048     os_tasks.obj (.kernelTEXT:vTaskSetTimeOutState)
                  0000ec0c    00000044     os_queue.obj (.kernelTEXT:prvIsQueueFull)
                  0000ec50    00000044     os_queue.obj (.kernelTEXT:xQueueCreateMutex)
                  0000ec94    0000003c     os_queue.obj (.kernelTEXT:prvIsQueueEmpty)
                  0000ecd0    00000038     os_tasks.obj (.kernelTEXT:pvTaskIncrementMutexHeldCount)
                  0000ed08    00000028     os_port.obj (.kernelTEXT:xPortStartScheduler)
                  0000ed30    00000020     os_tasks.obj (.kernelTEXT:xTaskGetTickCount)
                  0000ed50    00000018     os_tasks.obj (.kernelTEXT:vTaskSuspendAll)
                  0000ed68    00000014     os_tasks.obj (.kernelTEXT:vTaskMissedYield)

.cinit     0    0000ed80    00000120     
                  0000ed80    000000d4     (.cinit..data.load) [load image, compression = lzss]
                  0000ee54    0000000c     (__TI_handler_table)
                  0000ee60    00000009     (.cinit..kernelBSS.load) [load image, compression = lzss]
                  0000ee69    00000007     --HOLE-- [fill = 0]
                  0000ee70    00000008     (.cinit..bss.load) [load image, compression = zero_init]
                  0000ee78    00000008     (.cinit..kernelHEAP.load) [load image, compression = zero_init]
                  0000ee80    00000020     (__TI_cinit_table)

.text      0    00010020    0003a964     
                  00010020    00011ee8     LC3PT_HEMABATTERY.obj (.text:LC_PT_Init_HEMABATTERY)
                  00021f08    00008040     lcpu___hemabattery.obj (.text:lcpu___HEMABATTERY)
                  00029f48    00001c68     lcfu___bcu_fault_codes.obj (.text:lcfu___BCU_FAULT_CODES)
                  0002bbb0    000016ec     lcfu___cms_ivt.obj (.text:lcfu___CMS_IVT)
                  0002d29c    000011f8     rtsv7R4_A_be_eabi.lib : _scanfi.c.obj (.text:__TI_scanfi)
                  0002e494    00000e8c                           : e_pow.c.obj (.text:pow)
                  0002f320    00000c20     lcfu___essstate1.obj (.text:lcfu___ESSSTATE1)
                  0002ff40    00000a88     bq76pl455.obj (.text:PLchain_init)
                  000309c8    000009a0     lcfu___bcu_state_message.obj (.text:lcfu___BCU_STATE_MESSAGE)
                  00031368    00000980     battStack.obj (.text:BATTSTACK)
                  00031ce8    000007d0     main.obj (.text:init_LOGICAD)
                  000324b8    0000076c     bq76pl455.obj (.text:PLfaults)
                  00032c24    00000694     lcfu___chargestate.obj (.text:lcfu___CHARGESTATE)
                  000332b8    00000688     lcfu___gui.obj (.text:lcfu___GUI)
                  00033940    00000680     ConfigRead.obj (.text:ConfigRead)
                  00033fc0    00000664     rtsv7R4_A_be_eabi.lib : strtod.c.obj (.text:strtod)
                  00034624    00000658     lcfu___battstackinfo.obj (.text:lcfu___BATTSTACKINFO)
                  00034c7c    00000600     adc_tms.obj (.text:adcGroupGetData)
                  0003527c    000005e8     lcfu___max_min_voltage_status.obj (.text:lcfu___MAX_MIN_VOLTAGE_STATUS)
                  00035864    000005e4     lcfu___bamtx.obj (.text:lcfu___BAMTX)
                  00035e48    000005a8     lcfu___bcu_status2.obj (.text:lcfu___BCU_STATUS2)
                  000363f0    0000058c     lcfu___canrecv.obj (.text:lcfu___CANRECV)
                  0003697c    0000058c     rtsv7R4_A_be_eabi.lib : e_log.c.obj (.text:log)
                  00036f08    00000528     lcfu___socstate.obj (.text:lcfu___SOCSTATE)
                  00037430    00000514     lcfu___battstack.obj (.text:lcfu___BATTSTACK)
                  00037944    00000510     bq76pl455.obj (.text:PL455_writeReg)
                  00037e54    00000508     lcfu___bcu_cell_status.obj (.text:lcfu___BCU_CELL_STATUS)
                  0003835c    00000504     lcfu___balance_isz.obj (.text:lcfu___BALANCE_ISZ)
                  00038860    000004e8     lcfu___cansend.obj (.text:lcfu___CANSEND)
                  00038d48    000004a8     lcfu___bcu_id.obj (.text:lcfu___BCU_ID)
                  000391f0    00000468     lcfu___bcu_battery_status.obj (.text:lcfu___BCU_BATTERY_STATUS)
                  00039658    00000464     spi.obj (.text:spiInit)
                  00039abc    000003c8     lcfu___hvcu_control_state.obj (.text:lcfu___HVCU_CONTROL_STATE)
                  00039e84    000003bc     lcfu___wflt.obj (.text:lcfu___WFLT)
                  0003a240    000003ac     lcfu___can_test.obj (.text:lcfu___CAN_TEST)
                  0003a5ec    000003a8     sys_selftest.obj (.text:errata_PBIST_4)
                  0003a994    0000039c     lcfu___fmemw_real.obj (.text:lcfu___FMEMW_REAL)
                  0003ad30    00000398     lcfu___ampmulttempdis.obj (.text:lcfu___AMPMULTTEMPDIS)
                  0003b0c8    0000038c     rtsv7R4_A_be_eabi.lib : e_logf.c.obj (.text:logf)
                  0003b454    00000344     lcfu___dgtin.obj (.text:lcfu___DGTIN)
                  0003b798    00000330     lcfu___safety_power.obj (.text:lcfu___SAFETY_POWER)
                  0003bac8    00000328     lcfu___hvcu_config.obj (.text:lcfu___HVCU_CONFIG)
                  0003bdf0    00000324     rtsv7R4_A_be_eabi.lib : e_fmod.c.obj (.text:fmod)
                  0003c114    00000320     lcfu___ampmulttemp.obj (.text:lcfu___AMPMULTTEMP)
                  0003c434    000002f8     isabelcfg.obj (.text:isabelConfig)
                  0003c72c    000002ec     lcfu___ampmultvoltchar.obj (.text:lcfu___AMPMULTVOLTCHAR)
                  0003ca18    000002e8     lcfu___ampmultvoltdisc.obj (.text:lcfu___AMPMULTVOLTDISC)
                  0003cd00    000002d0     sys_core.obj (.text)
                  0003cfd0    000002c8     rtsv7R4_A_be_eabi.lib : strtoll.c.obj (.text:strtoll)
                  0003d298    000002c0     lcfu___wbit.obj (.text:lcfu___WBIT)
                  0003d558    000002b4     rtsv7R4_A_be_eabi.lib : ull_div32.asm.obj (.text)
                  0003d80c    00000298     sys_selftest.obj (.text:checkRAMECC)
                  0003daa4    00000288     spi.obj (.text:spi3HighInterruptLevel)
                  0003dd2c    00000274     isabellaCan.obj (.text:ISABELLA_init)
                  0003dfa0    00000268     sys_vim.obj (.text:vimParityErrorHandler)
                  0003e208    00000240     rtsv7R4_A_be_eabi.lib : strtoull.c.obj (.text:strtoull)
                  0003e448    00000238     sys_selftest.obj (.text:pbistSelfCheck)
                  0003e680    0000021c     bq76pl455.obj (.text:PLnode_getChannels)
                  0003e89c    00000214     sys_startup.obj (.text:_c_int00)
                  0003eab0    00000214     rtsv7R4_A_be_eabi.lib : fd_add32.asm.obj (.text)
                  0003ecc4    000001f4                           : strtol.c.obj (.text:strtol)
                  0003eeb8    000001ec     flash_task.obj (.text:Flash_Task_Handler)
                  0003f0a4    000001ec     rtsv7R4_A_be_eabi.lib : e_sqrt.c.obj (.text:sqrt)
                  0003f290    000001e4     IS25.obj (.text:IS25_progMem_reduced)
                  0003f474    000001e4     bq76pl455.obj (.text:PL455_writeFrame)
                  0003f658    000001c4     canbus.obj (.text:canbusTx)
                  0003f81c    000001c0     uart_ext.obj (.text:UARTx_sendData)
                  0003f9dc    000001c0     adc.obj (.text:adcInit)
                  0003fb9c    000001b8     plStack.obj (.text:PLstack_init)
                  0003fd54    000001b8     lcfu___rbit.obj (.text:lcfu___RBIT)
                  0003ff0c    000001b8     rtsv7R4_A_be_eabi.lib : strtoul.c.obj (.text:strtoul)
                  000400c4    000001a4     IS25.obj (.text:IS25_writeMem)
                  00040268    00000194     rtsv7R4_A_be_eabi.lib : e_fmodf.c.obj (.text:fmodf)
                  000403fc    00000194     lcfu___arr2val.obj (.text:lcfu___ARR2VAL)
                  00040590    00000194     lcfu___updowncnttim.obj (.text:lcfu___UPDOWNCNTTIM)
                  00040724    00000190     adc.obj (.text:adcGetData)
                  000408b4    00000190     rtsv7R4_A_be_eabi.lib : fd_div32.asm.obj (.text)
                  00040a44    00000188     errata_SSWF021_45.obj (.text:_errata_SSWF021_45_pll1)
                  00040bcc    00000180     rtsv7R4_A_be_eabi.lib : memcpy32.asm.obj (.text)
                  00040d4c    0000017c     plStack.obj (.text:PLstack_getFault)
                  00040ec8    0000017c     canbus.obj (.text:canbusReceive)
                  00041044    00000168     bq76pl455.obj (.text:PL455_frmFsmDecode)
                  000411ac    00000160     lcfu___ntc.obj (.text:lcfu___NTC)
                  0004130c    00000158     esm.obj (.text:esmInit)
                  00041464    00000158     rtsv7R4_A_be_eabi.lib : s_floor.c.obj (.text:floor)
                  000415bc    0000014c     bq76pl455.obj (.text:PL455_readReg)
                  00041708    00000148     bq76pl455.obj (.text:PLchain_minAuxSense)
                  00041850    00000140     canbus.obj (.text:canbusInit)
                  00041990    00000140     os_heap.obj (.text:prvHeapInit)
                  00041ad0    00000140     os_heap.obj (.text:prvInsertBlockIntoFreeList)
                  00041c10    0000013c     spiRxTx.obj (.text:SPI_txBuffer)
                  00041d4c    0000013c     canbus.obj (.text:canbusSetBoxRx)
                  00041e88    0000013c     lcfu___socisz.obj (.text:lcfu___SOCISZ)
                  00041fc4    0000013b     bq76pl455.obj (.text:PLchain_displayChannelVoltages)
                  000420ff    00000001     --HOLE-- [fill = 0]
                  00042100    00000138     lcfu___flash.obj (.text:lcfu___FLASH)
                  00042238    00000134     lcfu_iec61131__TP.obj (.text:lcfu_iec61131__TP)
                  0004236c    00000134     rtsv7R4_A_be_eabi.lib : fs_add32.asm.obj (.text)
                  000424a0    00000134     sci.obj (.text:sciInit)
                  000425d4    00000134     spi.obj (.text:spiSendAndGetData)
                  00042708    00000130     bq76pl455.obj (.text:PLchain_maxAuxSense)
                  00042838    00000130     canbus.obj (.text:canbusSend)
                  00042968    00000128     bq76pl455.obj (.text:PLchain_sampleAndReadNodeChannels)
                  00042a90    00000128     spiRxTx.obj (.text:SPI_rxBuffer)
                  00042bb8    00000128     rtsv7R4_A_be_eabi.lib : fd_mul32.asm.obj (.text)
                  00042ce0    00000120     bq76pl455.obj (.text:PLchain_minCellSense)
                  00042e00    00000120     rtsv7R4_A_be_eabi.lib : s_scalbn.c.obj (.text:scalbn)
                  00042f20    00000110     lcfu___numofcells.obj (.text:lcfu___NUMOFCELLS)
                  00043030    00000110     sys_vim.obj (.text:vimInit)
                  00043140    0000010c     main.obj (.text:main)
                  0004324c    0000010c     sys_selftest.obj (.text:mibspi1ParityCheck)
                  00043358    00000108     bq76pl455.obj (.text:PLchain_maxCellSense)
                  00043460    00000108     lcfu___rmem_real.obj (.text:lcfu___RMEM_REAL)
                  00043568    00000104     het.obj (.text:hetInit)
                  0004366c    00000104     sci.obj (.text:linHighLevelInterrupt)
                  00043770    00000100     lcfu_iec61131__TOF.obj (.text:lcfu_iec61131__TOF)
                  00043870    00000100     lcfu_iec61131__TON.obj (.text:lcfu_iec61131__TON)
                  00043970    000000fc     lcfu_iec61131__CONVERT.obj (.text:LCfu_iec61131__CONVERT_roundhalfeven_impl)
                  00043a6c    000000f8     qrb_ex.obj (.text:qrbx_find_char)
                  00043b64    000000f4     plStack.obj (.text:PLstack_aux2CellTab)
                  00043c58    000000f4     canbus.obj (.text:canbusGetBox)
                  00043d4c    000000f0     uart_ext.obj (.text:UARTx_initHW)
                  00043e3c    000000f0     battStack.obj (.text:initializeStack)
                  00043f2c    000000f0     lcfu_iec61131__CTU.obj (.text:lcfu_iec61131__CTU)
                  0004401c    000000ec     lcfu_iec61131__ENDIAN.obj (.text:LCfu_iec61131__ENDIAN_Swap8)
                  00044108    000000ec     can64_bit_opr.obj (.text:canBytesToCan64)
                  000441f4    000000ec     canbus.obj (.text:canbusSetBoxTx)
                  000442e0    000000ec     esm.obj (.text:esmHighInterrupt)
                  000443cc    000000e8     dabort.obj (.text)
                  000444b4    000000e8     system.obj (.text:mapClocks)
                  0004459c    000000e8     rtsv7R4_A_be_eabi.lib : s_modf.c.obj (.text:modf)
                  00044684    000000e8     sys_selftest.obj (.text:pbistRun)
                  0004476c    000000e8     uart_ext.obj (.text:sciNotification)
                  00044854    000000e4     battStack.obj (.text:battStackTask)
                  00044938    000000e0     lcfu_iec61131__CONVERT.obj (.text:LCfu_iec61131__CONVERT_roundhalfevenF_impl)
                  00044a18    000000e0     bq76pl455.obj (.text:PLchain_avCellSense)
                  00044af8    000000e0     plStack.obj (.text:PLstack_maxTempAux)
                  00044bd8    000000e0     plStack.obj (.text:PLstack_minTempAux)
                  00044cb8    000000e0     rtsv7R4_A_be_eabi.lib : fd_cmp32.asm.obj (.text:__aeabi_cdcmple)
                  00044d98    000000e0                           : fd_cmp32.asm.obj (.text:__aeabi_cdrcmple)
                  00044e78    000000e0     chUart_qrbCom.obj (.text:initCellCom_qrb)
                  00044f58    000000e0     sys_pmu.obj (.text)
                  00045038    000000dc     sys_selftest.obj (.text:can1ParityCheck)
                  00045114    000000dc     sys_selftest.obj (.text:can2ParityCheck)
                  000451f0    000000d8     main.obj (.text:LC_task)
                  000452c8    000000d8     isabellaCan.obj (.text:isaGetCfgResultData)
                  000453a0    000000d4     rtsv7R4_A_be_eabi.lib : fs_div32.asm.obj (.text)
                  00045474    000000d0     errata_SSWF021_45.obj (.text:disable_plls)
                  00045544    000000d0     os_port.obj (.text:prvSetupTimerInterrupt)
                  00045614    000000d0     sci.obj (.text:sciSetBaudrate)
                  000456e4    000000cc     isabellaCan.obj (.text:ISA_storeConfigItems)
                  000457b0    000000cc     plStack.obj (.text:NTCtemp)
                  0004587c    000000cc     plStack.obj (.text:PLstack_channelV)
                  00045948    000000cc     rtsv7R4_A_be_eabi.lib : sscanf.c.obj (.text:_chkmbc)
                  00045a14    000000cc     ConfigRead.obj (.text:getLine)
                  00045ae0    000000cc     can_box_deliver.obj (.text:initSystemCanBoxStorage)
                  00045bac    000000cc     system.obj (.text:systemInit)
                  00045c78    000000c4     isabellaCan.obj (.text:ISA_getDeviceID)
                  00045d3c    000000c4     plStack.obj (.text:PLstack_tempAux)
                  00045e00    000000c4     gio.obj (.text:gioInit)
                  00045ec4    000000c4     lcfu___iowr.obj (.text:lcfu___IOWR)
                  00045f88    000000c4     pinmux.obj (.text:muxInit)
                  0004604c    000000c4     os_list.obj (.text:vListInsert)
                  00046110    000000c0     bq76pl455.obj (.text:PLnode_setCellBalThres)
                  000461d0    000000c0     sys_selftest.obj (.text:efcStuckZeroTest)
                  00046290    000000c0     sys_selftest.obj (.text:htu1ParityCheck)
                  00046350    000000c0     sys_selftest.obj (.text:vimParityCheck)
                  00046410    000000bc     plStack.obj (.text:NTC_tempSteinhartK)
                  000464cc    000000b8     sys_selftest.obj (.text:adc1ParityCheck)
                  00046584    000000b4     lcfu___isabelinit.obj (.text:lcfu___ISABELINIT)
                  00046638    000000b0     sys_selftest.obj (.text:het1ParityCheck)
                  000466e8    000000b0     LC3AppInfo.obj (.text:lc_get_application_info)
                  00046798    000000b0     rtsv7R4_A_be_eabi.lib : memset32.asm.obj (.text)
                  00046848    000000b0     tmsOsPeripheral.obj (.text:tmsMutex_getModule)
                  000468f8    000000ac     isabellaCan.obj (.text:ISA_getSerialNumber)
                  000469a4    000000ac     isabellaCan.obj (.text:ISA_setMode)
                  00046a50    000000ac     isabellaCan.obj (.text:ISA_setconfigResult)
                  00046afc    000000ac     bq76pl455.obj (.text:PLchain_shutDown)
                  00046ba8    000000ac     bq76pl455.obj (.text:PLchain_totalCellSense)
                  00046c54    000000ac     errata_SSWF021_45.obj (.text:check_frequency)
                  00046d00    000000ac     sys_selftest.obj (.text:checkefcSelfTest)
                  00046dac    000000a8     isabellaCan.obj (.text:emptyIsabelRxCan)
                  00046e54    000000a8     lcfu___tbuffer.obj (.text:lcfu___TBUFFER)
                  00046efc    000000a8     rtsv7R4_A_be_eabi.lib : fs_mul32.asm.obj (.text)
                  00046fa4    000000a4     isabellaCan.obj (.text:isaSetCfgResultData)
                  00047048    000000a0     lcfu___buffer.obj (.text:lcfu___BUFFER)
                  000470e8    000000a0     lcfu___guicfg_int.obj (.text:lcfu___GUICFG_INT)
                  00047188    000000a0     lcfu___guicfg_real.obj (.text:lcfu___GUICFG_REAL)
                  00047228    0000009c     rtsv7R4_A_be_eabi.lib : fd_tos32.asm.obj (.text)
                  000472c4    00000098     uart_ext.obj (.text:UARTx_writeChar)
                  0004735c    00000098     rtsv7R4_A_be_eabi.lib : ll_div32.asm.obj (.text)
                  000473f4    00000094     bq76pl455.obj (.text:CRC16)
                  00047488    00000090     rtsv7R4_A_be_eabi.lib : copy_decompress_lzss.c.obj (.text:decompress:lzss:__TI_decompress_lzss)
                  00047518    0000008c     sys_selftest.obj (.text:efcCheck)
                  000475a4    0000008c     rtsv7R4_A_be_eabi.lib : s_modff.c.obj (.text:modff)
                  00047630    0000008c                           : fd_toll32.asm.obj (.text)
                  000476bc    0000008c     os_list.obj (.text:uxListRemove)
                  00047748    00000088     bq76pl455.obj (.text:PLnode_setCellBalancing)
                  000477d0    00000088     rtsv7R4_A_be_eabi.lib : fs_cmp32.asm.obj (.text:__aeabi_cfcmple)
                  00047858    00000088                           : fs_cmp32.asm.obj (.text:__aeabi_cfrcmple)
                  000478e0    00000088     het.obj (.text:het1HighLevelInterrupt)
                  00047968    00000084     isabellaCan.obj (.text:ISA_getConfigResult)
                  000479ec    00000084     rtsv7R4_A_be_eabi.lib : atoi.c.obj (.text:atoi)
                  00047a70    00000084     os_tasks.obj (.text:prvIdleTask)
                  00047af4    00000084     can_box_deliver.obj (.text:pushBoxToCh)
                  00047b78    00000084     rtsv7R4_A_be_eabi.lib : fs_toll32.asm.obj (.text)
                  00047bfc    00000080     isabellaCan.obj (.text:ISA_rxCanWithTmt)
                  00047c7c    00000080     bq76pl455.obj (.text:PL455_rxFrame)
                  00047cfc    00000080     bq76pl455.obj (.text:PLchain_getBalReg)
                  00047d7c    00000080     battStackOsPort.obj (.text:battStackPort_readMail)
                  00047dfc    00000080     qrb_ex.obj (.text:qrbx_enqueue)
                  00047e7c    0000007c     bq76pl455.obj (.text:PLchain_setCellBalThres)
                  00047ef8    0000007c     plStack.obj (.text:PLstack_cellV)
                  00047f74    0000007c     canbus.obj (.text:canbusWaitForBox)
                  00047ff0    0000007c     tps65381.obj (.text:tps65381_readWrite)
                  0004806c    00000078     battStackOsPort.obj (.text:battStackPort_sendMail)
                  000480e4    00000078     can_box_deliver.obj (.text:getNodeChannel)
                  0004815c    00000078     os_port.obj (.text:prvSetupDefaultMPU)
                  000481d4    00000078     system.obj (.text:trimLPO)
                  0004824c    00000074     flash_task.obj (.text:Flash_Que_Init)
                  000482c0    00000074     IS25.obj (.text:IS25_init)
                  00048334    00000074     sys_selftest.obj (.text:pbistFail)
                  000483a8    00000074     qrb_ex.obj (.text:qrbx_dequeue)
                  0004841c    00000074     os_list.obj (.text:vListInsertEnd)
                  00048490    00000070     bq76pl455.obj (.text:PL455_rxFrameWithTimeout)
                  00048500    00000070     bq76pl455.obj (.text:PLchain_clrCellBal)
                  00048570    00000070     flash_box_deliver.obj (.text:initSystemFlashBoxStorage)
                  000485e0    00000070     battStack.obj (.text:init_BATTSTACK)
                  00048650    00000070     main.obj (.text:isTimeout)
                  000486c0    00000070     lcfu___iord.obj (.text:lcfu___IORD)
                  00048730    00000070     can_box_deliver.obj (.text:pullBoxFromCh)
                  000487a0    0000006c     IS25.obj (.text:IS25_readMem)
                  0004880c    0000006c     bq76pl455.obj (.text:PLchain_handleFault)
                  00048878    0000006c     plStack.obj (.text:PLstack_cell2AuxTab)
                  000488e4    0000006c     plStack.obj (.text:PLstack_countNodes)
                  00048950    0000006c     plStack.obj (.text:PLstack_totalCellNum)
                  000489bc    0000006c     os_tasks.obj (.text:prvResetNextTaskUnblockTime)
                  00048a28    0000006c     qrb_ex.obj (.text:qrbx_full)
                  00048a94    00000068     spi.obj (.text:SpiRxStatus)
                  00048afc    00000068     spi.obj (.text:SpiTxStatus)
                  00048b64    00000068     rtsv7R4_A_be_eabi.lib : autoinit.c.obj (.text:__TI_auto_init_nobinit_nopinit:__TI_auto_init_nobinit_nopinit)
                  00048bcc    00000068     os_port.obj (.text:prvGetMPURegionSizeSetting)
                  00048c34    00000068     tmsOsPeripheral.obj (.text:tmsMutex_init)
                  00048c9c    00000068     tmsOsPeripheral.obj (.text:tmsMutex_take)
                  00048d04    00000064     os_mpu_wrappers.obj (.text:MPU_xTaskCreate)
                  00048d68    00000064     sys_selftest.obj (.text:disableParity)
                  00048dcc    00000064     sys_selftest.obj (.text:enableParity)
                  00048e30    00000064     system.obj (.text:periphInit)
                  00048e94    00000060     can64_bit_opr.obj (.text:can64toCanBytes)
                  00048ef4    0000005c     lcfu___anlg.obj (.text:lcfu___ANLG)
                  00048f50    0000005c     sys_selftest.obj (.text:pbistPortTestStatus)
                  00048fac    0000005c     rtsv7R4_A_be_eabi.lib : fd_toi32.asm.obj (.text)
                  00049008    0000005c                           : fs_tod32.asm.obj (.text)
                  00049064    00000058     gio.obj (.text:gioToggleBit)
                  000490bc    00000058     rtsv7R4_A_be_eabi.lib : fd_tou32.asm.obj (.text)
                  00049114    00000058     system.obj (.text:setupPLL)
                  0004916c    00000058     os_list.obj (.text:vListInitialise)
                  000491c4    00000054     os_mpu_wrappers.obj (.text:MPU_xQueueGenericReceive)
                  00049218    00000054     os_mpu_wrappers.obj (.text:MPU_xQueueGenericSend)
                  0004926c    00000054     memOpr.obj (.text:memRd_F32)
                  000492c0    00000054     rtsv7R4_A_be_eabi.lib : i_div32.asm.obj (.text)
                  00049314    00000054     system.obj (.text:setupFlash)
                  00049368    00000054     rtsv7R4_A_be_eabi.lib : sscanf.c.obj (.text:sscanf)
                  000493bc    00000050     flash_task.obj (.text:Flash_Task_Init)
                  0004940c    00000050     IS25.obj (.text:IS25_sectorErase)
                  0004945c    00000050     LCAPI_GenCode.obj (.text:LC_GC_EP_callInitCold)
                  000494ac    00000050     gio.obj (.text:gioSetBit)
                  000494fc    00000050     rtsv7R4_A_be_eabi.lib : u_div32.asm.obj (.text)
                  0004954c    0000004c     LCAPI_GenCode.obj (.text:LC_GC_EP_callEntry)
                  00049598    0000004c     LCAPI_GenCode.obj (.text:LC_GC_Task_getInterval)
                  000495e4    0000004c     LCAPI_GenCode.obj (.text:LC_GC_queryEP)
                  00049630    0000004c     LCAPI_GenCode.obj (.text:LC_GC_queryTask)
                  0004967c    0000004c     os_mpu_wrappers.obj (.text:MPU_xQueueGenericCreate)
                  000496c8    0000004c     rtsv7R4_A_be_eabi.lib : fs_toi32.asm.obj (.text)
                  00049714    0000004c                           : i_tofs32.asm.obj (.text)
                  00049760    0000004c     tmsOsPeripheral.obj (.text:tmsMutex_give)
                  000497ac    00000048     LCAPI_GenCode.obj (.text:LC_GC_EP_getName)
                  000497f4    00000048     LCAPI_GenCode.obj (.text:LC_GC_EP_getTask)
                  0004983c    00000048     LCAPI_GenCode.obj (.text:LC_GC_Task_getName)
                  00049884    00000048     LCAPI_GenCode.obj (.text:LC_GC_Task_getPriority)
                  000498cc    00000048     lcfu_iec61131__CONVERT.obj (.text:LCfu_iec61131__CONVERT_roundhalfevenF)
                  00049914    00000048     plStack.obj (.text:PLstack_boardBalReg)
                  0004995c    00000048     plStack.obj (.text:PLstack_boardCellNum)
                  000499a4    00000048     plStack.obj (.text:PLstack_boardFault)
                  000499ec    00000048     can_box_deliver.obj (.text:pullBoxFromNode)
                  00049a34    00000048     can_box_deliver.obj (.text:pushBoxToNode)
                  00049a7c    00000048     qrb_ex.obj (.text:qrbx_init)
                  00049ac4    00000044     isabellaCan.obj (.text:ISA_rxCan)
                  00049b08    00000044     lcfu_iec61131__CONVERT.obj (.text:LCfu_iec61131__CONVERT_roundhalfeven_unsigned)
                  00049b4c    00000044     bq76pl455.obj (.text:PLnode_getCellBalancing)
                  00049b90    00000044     battStackOsPort.obj (.text:battStackPort_init)
                  00049bd4    00000044     sys_selftest.obj (.text:memoryInit)
                  00049c18    00000040     IS25.obj (.text:IS25_rxBuffer)
                  00049c58    00000040     IS25.obj (.text:IS25_txBuffer)
                  00049c98    00000040     LCAPI_GenCode.obj (.text:LC_GC_getFingerprint)
                  00049cd8    00000040     lcfu_iec61131__ENDIAN.obj (.text:LCfu_iec61131__ENDIAN_Swap4)
                  00049d18    00000040     memOpr.obj (.text:isLegalAddr)
                  00049d58    00000040     rtsv7R4_A_be_eabi.lib : ull_tofd32.asm.obj (.text)
                  00049d98    00000040     sci.obj (.text:sciEnableNotification)
                  00049dd8    0000003c     IS25.obj (.text:IS25_transmit)
                  00049e14    0000003c     LCAPI_GenCode.obj (.text:LC_GC_getCodeImageInfo)
                  00049e50    0000003c     LCAPI_GenCode.obj (.text:LC_GC_getResourceName)
                  00049e8c    0000003c     LC3PT_HEMABATTERY.obj (.text:LC_PT_Exec_HEMABATTERY)
                  00049ec8    0000003c     rtsv7R4_A_be_eabi.lib : i_tofd32.asm.obj (.text)
                  00049f04    00000038     LCAPI_GenCode.obj (.text:LC_GC_getTimerFreq)
                  00049f3c    00000038     sys_selftest.obj (.text:efcSelfTest)
                  00049f74    00000038     sys_selftest.obj (.text:pbistIsTestPassed)
                  00049fac    00000038     rtsv7R4_A_be_eabi.lib : u_tofs32.asm.obj (.text)
                  00049fe4    00000034     IS25.obj (.text:IS25_receive)
                  0004a018    00000034     isabellaCan.obj (.text:ISA_txCan)
                  0004a04c    00000034     lcfu_iec61131__CONVERT.obj (.text:LCfu_iec61131__CONVERT_roundhalfevenF_unsigned)
                  0004a080    00000034     LC3_EPDB.obj (.text:LCocc_queryEP)
                  0004a0b4    00000034     LC3Task.obj (.text:LCocc_queryTASK)
                  0004a0e8    00000034     os_mpu_wrappers.obj (.text:MPU_vTaskDelayUntil)
                  0004a11c    00000034     os_mpu_wrappers.obj (.text:MPU_xQueueCreateMutex)
                  0004a150    00000034     main.obj (.text:edgeNotification)
                  0004a184    00000034     rtsv7R4_A_be_eabi.lib : memcmp.c.obj (.text:memcmp)
                  0004a1b8    00000034     sys_selftest.obj (.text:pbistStop)
                  0004a1ec    00000034     qrb_ex.obj (.text:qrbx_empty)
                  0004a220    00000034     rtsv7R4_A_be_eabi.lib : u_tofd32.asm.obj (.text)
                  0004a254    00000034                           : strncmp.c.obj (.text:strncmp)
                  0004a288    00000030     LCAPI_GenCode.obj (.text:LC_GC_getNumEPs)
                  0004a2b8    00000030     LCAPI_GenCode.obj (.text:LC_GC_getNumTasks)
                  0004a2e8    00000030     bq76pl455.obj (.text:PL_channel2V)
                  0004a318    00000030     bq76pl455.obj (.text:PL_channel2mv)
                  0004a348    00000030     plStack.obj (.text:PLstack_measurement)
                  0004a378    00000030     adc.obj (.text:adcIsConversionComplete)
                  0004a3a8    00000030     flashMutex.obj (.text:init_flashMutex)
                  0004a3d8    00000030     flash_box_deliver.obj (.text:pullBoxFromFlash)
                  0004a408    0000002c     IS25.obj (.text:IS25_waitWIP)
                  0004a434    0000002c     os_mpu_wrappers.obj (.text:MPU_vTaskDelay)
                  0004a460    0000002c     os_mpu_wrappers.obj (.text:MPU_xTaskGetTickCount)
                  0004a48c    0000002c     os_mpu_wrappers.obj (.text:MPU_xTaskResumeAll)
                  0004a4b8    0000002c     sys_selftest.obj (.text:pbistIsTestCompleted)
                  0004a4e4    0000002c     rtsv7R4_A_be_eabi.lib : strrchr.c.obj (.text:strrchr)
                  0004a510    00000028     plStack.obj (.text:PLstack_maxCellV)
                  0004a538    00000028     plStack.obj (.text:PLstack_minCellV)
                  0004a560    00000028     gio.obj (.text:gioGetBit)
                  0004a588    00000028     rtsv7R4_A_be_eabi.lib : strchr.c.obj (.text:strchr)
                  0004a5b0    00000024     LC3GV.obj (.text:LC_GV_Init)
                  0004a5d4    00000024     lcfu_iec61131__ENDIAN.obj (.text:LCfu_iec61131__ENDIAN_Swap2)
                  0004a5f8    00000024     os_mpu_wrappers.obj (.text:MPU_vTaskSuspendAll)
                  0004a61c    00000024     plStack.obj (.text:PLstack_fault)
                  0004a640    00000024     rtsv7R4_A_be_eabi.lib : ll_lsl32.asm.obj (.text)
                  0004a664    00000024                           : ll_lsr32.asm.obj (.text)
                  0004a688    00000020     main.obj (.text:LEDs_init)
                  0004a6a8    00000020     gio.obj (.text:gioSetDirection)
                  0004a6c8    00000020     sci.obj (.text:sciSetFunctional)
                  0004a6e8    00000020     rtsv7R4_A_be_eabi.lib : strlen.c.obj (.text:strlen)
                  0004a708    0000001c     MBRTMain.obj (.text:LC3_qw_get_current_time_ep)
                  0004a724    0000001c     main.obj (.text:LED1_off)
                  0004a740    0000001c     plStack.obj (.text:PLstack_setBalThres)
                  0004a75c    0000001c     rtsv7R4_A_be_eabi.lib : sscanf.c.obj (.text:_inpchar)
                  0004a778    0000001c     notification.obj (.text:memoryPort0TestFailNotification)
                  0004a794    0000001c     sci.obj (.text:sciIsTxReady)
                  0004a7b0    0000001c     os_list.obj (.text:vListInitialiseItem)
                  0004a7cc    00000018     plStack.obj (.text:PLstack_avCellV)
                  0004a7e4    00000018     plStack.obj (.text:PLstack_totalCellV)
                  0004a7fc    00000018     notification.obj (.text:pwmNotification)
                  0004a814    00000018     rtsv7R4_A_be_eabi.lib : strcpy.c.obj (.text:strcpy)
                  0004a82c    00000014     plStack.obj (.text:PL455_intSet)
                  0004a840    00000014     plStack.obj (.text:PLstack_clrBalThres)
                  0004a854    00000014     plStack.obj (.text:PLstack_getBalReg)
                  0004a868    00000014     system.obj (.text:customTrimLPO)
                  0004a87c    00000014     rtsv7R4_A_be_eabi.lib : copy_decompress_none.c.obj (.text:decompress:none:__TI_decompress_none)
                  0004a890    00000014     notification.obj (.text:spiNotification)
                  0004a8a4    00000010     chUart_qrbCom.obj (.text:Dprintf)
                  0004a8b4    00000010     plStack.obj (.text:PLstack_commTimeoutMsShutdown)
                  0004a8c4    00000010     plStack.obj (.text:PLstack_numofBoards)
                  0004a8d4    00000010     rtsv7R4_A_be_eabi.lib : sscanf.c.obj (.text:_uninpchar)
                  0004a8e4    00000010                           : copy_zero_init.c.obj (.text:decompress:ZI:__TI_zero_init)
                  0004a8f4    00000010     notification.obj (.text:esmGroup1Notification)
                  0004a904    00000010     notification.obj (.text:esmGroup2Notification)
                  0004a914    00000010     sys_selftest.obj (.text:selftestFailNotification)
                  0004a924    00000010     notification.obj (.text:spiEndNotification)
                  0004a934    0000000c     plStack.obj (.text:PLstack_shutdown)
                  0004a940    0000000c     rtsv7R4_A_be_eabi.lib : errno.c.obj (.text:__aeabi_errno_addr)
                  0004a94c    0000000c                           : s_copysign.c.obj (.text:copysign)
                  0004a958    00000008     LC3_EPDB.obj (.text:LCocc_queryEPCount)
                  0004a960    00000008     LC3Task.obj (.text:LCocc_queryTASKCount)
                  0004a968    00000008     rtsv7R4_A_be_eabi.lib : exit.c.obj (.text:abort:abort)
                  0004a970    00000004     main.obj (.text:LED2_off)
                  0004a974    00000004     sys_selftest.obj (.text:custom_dabort)
                  0004a978    00000004     sys_startup.obj (.text:handlePLLLockFail)
                  0004a97c    00000004     sys_phantom.obj (.text:phantomInterrupt)
                  0004a980    00000004     rtsv7R4_A_be_eabi.lib : div0.asm.obj (.text)

.const     0    0004a988    00000aa8     
                  0004a988    000003a0     het.obj (.const:het1PROGRAM)
                  0004ad28    00000200     bq76pl455.obj (.const:crc16_table)
                  0004af28    00000180     sys_vim.obj (.const:s_vim_init)
                  0004b0a8    00000101     rtsv7R4_A_be_eabi.lib : ctype.c.obj (.const:.string:_ctypes_)
                  0004b1a9    00000007                           : _scanfi.c.obj (.const:.string:flit$1)
                  0004b1b0    00000080                           : strtod.c.obj (.const:digits)
                  0004b230    0000004c     LC3AppInfo.obj (.const:.string)
                  0004b27c    00000002     lcfu___fmemw_real.obj (.const:$P$T1$2)
                  0004b27e    00000002     lcfu___fmemw_real.obj (.const:$P$T2$3)
                  0004b280    00000048     rtsv7R4_A_be_eabi.lib : strtod.c.obj (.const:powerof10)
                  0004b2c8    00000040     lcfu___safety_power.obj (.const:tokenAnswers)
                  0004b308    00000038     bq76pl455.obj (.const:commTimeoutShutdown)
                  0004b340    00000020     canbus.obj (.const:canByteOrder)
                  0004b360    00000018     lcfu___fmemw_real.obj (.const:$P$T0$1)
                  0004b378    00000018     LC3AppInfo.obj (.const)
                  0004b390    00000010     rtsv7R4_A_be_eabi.lib : e_fmod.c.obj (.const:Zero)
                  0004b3a0    00000010                           : e_pow.c.obj (.const:bp)
                  0004b3b0    00000010                           : e_pow.c.obj (.const:dp_h)
                  0004b3c0    00000010                           : e_pow.c.obj (.const:dp_l)
                  0004b3d0    0000000f     LC3GV_EPDB.obj (.const:.string)
                  0004b3df    00000001     --HOLE-- [fill = 0]
                  0004b3e0    0000000c     LC3PI_EPDB_PROGRAM1.obj (.const:.string)
                  0004b3ec    0000000c     LC3Task_DEFAULTTASK.obj (.const:.string)
                  0004b3f8    0000000c     adc.obj (.const:s_adcFiFoSize)
                  0004b404    00000008     isabellaCan.obj (.const:.string:$P$T0$1)
                  0004b40c    00000008     isabellaCan.obj (.const:.string:$P$T1$2)
                  0004b414    00000008     isabellaCan.obj (.const:.string:$P$T4$5)
                  0004b41c    00000008     rtsv7R4_A_be_eabi.lib : e_fmodf.c.obj (.const:Zero)
                  0004b424    00000006     isabellaCan.obj (.const:$P$T2$3)
                  0004b42a    00000006     rtsv7R4_A_be_eabi.lib : _scanfi.c.obj (.const:.string:barr$2)

.kernelBSS 
*          0    08000400    00000104     UNINITIALIZED
                  08000400    000000d0     os_tasks.obj (.kernelBSS:uninit)
                  080004d0    00000034     os_tasks.obj (.kernelBSS:init)

.kernelHEAP 
*          0    08000600    00002000     UNINITIALIZED
                  08000600    00002000     os_heap.obj (.kernelHEAP)

.bss       0    08002800    00003c6e     UNINITIALIZED
                  08002800    00003350     (.common:LC_ProgramInstanceData_PROGRAM1)
                  08005b50    00000200     IS25.obj (.bss:flashRAM$2)
                  08005d50    00000138     (.common:plStack)
                  08005e88    000000ac     (.common:battStack)
                  08005f34    00000090     (.common:isabelcfg)
                  08005fc4    00000080     (.common:adcData)
                  08006044    00000080     (.common:rs_inBuf)
                  080060c4    00000080     (.common:rs_outBuf)
                  08006144    00000074     (.common:toBattStack)
                  080061b8    00000060     (.common:anlgData)
                  08006218    00000048     spi.obj (.bss:g_spiPacket_t)
                  08006260    00000040     (.common:LC_TASK_StringStackBuffer_DEFAULTTASK)
                  080062a0    00000030     (.common:boxQue)
                  080062d0    0000002c     (.common:rsCom)
                  080062fc    00000004     (.common:LC_minPriority)
                  08006300    00000028     (.common:logiTask)
                  08006328    00000028     (.common:tmsPrpMutex)
                  08006350    00000024     (.common:boxBuf1)
                  08006374    00000018     flash_task.obj (.bss:flashRxMessage$1)
                  0800638c    00000018     (.common:rs_in)
                  080063a4    00000018     (.common:rs_out)
                  080063bc    00000014     sci.obj (.bss:g_sciTransfer_t)
                  080063d0    00000014     (.common:boxBuf2)
                  080063e4    0000000c     (.common:fromBattStack)
                  080063f0    00000008     os_heap.obj (.bss:xStart)
                  080063f8    00000008     (.common:ticksPerSec)
                  08006400    00000004     (.common:battMailbox)
                  08006404    00000004     (.common:battStackMutex)
                  08006408    00000004     (.common:bcuMailbox)
                  0800640c    00000004     (.common:codeImageInfo)
                  08006410    00000004     (.common:ep)
                  08006414    00000004     (.common:epIdx)
                  08006418    00000004     (.common:epTask)
                  0800641c    00000004     (.common:fingerprint)
                  08006420    00000004     (.common:flashMutex)
                  08006424    00000004     (.common:flashTaskQueueMailBox)
                  08006428    00000004     (.common:flashTaskResponse)
                  0800642c    00000004     (.common:flashboxes)
                  08006430    00000004     (.common:j)
                  08006434    00000004     (.common:lastMeasurement)
                  08006438    00000004     (.common:lastMeasurement1)
                  0800643c    00000004     (.common:lastMeasurement11)
                  08006440    00000004     (.common:lastMeasurement12)
                  08006444    00000004     (.common:resourceName)
                  08006448    00000004     (.common:safetyTick)
                  0800644c    00000004     (.common:task)
                  08006450    00000004     (.common:taskIdx)
                  08006454    00000004     (.common:testTick)
                  08006458    00000004     (.common:usart1in)
                  0800645c    00000004     (.common:usart1out)
                  08006460    00000004     (.common:usart2in)
                  08006464    00000004     (.common:usart2out)
                  08006468    00000002     flash_task.obj (.bss:fResponseTxMessage$2)
                  0800646a    00000001     (.common:currentTokenValue)
                  0800646b    00000001     (.common:flashTaskState)
                  0800646c    00000001     (.common:g_LC3_GVInstanceData)
                  0800646d    00000001     (.common:tpsstate)

.data      0    08006470    0000025c     UNINITIALIZED
                  08006470    00000088     LC3GV_EPDB.obj (.data:LC_vg_GV_EPDB)
                  080064f8    00000088     LC3PI_EPDB_PROGRAM1.obj (.data:LC_vg_PI_EPDB_PROGRAM1)
                  08006580    00000050     isabellaCan.obj (.data:isaRx)
                  080065d0    00000048     LC3Task_DEFAULTTASK.obj (.data:LC_vg_Task_DEFAULTTASK)
                  08006618    00000030     can_box_deliver.obj (.data:canDeliverLines)
                  08006648    00000010     isabellaCan.obj (.data:isaTx)
                  08006658    00000010     main.obj (.data)
                  08006668    00000010     os_heap.obj (.data)
                  08006678    0000000c     LC3Task_DEFAULTTASK.obj (.data:LC_vg_StringStack_DEFAULTTASK)
                  08006684    00000008     LC3GV_EPDB.obj (.data:LC_GV_CCED)
                  0800668c    00000008     LC3PI_CCED_PROGRAM1.obj (.data:LC_vg_CCED_PROGRAM1)
                  08006694    00000008     LC3_EPDB.obj (.data:LC_vg_EPDBTable)
                  0800669c    00000008     battStack.obj (.data)
                  080066a4    00000008     os_port.obj (.data)
                  080066ac    00000006     plStack.obj (.data)
                  080066b2    00000001     lcfu___safety_power.obj (.data)
                  080066b3    00000001     --HOLE--
                  080066b4    00000004     LC3Task.obj (.data:LC_vg_TaskTable)
                  080066b8    00000004     can_box_deliver.obj (.data)
                  080066bc    00000004     IS25.obj (.data:conf_IS25_spi)
                  080066c0    00000004     tps65381.obj (.data:conf_tps_spi)
                  080066c4    00000004     isabellaCan.obj (.data)
                  080066c8    00000004     rtsv7R4_A_be_eabi.lib : errno.c.obj (.data)

__llvm_prf_cnts 
*          0    08002800    00000000     UNINITIALIZED

MODULE SUMMARY

       Module                              code     ro data   rw data
       ------                              ----     -------   -------
    .\
       sci.obj                             900      0         20     
       sys_intvecs.obj                     32       0         0      
    +--+-----------------------------------+--------+---------+---------+
       Total:                              932      0         20     
                                                                     
    .\ADC_TMS\
       adc_tms.obj                         1536     0         240    
    +--+-----------------------------------+--------+---------+---------+
       Total:                              1536     0         240    
                                                                     
    .\BATTERY1\PL455\
       bq76pl455.obj                       11323    568       0      
       plStack.obj                         3312     0         318    
    +--+-----------------------------------+--------+---------+---------+
       Total:                              14635    568       318    
                                                                     
    .\BATTERY1\batt_OS\
       battStack.obj                       3012     0         184    
       battStackOsPort.obj                 316      0         8      
    +--+-----------------------------------+--------+---------+---------+
       Total:                              3328     0         192    
                                                                     
    .\CAN\src\
       canbus.obj                          2376     32        0      
       can_box_deliver.obj                 712      0         156    
       can64_bit_opr.obj                   332      0         0      
    +--+-----------------------------------+--------+---------+---------+
       Total:                              3420     32        156    
                                                                     
    .\FLASH\FLASH_IS25\
       IS25.obj                            1492     0         516    
    +--+-----------------------------------+--------+---------+---------+
       Total:                              1492     0         516    
                                                                     
    .\FLASH\MEM_OPR\
       memOpr.obj                          148      0         0      
    +--+-----------------------------------+--------+---------+---------+
       Total:                              148      0         0      
                                                                     
    .\FLASH\flashTask\
       flash_task.obj                      688      0         35     
       flash_box_deliver.obj               160      0         4      
    +--+-----------------------------------+--------+---------+---------+
       Total:                              848      0         39     
                                                                     
    .\FLASH\flashmutex\
       flashMutex.obj                      48       0         4      
    +--+-----------------------------------+--------+---------+---------+
       Total:                              48       0         4      
                                                                     
    .\ISABEL\
       isabellaCan.obj                     2472     30        100    
       isabelcfg.obj                       760      0         144    
    +--+-----------------------------------+--------+---------+---------+
       Total:                              3232     30        244    
                                                                     
    .\LOGICAD\LOGI.CALS\nRTS\
       LCAPI_GenCode.obj                   1008     0         0      
    +--+-----------------------------------+--------+---------+---------+
       Total:                              1008     0         0      
                                                                     
    .\LOGICAD\LOGI.CALS\uRTS3\
       MBRTMain.obj                        28       0         0      
    +--+-----------------------------------+--------+---------+---------+
       Total:                              28       0         0      
                                                                     
    .\LOGICAD\com.logicals.lc3.library.standard__3.2.2\SOURCES\
       lcfu_iec61131__CONVERT.obj          668      0         0      
       lcfu_iec61131__ENDIAN.obj           336      0         0      
       lcfu_iec61131__TP.obj               308      0         0      
       lcfu_iec61131__TOF.obj              256      0         0      
       lcfu_iec61131__TON.obj              256      0         0      
       lcfu_iec61131__CTU.obj              240      0         0      
    +--+-----------------------------------+--------+---------+---------+
       Total:                              2064     0         0      
                                                                     
    .\LS0432_rtos_bmsmu\source\
       os_heap.obj                         1512     0         8216   
       os_tasks.obj                        6016     0         260    
       sys_selftest.obj                    5060     0         0      
       os_queue.obj                        3112     0         0      
       spi.obj                             2288     0         72     
       os_port.obj                         1340     0         8      
       het.obj                             396      928       0      
       sys_vim.obj                         888      384       0      
       os_portasm.obj                      944      0         0      
       adc.obj                             896      12        0      
       system.obj                          848      0         0      
       errata_SSWF021_45.obj               772      0         0      
       sys_core.obj                        720      0         0      
       os_mpu_wrappers.obj                 616      0         0      
       esm.obj                             580      0         0      
       os_list.obj                         568      0         0      
       sys_startup.obj                     536      0         0      
       gio.obj                             436      0         0      
       dabort.obj                          232      0         0      
       sys_pmu.obj                         224      0         0      
       pinmux.obj                          196      0         0      
       notification.obj                    120      0         0      
       sys_phantom.obj                     4        0         0      
    +--+-----------------------------------+--------+---------+---------+
       Total:                              28304    1324      8556   
                                                                     
    .\TPS\
       tps65381.obj                        124      0         4      
    +--+-----------------------------------+--------+---------+---------+
       Total:                              124      0         4      
                                                                     
    .\UART1\
       chUart_qrbCom.obj                   240      0         348    
    +--+-----------------------------------+--------+---------+---------+
       Total:                              240      0         348    
                                                                     
    .\UART1\uart_ex\
       uart_ext.obj                        1072     0         16     
       qrb_ex.obj                          724      0         0      
    +--+-----------------------------------+--------+---------+---------+
       Total:                              1796     0         16     
                                                                     
    .\logi\src-gen\
       lcpu___hemabattery.obj              32832    0         0      
       lcfu___bcu_fault_codes.obj          7272     0         0      
       lcfu___cms_ivt.obj                  5868     0         0      
       lcfu___essstate1.obj                3104     0         0      
       lcfu___bcu_state_message.obj        2464     0         0      
       lcfu___chargestate.obj              1684     0         0      
       lcfu___gui.obj                      1672     0         0      
       lcfu___max_min_voltage_status.obj   1512     0         0      
       lcfu___bcu_status2.obj              1448     0         0      
       lcfu___socstate.obj                 1320     0         0      
       lcfu___bcu_cell_status.obj          1288     0         0      
       lcfu___balance_isz.obj              1284     0         0      
       lcfu___bcu_id.obj                   1192     0         0      
       lcfu___bcu_battery_status.obj       1128     0         0      
       lcfu___hvcu_control_state.obj       968      0         0      
       lcfu___wflt.obj                     956      0         0      
       lcfu___can_test.obj                 940      0         0      
       lcfu___ampmulttempdis.obj           920      0         0      
       lcfu___dgtin.obj                    836      0         0      
       lcfu___hvcu_config.obj              808      0         0      
       lcfu___ampmulttemp.obj              800      0         0      
       lcfu___ampmultvoltchar.obj          748      0         0      
       lcfu___ampmultvoltdisc.obj          744      0         0      
       lcfu___wbit.obj                     704      0         0      
       lcfu___rbit.obj                     440      0         0      
       lcfu___arr2val.obj                  404      0         0      
       lcfu___socisz.obj                   316      0         0      
       lcfu___flash.obj                    312      0         0      
       lcfu___numofcells.obj               272      0         0      
       lcfu___tbuffer.obj                  168      0         0      
       lcfu___buffer.obj                   160      0         0      
    +--+-----------------------------------+--------+---------+---------+
       Total:                              74564    0         0      
                                                                     
    .\logi\src-gen\localconfiguration\local.builtinplc\
       LC3AppInfo.obj                      176      100       0      
       LC3GV_EPDB.obj                      0        15        144    
       LC3_EPDB.obj                        60       0         8      
       LC3Task.obj                         60       0         4      
       LC3GV.obj                           36       0         1      
    +--+-----------------------------------+--------+---------+---------+
       Total:                              332      115       157    
                                                                     
    .\logi\src-gen\localconfiguration\local.builtinplc\instances\
       LC3PI_INSTANCE_DATA_PROGRAM1.obj    0        0         13136  
       LC3PI_EPDB_PROGRAM1.obj             0        12        136    
       LC3PI_CCED_PROGRAM1.obj             0        0         8      
    +--+-----------------------------------+--------+---------+---------+
       Total:                              0        12        13280  
                                                                     
    .\logi\src-gen\localconfiguration\local.builtinplc\tasks\
       LC3Task_DEFAULTTASK.obj             0        12        148    
    +--+-----------------------------------+--------+---------+---------+
       Total:                              0        12        148    
                                                                     
    .\logi\src-gen\localconfiguration\local.builtinplc\types\
       LC3PT_HEMABATTERY.obj               73508    0         0      
    +--+-----------------------------------+--------+---------+---------+
       Total:                              73508    0         0      
                                                                     
    .\logi\src\srcBCU\
       lcfu___battstackinfo.obj            1624     0         0      
       lcfu___battstack.obj                1300     0         128    
       lcfu___safety_power.obj             816      64        11     
       lcfu___updowncnttim.obj             404      0         0      
    +--+-----------------------------------+--------+---------+---------+
       Total:                              4144     64        139    
                                                                     
    .\logi\src\srcCommon\
       lcfu___bamtx.obj                    1508     0         0      
       lcfu___canrecv.obj                  1420     0         0      
       lcfu___cansend.obj                  1256     0         0      
       lcfu___ntc.obj                      352      0         0      
       lcfu___iowr.obj                     196      0         0      
       lcfu___isabelinit.obj               180      0         0      
       lcfu___iord.obj                     112      0         0      
       lcfu___anlg.obj                     92       0         0      
    +--+-----------------------------------+--------+---------+---------+
       Total:                              5116     0         0      
                                                                     
    .\logi\src\srcCommon\GUIcfg\
       lcfu___guicfg_int.obj               160      0         0      
       lcfu___guicfg_real.obj              160      0         0      
    +--+-----------------------------------+--------+---------+---------+
       Total:                              320      0         0      
                                                                     
    .\logi\src\srcCommon\MEM\
       lcfu___rmem_real.obj                264      0         0      
    +--+-----------------------------------+--------+---------+---------+
       Total:                              264      0         0      
                                                                     
    .\logi\src\srcCommon\flashMem_v2\
       lcfu___fmemw_real.obj               924      28        0      
    +--+-----------------------------------+--------+---------+---------+
       Total:                              924      28        0      
                                                                     
    .\spicustom\
       spiRxTx.obj                         612      0         0      
    +--+-----------------------------------+--------+---------+---------+
       Total:                              612      0         0      
                                                                     
    .\src\
       main.obj                            2712     0         104    
       ConfigRead.obj                      1868     0         0      
    +--+-----------------------------------+--------+---------+---------+
       Total:                              4580     0         104    
                                                                     
    .\tmsOS\
       tmsOsPeripheral.obj                 460      0         40     
    +--+-----------------------------------+--------+---------+---------+
       Total:                              460      0         40     
                                                                     
    C:\ti\ccs1281\ccs\tools\compiler\ti-cgt-arm_20.2.7.LTS\lib\rtsv7R4_A_be_eabi.lib
       _scanfi.c.obj                       4600     13        0      
       e_pow.c.obj                         3724     48        0      
       strtod.c.obj                        1636     200       0      
       e_log.c.obj                         1420     0         0      
       e_logf.c.obj                        908      0         0      
       e_fmod.c.obj                        804      16        0      
       strtoll.c.obj                       712      0         0      
       ull_div32.asm.obj                   692      0         0      
       strtoull.c.obj                      576      0         0      
       fd_add32.asm.obj                    532      0         0      
       strtol.c.obj                        500      0         0      
       e_sqrt.c.obj                        492      0         0      
       fd_cmp32.asm.obj                    448      0         0      
       strtoul.c.obj                       440      0         0      
       e_fmodf.c.obj                       404      8         0      
       fd_div32.asm.obj                    400      0         0      
       memcpy32.asm.obj                    384      0         0      
       s_floor.c.obj                       344      0         0      
       sscanf.c.obj                        332      0         0      
       fs_add32.asm.obj                    308      0         0      
       fd_mul32.asm.obj                    296      0         0      
       s_scalbn.c.obj                      288      0         0      
       fs_cmp32.asm.obj                    272      0         0      
       ctype.c.obj                         0        257       0      
       s_modf.c.obj                        232      0         0      
       fs_div32.asm.obj                    212      0         0      
       memset32.asm.obj                    176      0         0      
       fs_mul32.asm.obj                    168      0         0      
       fd_tos32.asm.obj                    156      0         0      
       ll_div32.asm.obj                    152      0         0      
       copy_decompress_lzss.c.obj          144      0         0      
       fd_toll32.asm.obj                   140      0         0      
       s_modff.c.obj                       140      0         0      
       atoi.c.obj                          132      0         0      
       fs_toll32.asm.obj                   132      0         0      
       autoinit.c.obj                      104      0         0      
       fd_toi32.asm.obj                    92       0         0      
       fs_tod32.asm.obj                    92       0         0      
       fd_tou32.asm.obj                    88       0         0      
       i_div32.asm.obj                     84       0         0      
       u_div32.asm.obj                     80       0         0      
       fs_toi32.asm.obj                    76       0         0      
       i_tofs32.asm.obj                    76       0         0      
       ull_tofd32.asm.obj                  64       0         0      
       i_tofd32.asm.obj                    60       0         0      
       u_tofs32.asm.obj                    56       0         0      
       memcmp.c.obj                        52       0         0      
       strncmp.c.obj                       52       0         0      
       u_tofd32.asm.obj                    52       0         0      
       strrchr.c.obj                       44       0         0      
       strchr.c.obj                        40       0         0      
       ll_lsl32.asm.obj                    36       0         0      
       ll_lsr32.asm.obj                    36       0         0      
       strlen.c.obj                        32       0         0      
       strcpy.c.obj                        24       0         0      
       copy_decompress_none.c.obj          20       0         0      
       copy_zero_init.c.obj                16       0         0      
       errno.c.obj                         12       0         4      
       s_copysign.c.obj                    12       0         0      
       exit.c.obj                          8        0         0      
       div0.asm.obj                        4        0         0      
    +--+-----------------------------------+--------+---------+---------+
       Total:                              23608    542       4      
                                                                     
       Linker Generated:                   0        281       0      
    +--+-----------------------------------+--------+---------+---------+
       Grand Total:                        251615   3008      24525  


LINKER GENERATED COPY TABLES

__TI_cinit_table @ 0000ee80 records: 4, size/record: 8, table size: 32
	.data: load addr=0000ed80, load size=000000d4 bytes, run addr=08006470, run size=0000025c bytes, compression=lzss
	.kernelBSS: load addr=0000ee60, load size=00000009 bytes, run addr=08000400, run size=00000104 bytes, compression=lzss
	.bss: load addr=0000ee70, load size=00000008 bytes, run addr=08002800, run size=00003c6e bytes, compression=zero_init
	.kernelHEAP: load addr=0000ee78, load size=00000008 bytes, run addr=08000600, run size=00002000 bytes, compression=zero_init


LINKER GENERATED HANDLER TABLE

__TI_handler_table @ 0000ee54 records: 3, size/record: 4, table size: 12
	index: 0, handler: __TI_decompress_lzss
	index: 1, handler: __TI_decompress_none
	index: 2, handler: __TI_zero_init


GLOBAL SYMBOLS: SORTED ALPHABETICALLY BY Name 

address   name                                          
-------   ----                                          
00031368  BATTSTACK                                     
0004a968  C$$EXIT                                       
000473f4  CRC16                                         
00033978  ConfigRead                                    
0004a8a4  Dprintf                                       
0004824c  Flash_Que_Init                                
0003eeb8  Flash_Task_Handler                            
000493bc  Flash_Task_Init                               
000482c0  IS25_init                                     
0003f290  IS25_progMem_reduced                          
000487a0  IS25_readMem                                  
00049fe4  IS25_receive                                  
00049c18  IS25_rxBuffer                                 
0004940c  IS25_sectorErase                              
00049dd8  IS25_transmit                                 
00049c58  IS25_txBuffer                                 
0004a408  IS25_waitWIP                                  
000400c4  IS25_writeMem                                 
080066c4  ISABELCAN                                     
0003dd2c  ISABELLA_init                                 
00047968  ISA_getConfigResult                           
00045c78  ISA_getDeviceID                               
000468f8  ISA_getSerialNumber                           
00049ac4  ISA_rxCan                                     
00047bfc  ISA_rxCanWithTmt                              
000469a4  ISA_setMode                                   
00046a50  ISA_setconfigResult                           
000456e4  ISA_storeConfigItems                          
0004a018  ISA_txCan                                     
0004a708  LC3_qw_get_current_time_ep                    
0004954c  LC_GC_EP_callEntry                            
0004945c  LC_GC_EP_callInitCold                         
000497ac  LC_GC_EP_getName                              
000497f4  LC_GC_EP_getTask                              
00049598  LC_GC_Task_getInterval                        
0004983c  LC_GC_Task_getName                            
00049884  LC_GC_Task_getPriority                        
00049e14  LC_GC_getCodeImageInfo                        
00049c98  LC_GC_getFingerprint                          
0004a288  LC_GC_getNumEPs                               
0004a2b8  LC_GC_getNumTasks                             
00049e50  LC_GC_getResourceName                         
00049f04  LC_GC_getTimerFreq                            
000495e4  LC_GC_queryEP                                 
00049630  LC_GC_queryTask                               
08006684  LC_GV_CCED                                    
0004a5b0  LC_GV_Init                                    
00049e8c  LC_PT_Exec_HEMABATTERY                        
00010024  LC_PT_Init_HEMABATTERY                        
08002800  LC_ProgramInstanceData_PROGRAM1               
08006260  LC_TASK_StringStackBuffer_DEFAULTTASK         
080062fc  LC_minPriority                                
000451f0  LC_task                                       
0800668c  LC_vg_CCED_PROGRAM1                           
08006694  LC_vg_EPDBTable                               
08006470  LC_vg_GV_EPDB                                 
080064f8  LC_vg_PI_EPDB_PROGRAM1                        
08006678  LC_vg_StringStack_DEFAULTTASK                 
080066b4  LC_vg_TaskTable                               
080065d0  LC_vg_Task_DEFAULTTASK                        
000498cc  LCfu_iec61131__CONVERT_roundhalfevenF         
0004a04c  LCfu_iec61131__CONVERT_roundhalfevenF_unsigned
00049b08  LCfu_iec61131__CONVERT_roundhalfeven_unsigned 
0004a5d4  LCfu_iec61131__ENDIAN_Swap2                   
00049cd8  LCfu_iec61131__ENDIAN_Swap4                   
0004401c  LCfu_iec61131__ENDIAN_Swap8                   
0004a080  LCocc_queryEP                                 
0004a958  LCocc_queryEPCount                            
0004a0b4  LCocc_queryTASK                               
0004a960  LCocc_queryTASKCount                          
0004a724  LED1_off                                      
0004a970  LED2_off                                      
0004a688  LEDs_init                                     
0004a434  MPU_vTaskDelay                                
0004a0e8  MPU_vTaskDelayUntil                           
0004a5f8  MPU_vTaskSuspendAll                           
0004a11c  MPU_xQueueCreateMutex                         
0004967c  MPU_xQueueGenericCreate                       
000491c4  MPU_xQueueGenericReceive                      
00049218  MPU_xQueueGenericSend                         
00048d04  MPU_xTaskCreate                               
0004a460  MPU_xTaskGetTickCount                         
0004a48c  MPU_xTaskResumeAll                            
00046410  NTC_tempSteinhartK                            
000457b0  NTCtemp                                       
00041044  PL455_frmFsmDecode                            
0004a82c  PL455_intSet                                  
000415bc  PL455_readReg                                 
00047c7c  PL455_rxFrame                                 
00048490  PL455_rxFrameWithTimeout                      
0003f474  PL455_writeFrame                              
00037944  PL455_writeReg                                
0004a2e8  PL_channel2V                                  
0004a318  PL_channel2mv                                 
00044a18  PLchain_avCellSense                           
00048500  PLchain_clrCellBal                            
00041fc4  PLchain_displayChannelVoltages                
00047cfc  PLchain_getBalReg                             
0004880c  PLchain_handleFault                           
0002ff50  PLchain_init                                  
00042708  PLchain_maxAuxSense                           
00043358  PLchain_maxCellSense                          
00041708  PLchain_minAuxSense                           
00042ce0  PLchain_minCellSense                          
00042968  PLchain_sampleAndReadNodeChannels             
00047e7c  PLchain_setCellBalThres                       
00046afc  PLchain_shutDown                              
00046ba8  PLchain_totalCellSense                        
000324f4  PLfaults                                      
00049b4c  PLnode_getCellBalancing                       
0003e680  PLnode_getChannels                            
00046110  PLnode_setCellBalThres                        
00047748  PLnode_setCellBalancing                       
00043b64  PLstack_aux2CellTab                           
0004a7cc  PLstack_avCellV                               
00049914  PLstack_boardBalReg                           
0004995c  PLstack_boardCellNum                          
000499a4  PLstack_boardFault                            
00048878  PLstack_cell2AuxTab                           
00047ef8  PLstack_cellV                                 
0004587c  PLstack_channelV                              
0004a840  PLstack_clrBalThres                           
0004a8b4  PLstack_commTimeoutMsShutdown                 
000488e4  PLstack_countNodes                            
0004a61c  PLstack_fault                                 
0004a854  PLstack_getBalReg                             
00040d4c  PLstack_getFault                              
0003fb9c  PLstack_init                                  
0004a510  PLstack_maxCellV                              
00044af8  PLstack_maxTempAux                            
0004a348  PLstack_measurement                           
0004a538  PLstack_minCellV                              
00044bd8  PLstack_minTempAux                            
0004a8c4  PLstack_numofBoards                           
0004a740  PLstack_setBalThres                           
0004a934  PLstack_shutdown                              
00045d3c  PLstack_tempAux                               
00048950  PLstack_totalCellNum                          
0004a7e4  PLstack_totalCellV                            
UNDEFED   SHT$$INIT_ARRAY$$Base                         
UNDEFED   SHT$$INIT_ARRAY$$Limit                        
00042a90  SPI_rxBuffer                                  
00041c10  SPI_txBuffer                                  
00048a94  SpiRxStatus                                   
00048afc  SpiTxStatus                                   
00043d4c  UARTx_initHW                                  
0003f81c  UARTx_sendData                                
000472c4  UARTx_writeChar                               
0000ee80  __TI_CINIT_Base                               
0000eea0  __TI_CINIT_Limit                              
0000ee54  __TI_Handler_Table_Base                       
0000ee60  __TI_Handler_Table_Limit                      
0003cfc8  __TI_PINIT_Base                               
0003cfcc  __TI_PINIT_Limit                              
00048b64  __TI_auto_init_nobinit_nopinit                
00047488  __TI_decompress_lzss                          
0004a87c  __TI_decompress_none                          
ffffffff  __TI_pprof_out_hndl                           
ffffffff  __TI_prof_data_size                           
ffffffff  __TI_prof_data_start                          
0002d29c  __TI_scanfi                                   
0000ed80  __TI_static_base__                            
0004a8e4  __TI_zero_init                                
00044cb8  __aeabi_cdcmpeq                               
00044cb8  __aeabi_cdcmple                               
00044d98  __aeabi_cdrcmple                              
000477d0  __aeabi_cfcmpeq                               
000477d0  __aeabi_cfcmple                               
00047858  __aeabi_cfrcmple                              
00047228  __aeabi_d2f                                   
00048fac  __aeabi_d2iz                                  
00047630  __aeabi_d2lz                                  
000490bc  __aeabi_d2uiz                                 
0003eabc  __aeabi_dadd                                  
000408b4  __aeabi_ddiv                                  
00042bb8  __aeabi_dmul                                  
0003eab0  __aeabi_dsub                                  
0004a940  __aeabi_errno_addr                            
00049008  __aeabi_f2d                                   
000496c8  __aeabi_f2iz                                  
[...]
00044fa4  _pmuEnableCountersGlobal_                     
00044fb4  _pmuDisableCountersGlobal_                    
00044fc4  _pmuResetCycleCounter_                        
00044fd4  _pmuResetEventCounters_                       
00044fe4  _pmuResetCounters_                            
00044ff4  _pmuStartCounters_                            
00044ffc  _pmuStopCounters_                             
00045004  _pmuSetCountEvent_                            
00045010  _pmuGetCycleCount_                            
00045018  _pmuGetEventCount_                            
00045024  _pmuGetOverflow_                              
00045038  can1ParityCheck                               
00045114  can2ParityCheck                               
000451f0  LC_task                                       
000452c8  isaGetCfgResultData                           
000453a0  __aeabi_fdiv                                  
00045614  sciSetBaudrate                                
000456e4  ISA_storeConfigItems                          
000457b0  NTCtemp                                       
0004587c  PLstack_channelV                              
00045a14  getLine                                       
00045ae0  initSystemCanBoxStorage                       
00045bac  systemInit                                    
00045c78  ISA_getDeviceID                               
00045d3c  PLstack_tempAux                               
00045e00  gioInit                                       
00045ec4  lcfu___IOWR                                   
00045f88  muxInit                                       
0004604c  vListInsert                                   
00046110  PLnode_setCellBalThres                        
000461d0  efcStuckZeroTest                              
00046290  htu1ParityCheck                               
00046350  vimParityCheck                                
00046410  NTC_tempSteinhartK                            
000464cc  adc1ParityCheck                               
00046584  lcfu___ISABELINIT                             
00046638  het1ParityCheck                               
000466e8  lc_get_application_info                       
00046798  __aeabi_memclr                                
00046798  __aeabi_memclr4                               
00046798  __aeabi_memclr8                               
0004679c  __aeabi_memset                                
0004679c  __aeabi_memset4                               
0004679c  __aeabi_memset8                               
000467a8  memset                                        
00046848  tmsMutex_getModule                            
000468f8  ISA_getSerialNumber                           
000469a4  ISA_setMode                                   
00046a50  ISA_setconfigResult                           
00046afc  PLchain_shutDown                              
00046ba8  PLchain_totalCellSense                        
00046d00  checkefcSelfTest                              
00046dac  emptyIsabelRxCan                              
00046e54  lcfu___TBUFFER                                
00046efc  __aeabi_fmul                                  
00046fa4  isaSetCfgResultData                           
00047048  lcfu___BUFFER                                 
000470e8  lcfu___GUICFG_INT                             
00047188  lcfu___GUICFG_REAL                            
00047228  __aeabi_d2f                                   
000472c4  UARTx_writeChar                               
0004735c  __aeabi_ldivmod                               
000473f4  CRC16                                         
00047488  __TI_decompress_lzss                          
00047518  efcCheck                                      
000475a4  modff                                         
00047630  __aeabi_d2lz                                  
000476bc  uxListRemove                                  
00047748  PLnode_setCellBalancing                       
000477d0  __aeabi_cfcmpeq                               
000477d0  __aeabi_cfcmple                               
00047858  __aeabi_cfrcmple                              
000478e0  het1HighLevelInterrupt                        
00047968  ISA_getConfigResult                           
000479ec  atoi                                          
00047af4  pushBoxToCh                                   
00047b78  __aeabi_f2lz                                  
00047bfc  ISA_rxCanWithTmt                              
00047c7c  PL455_rxFrame                                 
00047cfc  PLchain_getBalReg                             
00047d7c  battStackPort_readMail                        
00047dfc  qrbx_enqueue                                  
00047e7c  PLchain_setCellBalThres                       
00047ef8  PLstack_cellV                                 
00047f74  canbusWaitForBox                              
00047ff0  tps65381_readWrite                            
0004806c  battStackPort_sendMail                        
000480e4  getNodeChannel                                
000481d4  trimLPO                                       
0004824c  Flash_Que_Init                                
000482c0  IS25_init                                     
00048334  pbistFail                                     
000483a8  qrbx_dequeue                                  
0004841c  vListInsertEnd                                
00048490  PL455_rxFrameWithTimeout                      
00048500  PLchain_clrCellBal                            
00048570  initSystemFlashBoxStorage                     
000485e0  init_BATTSTACK                                
00048650  isTimeout                                     
000486c0  lcfu___IORD                                   
00048730  pullBoxFromCh                                 
000487a0  IS25_readMem                                  
0004880c  PLchain_handleFault                           
00048878  PLstack_cell2AuxTab                           
000488e4  PLstack_countNodes                            
00048950  PLstack_totalCellNum                          
00048a28  qrbx_full                                     
00048a94  SpiRxStatus                                   
00048afc  SpiTxStatus                                   
00048b64  __TI_auto_init_nobinit_nopinit                
00048c34  tmsMutex_init                                 
00048c9c  tmsMutex_take                                 
00048d04  MPU_xTaskCreate                               
00048d68  disableParity                                 
00048dcc  enableParity                                  
00048e30  periphInit                                    
00048e94  can64toCanBytes                               
00048ef4  lcfu___ANLG                                   
00048f50  pbistPortTestStatus                           
00048fac  __aeabi_d2iz                                  
00049008  __aeabi_f2d                                   
00049064  gioToggleBit                                  
000490bc  __aeabi_d2uiz                                 
00049114  setupPLL                                      
0004916c  vListInitialise                               
000491c4  MPU_xQueueGenericReceive                      
00049218  MPU_xQueueGenericSend                         
0004926c  memRd_F32                                     
000492c0  __aeabi_idiv                                  
000492c0  __aeabi_idivmod                               
00049314  setupFlash                                    
00049368  sscanf                                        
000493bc  Flash_Task_Init                               
0004940c  IS25_sectorErase                              
0004945c  LC_GC_EP_callInitCold                         
000494ac  gioSetBit                                     
000494fc  __aeabi_uidiv                                 
000494fc  __aeabi_uidivmod                              
0004954c  LC_GC_EP_callEntry                            
00049598  LC_GC_Task_getInterval                        
000495e4  LC_GC_queryEP                                 
00049630  LC_GC_queryTask                               
0004967c  MPU_xQueueGenericCreate                       
000496c8  __aeabi_f2iz                                  
00049714  __aeabi_i2f                                   
00049760  tmsMutex_give                                 
000497ac  LC_GC_EP_getName                              
000497f4  LC_GC_EP_getTask                              
0004983c  LC_GC_Task_getName                            
00049884  LC_GC_Task_getPriority                        
000498cc  LCfu_iec61131__CONVERT_roundhalfevenF         
00049914  PLstack_boardBalReg                           
0004995c  PLstack_boardCellNum                          
000499a4  PLstack_boardFault                            
000499ec  pullBoxFromNode                               
00049a34  pushBoxToNode                                 
00049a7c  qrbx_init                                     
00049ac4  ISA_rxCan                                     
00049b08  LCfu_iec61131__CONVERT_roundhalfeven_unsigned 
00049b4c  PLnode_getCellBalancing                       
00049b90  battStackPort_init                            
00049bd4  memoryInit                                    
00049c18  IS25_rxBuffer                                 
00049c58  IS25_txBuffer                                 
00049c98  LC_GC_getFingerprint                          
00049cd8  LCfu_iec61131__ENDIAN_Swap4                   
00049d18  isLegalAddr                                   
00049d58  __aeabi_ul2d                                  
00049d98  sciEnableNotification                         
00049dd8  IS25_transmit                                 
00049e14  LC_GC_getCodeImageInfo                        
00049e50  LC_GC_getResourceName                         
00049e8c  LC_PT_Exec_HEMABATTERY                        
00049ec8  __aeabi_i2d                                   
00049f04  LC_GC_getTimerFreq                            
00049f3c  efcSelfTest                                   
00049f74  pbistIsTestPassed                             
00049fac  __aeabi_ui2f                                  
00049fe4  IS25_receive                                  
0004a018  ISA_txCan                                     
0004a04c  LCfu_iec61131__CONVERT_roundhalfevenF_unsigned
0004a080  LCocc_queryEP                                 
0004a0b4  LCocc_queryTASK                               
0004a0e8  MPU_vTaskDelayUntil                           
0004a11c  MPU_xQueueCreateMutex                         
0004a150  edgeNotification                              
0004a184  memcmp                                        
0004a1b8  pbistStop                                     
0004a1ec  qrbx_empty                                    
0004a220  __aeabi_ui2d                                  
0004a254  strncmp                                       
0004a288  LC_GC_getNumEPs                               
0004a2b8  LC_GC_getNumTasks                             
0004a2e8  PL_channel2V                                  
0004a318  PL_channel2mv                                 
0004a348  PLstack_measurement                           
0004a378  adcIsConversionComplete                       
0004a3a8  init_flashMutex                               
0004a3d8  pullBoxFromFlash                              
0004a408  IS25_waitWIP                                  
0004a434  MPU_vTaskDelay                                
0004a460  MPU_xTaskGetTickCount                         
0004a48c  MPU_xTaskResumeAll                            
0004a4b8  pbistIsTestCompleted                          
0004a4e4  strrchr                                       
0004a510  PLstack_maxCellV                              
0004a538  PLstack_minCellV                              
0004a560  gioGetBit                                     
0004a588  strchr                                        
0004a5b0  LC_GV_Init                                    
0004a5d4  LCfu_iec61131__ENDIAN_Swap2                   
0004a5f8  MPU_vTaskSuspendAll                           
0004a61c  PLstack_fault                                 
0004a640  __aeabi_llsl                                  
0004a664  __aeabi_llsr                                  
0004a688  LEDs_init                                     
0004a6a8  gioSetDirection                               
0004a6c8  sciSetFunctional                              
0004a6e8  strlen                                        
0004a708  LC3_qw_get_current_time_ep                    
0004a724  LED1_off                                      
0004a740  PLstack_setBalThres                           
0004a778  memoryPort0TestFailNotification               
0004a794  sciIsTxReady                                  
0004a7b0  vListInitialiseItem                           
0004a7cc  PLstack_avCellV                               
0004a7e4  PLstack_totalCellV                            
0004a7fc  pwmNotification                               
0004a814  strcpy                                        
0004a82c  PL455_intSet                                  
0004a840  PLstack_clrBalThres                           
0004a854  PLstack_getBalReg                             
0004a868  customTrimLPO                                 
0004a87c  __TI_decompress_none                          
0004a890  spiNotification                               
0004a8a4  Dprintf                                       
0004a8b4  PLstack_commTimeoutMsShutdown                 
0004a8c4  PLstack_numofBoards                           
0004a8e4  __TI_zero_init                                
0004a8f4  esmGroup1Notification                         
0004a904  esmGroup2Notification                         
0004a914  selftestFailNotification                      
0004a924  spiEndNotification                            
0004a934  PLstack_shutdown                              
0004a940  __aeabi_errno_addr                            
0004a94c  copysign                                      
0004a94c  copysignl                                     
0004a958  LCocc_queryEPCount                            
0004a960  LCocc_queryTASKCount                          
0004a968  C$$EXIT                                       
0004a968  abort                                         
0004a970  LED2_off                                      
0004a974  custom_dabort                                 
0004a978  handlePLLLockFail                             
0004a97c  phantomInterrupt                              
0004a980  __aeabi_idiv0                                 
0004a980  __aeabi_ldiv0                                 
0004ad28  crc16_table                                   
0004b0a8  _ctypes_                                      
0004b2c8  tokenAnswers                                  
0004b308  commTimeoutShutdown                           
080004d0  pxCurrentTCB                                  
08002800  LC_ProgramInstanceData_PROGRAM1               
08002800  __start___llvm_prf_cnts                       
08002800  __stop___llvm_prf_cnts                        
08005d50  plStack                                       
08005e88  battStack                                     
08005f34  isabelcfg                                     
08005fc4  adcData                                       
08006044  rs_inBuf                                      
080060c4  rs_outBuf                                     
08006144  toBattStack                                   
080061b8  anlgData                                      
08006260  LC_TASK_StringStackBuffer_DEFAULTTASK         
080062a0  boxQue                                        
080062d0  rsCom                                         
080062fc  LC_minPriority                                
08006300  logiTask                                      
08006328  tmsPrpMutex                                   
08006350  boxBuf1                                       
0800638c  rs_in                                         
080063a4  rs_out                                        
080063d0  boxBuf2                                       
080063e4  fromBattStack                                 
080063f8  ticksPerSec                                   
08006400  battMailbox                                   
08006404  battStackMutex                                
08006408  bcuMailbox                                    
0800640c  codeImageInfo                                 
08006410  ep                                            
08006414  epIdx                                         
08006418  epTask                                        
0800641c  fingerprint                                   
08006420  flashMutex                                    
08006424  flashTaskQueueMailBox                         
08006428  flashTaskResponse                             
0800642c  flashboxes                                    
08006430  j                                             
08006434  lastMeasurement                               
08006438  lastMeasurement1                              
0800643c  lastMeasurement11                             
08006440  lastMeasurement12                             
08006444  resourceName                                  
08006448  safetyTick                                    
0800644c  task                                          
08006450  taskIdx                                       
08006454  testTick                                      
08006458  usart1in                                      
0800645c  usart1out                                     
08006460  usart2in                                      
08006464  usart2out                                     
0800646a  currentTokenValue                             
0800646b  flashTaskState                                
0800646c  g_LC3_GVInstanceData                          
0800646d  tpsstate                                      
08006470  LC_vg_GV_EPDB                                 
080064f8  LC_vg_PI_EPDB_PROGRAM1                        
08006580  isaRx                                         
080065d0  LC_vg_Task_DEFAULTTASK                        
08006648  isaTx                                         
08006658  i                                             
0800665c  nValidTask                                    
08006660  epCnt                                         
08006664  taskCnt                                       
08006678  LC_vg_StringStack_DEFAULTTASK                 
08006684  LC_GV_CCED                                    
0800668c  LC_vg_CCED_PROGRAM1                           
08006694  LC_vg_EPDBTable                               
0800669c  testFrameCount                                
080066a0  errFrameCount                                 
080066a4  ulCriticalNesting                             
080066a8  ulTaskHasFPUContext                           
080066ac  countTime                                     
080066b0  pl455Fault                                    
080066b1  stt                                           
080066b2  safetyPowerState                              
080066b4  LC_vg_TaskTable                               
080066bc  conf_IS25_spi                                 
080066c0  conf_tps_spi                                  
080066c4  ISABELCAN                                     
080066c8  errno                                         
ffffffff  __TI_pprof_out_hndl                           
ffffffff  __TI_prof_data_size                           
ffffffff  __TI_prof_data_start                          
ffffffff  __binit__                                     
ffffffff  __c_args__                                    
ffffffff  binit                                         
UNDEFED   SHT$$INIT_ARRAY$$Base                         
UNDEFED   SHT$$INIT_ARRAY$$Limit                        
UNDEFED   _system_post_cinit                            

[576 symbols]
